Copyright 1986-2020 Xilinx, Inc. All Rights Reserved.
--------------------------------------------------------------------------------------------
| Tool Version : Vivado v.2020.1 (win64) Build 2902540 Wed May 27 19:54:49 MDT 2020
| Date         : Tue Apr 28 21:14:20 2026
| Host         : DESKTOP-KNMORIL running 64-bit major release  (build 9200)
| Command      : report_control_sets -verbose -file task_b_fpga_top_control_sets_placed.rpt
| Design       : task_b_fpga_top
| Device       : xc7a35t
--------------------------------------------------------------------------------------------

Control Set Information

Table of Contents
-----------------
1. Summary
2. Histogram
3. Flip-Flop Distribution
4. Detailed Control Set Information

1. Summary
----------

+----------------------------------------------------------+-------+
|                          Status                          | Count |
+----------------------------------------------------------+-------+
| Total control sets                                       |   546 |
|    Minimum number of control sets                        |   546 |
|    Addition due to synthesis replication                 |     0 |
|    Addition due to physical synthesis replication        |     0 |
| Unused register locations in slices containing registers |     1 |
+----------------------------------------------------------+-------+
* Control sets can be merged at opt_design using control_set_merge or merge_equivalent_drivers
** Run report_qor_suggestions for automated merging and remapping suggestions


2. Histogram
------------

+--------------------+-------+
|       Fanout       | Count |
+--------------------+-------+
| Total control sets |   546 |
| >= 0 to < 4        |     0 |
| >= 4 to < 6        |     0 |
| >= 6 to < 8        |     0 |
| >= 8 to < 10       |     0 |
| >= 10 to < 12      |     0 |
| >= 12 to < 14      |     0 |
| >= 14 to < 16      |     0 |
| >= 16              |   546 |
+--------------------+-------+
* Control sets can be remapped at either synth_design or opt_design


3. Flip-Flop Distribution
-------------------------

+--------------+-----------------------+------------------------+-----------------+--------------+
| Clock Enable | Synchronous Set/Reset | Asynchronous Set/Reset | Total Registers | Total Slices |
+--------------+-----------------------+------------------------+-----------------+--------------+
| No           | No                    | No                     |               0 |            0 |
| No           | No                    | Yes                    |              52 |           18 |
| No           | Yes                   | No                     |              27 |            8 |
| Yes          | No                    | No                     |               0 |            0 |
| Yes          | No                    | Yes                    |             992 |          438 |
| Yes          | Yes                   | No                     |           16416 |         7143 |
+--------------+-----------------------+------------------------+-----------------+--------------+


4. Detailed Control Set Information
-----------------------------------

+----------------------+----------------------------------------+------------------+------------------+----------------+--------------+
|     Clock Signal     |              Enable Signal             | Set/Reset Signal | Slice Load Count | Bel Load Count | Bels / Slice |
+----------------------+----------------------------------------+------------------+------------------+----------------+--------------+
|  clk_slow            |                                        | btnC_IBUF        |               13 |             32 |         2.46 |
|  clk_slow            | top/cpu/u_pc/mem_reg[0][31]_i_9_47[0]  | btnC_IBUF        |               20 |             32 |         1.60 |
|  clk_slow            | top/cpu/u_pc/mem_reg[0][31]_i_9_54[0]  | btnC_IBUF        |               15 |             32 |         2.13 |
|  clk_slow            | top/cpu/u_pc/mem_reg[0][31]_i_9_58[0]  | btnC_IBUF        |               12 |             32 |         2.67 |
|  clk_slow            | top/cpu/u_pc/mem_reg[0][31]_i_9_60[0]  | btnC_IBUF        |               14 |             32 |         2.29 |
|  clk_slow            | top/cpu/u_pc/mem_reg[0][31]_i_9_51[0]  | btnC_IBUF        |               19 |             32 |         1.68 |
|  clk_slow            | top/cpu/u_pc/mem_reg[0][31]_i_9_48[0]  | btnC_IBUF        |               19 |             32 |         1.68 |
|  clk_slow            | top/cpu/u_pc/mem_reg[0][31]_i_9_29[0]  | btnC_IBUF        |                8 |             32 |         4.00 |
|  clk_slow            | top/cpu/u_pc/mem_reg[0][31]_i_9_2[0]   | btnC_IBUF        |               10 |             32 |         3.20 |
|  clk_slow            | top/cpu/u_pc/mem_reg[0][31]_i_9_20[0]  | btnC_IBUF        |               11 |             32 |         2.91 |
|  clk_slow            | top/cpu/u_pc/mem_reg[0][31]_i_9_39[0]  | btnC_IBUF        |               14 |             32 |         2.29 |
|  clk_slow            | top/cpu/u_pc/mem_reg[0][31]_i_9_46[0]  | btnC_IBUF        |               17 |             32 |         1.88 |
|  clk_slow            | top/cpu/u_pc/mem_reg[0][31]_i_9_16[0]  | btnC_IBUF        |               18 |             32 |         1.78 |
|  clk_slow            | top/cpu/u_pc/mem_reg[0][31]_i_9_52[0]  | btnC_IBUF        |               20 |             32 |         1.60 |
|  clk_slow            | top/cpu/u_pc/mem_reg[0][31]_i_9_33[0]  | btnC_IBUF        |               18 |             32 |         1.78 |
|  clk_slow            | top/cpu/u_pc/mem_reg[0][31]_i_9_53[0]  | btnC_IBUF        |               15 |             32 |         2.13 |
|  clk_slow            | top/cpu/u_pc/mem_reg[0][31]_i_9_61[0]  | btnC_IBUF        |               16 |             32 |         2.00 |
|  clk_slow            | top/cpu/u_pc/mem_reg[0][31]_i_9_62[0]  | btnC_IBUF        |               14 |             32 |         2.29 |
|  clk_slow            | top/cpu/u_pc/mem_reg[0][31]_i_9_65[0]  | btnC_IBUF        |               16 |             32 |         2.00 |
|  clk_slow            | top/cpu/u_pc/mem_reg[0][31]_i_9_12[0]  | btnC_IBUF        |               12 |             32 |         2.67 |
|  clk_slow            | top/cpu/u_pc/mem_reg[0][31]_i_9_35[0]  | btnC_IBUF        |               18 |             32 |         1.78 |
|  clk_slow            | top/cpu/u_pc/mem_reg[0][31]_i_9_43[0]  | btnC_IBUF        |               13 |             32 |         2.46 |
|  clk_slow            | top/cpu/u_pc/mem_reg[0][31]_i_9_21[0]  | btnC_IBUF        |               10 |             32 |         3.20 |
|  clk_slow            | top/cpu/u_pc/mem_reg[0][31]_i_9_26[0]  | btnC_IBUF        |                9 |             32 |         3.56 |
|  clk_slow            | top/cpu/u_pc/mem_reg[0][31]_i_9_30[0]  | btnC_IBUF        |               15 |             32 |         2.13 |
|  clk_slow            | top/cpu/u_pc/mem_reg[0][31]_i_9_32[0]  | btnC_IBUF        |               17 |             32 |         1.88 |
|  clk_slow            | top/cpu/u_pc/mem_reg[0][31]_i_9_27[0]  | btnC_IBUF        |                8 |             32 |         4.00 |
|  clk_slow            | top/cpu/u_pc/mem_reg[0][31]_i_9_3[0]   | btnC_IBUF        |               12 |             32 |         2.67 |
|  clk_slow            | top/cpu/u_pc/mem_reg[0][31]_i_9_10[0]  | btnC_IBUF        |               10 |             32 |         3.20 |
|  clk_slow            | top/cpu/u_pc/mem_reg[0][31]_i_9_38[0]  | btnC_IBUF        |               15 |             32 |         2.13 |
|  clk_slow            | top/cpu/u_pc/mem_reg[0][31]_i_9_18[0]  | btnC_IBUF        |               13 |             32 |         2.46 |
|  clk_slow            | top/cpu/u_pc/mem_reg[0][31]_i_9_45[0]  | btnC_IBUF        |               19 |             32 |         1.68 |
|  clk_slow            | top/cpu/u_pc/mem_reg[0][31]_i_9_49[0]  | btnC_IBUF        |               18 |             32 |         1.78 |
|  clk_slow            | top/cpu/u_pc/mem_reg[0][31]_i_9_15[0]  | btnC_IBUF        |               15 |             32 |         2.13 |
|  clk_slow            | top/cpu/u_pc/mem_reg[0][31]_i_9_55[0]  | btnC_IBUF        |               18 |             32 |         1.78 |
|  clk_slow            | top/cpu/u_pc/mem_reg[0][31]_i_9_34[0]  | btnC_IBUF        |               17 |             32 |         1.88 |
|  clk_slow            | top/cpu/u_pc/mem_reg[0][31]_i_9_57[0]  | btnC_IBUF        |               15 |             32 |         2.13 |
|  clk_slow            | top/cpu/u_pc/mem_reg[0][31]_i_9_11[0]  | btnC_IBUF        |               15 |             32 |         2.13 |
|  clk_slow            | top/cpu/u_pc/mem_reg[0][31]_i_9_59[0]  | btnC_IBUF        |               14 |             32 |         2.29 |
|  clk_slow            | top/cpu/u_pc/mem_reg[0][31]_i_9_6[0]   | btnC_IBUF        |               13 |             32 |         2.46 |
|  clk_slow            | top/cpu/u_pc/mem_reg[0][31]_i_9_50[0]  | btnC_IBUF        |               15 |             32 |         2.13 |
|  clk_slow            | top/cpu/u_pc/mem_reg[0][31]_i_9_63[0]  | btnC_IBUF        |               14 |             32 |         2.29 |
|  clk_slow            | top/cpu/u_pc/mem_reg[0][31]_i_9_5[0]   | btnC_IBUF        |               15 |             32 |         2.13 |
|  clk_slow            | top/cpu/u_pc/mem_reg[0][31]_i_9_36[0]  | btnC_IBUF        |               16 |             32 |         2.00 |
|  clk_slow            | top/cpu/u_pc/mem_reg[0][31]_i_9_64[0]  | btnC_IBUF        |               12 |             32 |         2.67 |
|  clk_slow            | top/cpu/u_pc/mem_reg[0][31]_i_9_66[0]  | btnC_IBUF        |               14 |             32 |         2.29 |
|  clk_slow            | top/cpu/u_pc/mem_reg[0][31]_i_9_67[0]  | btnC_IBUF        |               12 |             32 |         2.67 |
|  clk_slow            | top/cpu/u_pc/mem_reg[0][31]_i_9_19[0]  | btnC_IBUF        |               10 |             32 |         3.20 |
|  clk_slow            | top/cpu/u_pc/mem_reg[0][31]_i_9_1[0]   | btnC_IBUF        |               11 |             32 |         2.91 |
|  clk_slow            | top/cpu/u_pc/mem_reg[0][31]_i_9_40[0]  | btnC_IBUF        |               15 |             32 |         2.13 |
|  clk_slow            | top/cpu/u_pc/mem_reg[0][31]_i_9_56[0]  | btnC_IBUF        |               15 |             32 |         2.13 |
|  clk_slow            | top/cpu/u_pc/mem_reg[0][31]_i_9_13[0]  | btnC_IBUF        |               14 |             32 |         2.29 |
|  clk_slow            | top/cpu/u_pc/mem_reg[0][31]_i_9_4[0]   | btnC_IBUF        |               10 |             32 |         3.20 |
|  clk_slow            | top/cpu/u_pc/mem_reg[0][31]_i_9_42[0]  | btnC_IBUF        |               20 |             32 |         1.60 |
|  clk_slow            | top/cpu/u_pc/mem_reg[0][31]_i_9_23[0]  | btnC_IBUF        |                8 |             32 |         4.00 |
|  clk_slow            | top/cpu/u_pc/mem_reg[0][31]_i_9_24[0]  | btnC_IBUF        |                9 |             32 |         3.56 |
|  clk_slow            | top/cpu/u_pc/mem_reg[0][31]_i_9_22[0]  | btnC_IBUF        |                7 |             32 |         4.57 |
|  clk_slow            | top/cpu/u_pc/mem_reg[0][31]_i_9_14[0]  | btnC_IBUF        |               11 |             32 |         2.91 |
|  clk_slow            | top/cpu/u_pc/mem_reg[0][31]_i_9_28[0]  | btnC_IBUF        |                8 |             32 |         4.00 |
|  clk_slow            | top/cpu/u_pc/mem_reg[0][31]_i_9_31[0]  | btnC_IBUF        |               15 |             32 |         2.13 |
|  clk_slow            | top/cpu/u_pc/mem_reg[0][31]_i_9_25[0]  | btnC_IBUF        |               10 |             32 |         3.20 |
|  clk_slow            | top/cpu/u_pc/mem_reg[0][31]_i_9_17[0]  | btnC_IBUF        |               12 |             32 |         2.67 |
|  clk_slow            | top/cpu/u_pc/mem_reg[0][31]_i_9_37[0]  | btnC_IBUF        |               14 |             32 |         2.29 |
|  clk_slow            | top/cpu/u_pc/mem_reg[0][31]_i_9_41[0]  | btnC_IBUF        |               15 |             32 |         2.13 |
|  clk_slow            | top/cpu/u_pc/mem_reg[0][31]_i_9_44[0]  | btnC_IBUF        |               18 |             32 |         1.78 |
|  clk_slow            | top/cpu/u_pc/mem_reg[0][31]_i_9_73[0]  | btnC_IBUF        |               12 |             32 |         2.67 |
|  clk_slow            | top/cpu/u_pc/mem_reg[1][31]_i_3_10[0]  | btnC_IBUF        |               14 |             32 |         2.29 |
|  clk_slow            | top/cpu/u_pc/mem_reg[1][31]_i_3_12[0]  | btnC_IBUF        |               18 |             32 |         1.78 |
|  clk_slow            | top/cpu/u_pc/mem_reg[0][31]_i_9_92[0]  | btnC_IBUF        |               10 |             32 |         3.20 |
|  clk_slow            | top/cpu/u_pc/mem_reg[0][31]_i_9_78[0]  | btnC_IBUF        |               13 |             32 |         2.46 |
|  clk_slow            | top/cpu/u_pc/mem_reg[1][31]_i_3_21[0]  | btnC_IBUF        |               13 |             32 |         2.46 |
|  clk_slow            | top/cpu/u_pc/mem_reg[0][31]_i_9_90[0]  | btnC_IBUF        |               13 |             32 |         2.46 |
|  clk_slow            | top/cpu/u_pc/mem_reg[1][31]_i_3_25[0]  | btnC_IBUF        |               12 |             32 |         2.67 |
|  clk_slow            | top/cpu/u_pc/mem_reg[0][31]_i_9_86[0]  | btnC_IBUF        |               15 |             32 |         2.13 |
|  clk_slow            | top/cpu/u_pc/mem_reg[1][31]_i_3_27[0]  | btnC_IBUF        |               13 |             32 |         2.46 |
|  clk_slow            | top/cpu/u_pc/mem_reg[1][31]_i_3_29[0]  | btnC_IBUF        |               17 |             32 |         1.88 |
|  clk_slow            | top/cpu/u_pc/mem_reg[1][31]_i_3_3[0]   | btnC_IBUF        |                8 |             32 |         4.00 |
|  clk_slow            | top/cpu/u_pc/mem_reg[1][31]_i_3_30[0]  | btnC_IBUF        |               13 |             32 |         2.46 |
|  clk_slow            | top/cpu/u_pc/mem_reg[1][31]_i_3_31[0]  | btnC_IBUF        |               14 |             32 |         2.29 |
|  clk_slow            | top/cpu/u_pc/mem_reg[0][31]_i_9_72[0]  | btnC_IBUF        |               13 |             32 |         2.46 |
|  clk_slow            | top/cpu/u_pc/mem_reg[0][31]_i_9_81[0]  | btnC_IBUF        |               15 |             32 |         2.13 |
|  clk_slow            | top/cpu/u_pc/mem_reg[0][31]_i_9_83[0]  | btnC_IBUF        |               12 |             32 |         2.67 |
|  clk_slow            | top/cpu/u_pc/mem_reg[1][31]_i_3_0[0]   | btnC_IBUF        |                8 |             32 |         4.00 |
|  clk_slow            | top/cpu/u_pc/mem_reg[1][31]_i_3_11[0]  | btnC_IBUF        |               16 |             32 |         2.00 |
|  clk_slow            | top/cpu/u_pc/mem_reg[1][31]_i_3_16[0]  | btnC_IBUF        |               13 |             32 |         2.46 |
|  clk_slow            | top/cpu/u_pc/mem_reg[1][31]_i_3_32[0]  | btnC_IBUF        |               16 |             32 |         2.00 |
|  clk_slow            | top/cpu/u_pc/mem_reg[1][31]_i_3_13[0]  | btnC_IBUF        |               16 |             32 |         2.00 |
|  clk_slow            | top/cpu/u_pc/mem_reg[0][31]_i_9_95[0]  | btnC_IBUF        |               17 |             32 |         1.88 |
|  clk_slow            | top/cpu/u_pc/mem_reg[1][31]_i_3_15[0]  | btnC_IBUF        |               13 |             32 |         2.46 |
|  clk_slow            | top/cpu/u_pc/mem_reg[0][31]_i_9_77[0]  | btnC_IBUF        |               15 |             32 |         2.13 |
|  clk_slow            | top/cpu/u_pc/mem_reg[1][31]_i_3_4[0]   | btnC_IBUF        |               10 |             32 |         3.20 |
|  clk_slow            | top/cpu/u_pc/mem_reg[1][31]_i_3_23[0]  | btnC_IBUF        |               13 |             32 |         2.46 |
|  clk_slow            | top/cpu/u_pc/mem_reg[1][31]_i_3_24[0]  | btnC_IBUF        |               14 |             32 |         2.29 |
|  clk_slow            | top/cpu/u_pc/mem_reg[1][31]_i_3_5[0]   | btnC_IBUF        |                9 |             32 |         3.56 |
|  clk_slow            | top/cpu/u_pc/mem_reg[1][31]_i_3_28[0]  | btnC_IBUF        |               14 |             32 |         2.29 |
|  clk_slow            | top/cpu/u_pc/mem_reg[1][31]_i_3_1[0]   | btnC_IBUF        |                7 |             32 |         4.57 |
|  clk_slow            | top/cpu/u_pc/mem_reg[0][31]_i_9_75[0]  | btnC_IBUF        |               12 |             32 |         2.67 |
|  clk_slow            | top/cpu/u_pc/mem_reg[0][31]_i_9_94[0]  | btnC_IBUF        |               11 |             32 |         2.91 |
|  clk_slow            | top/cpu/u_pc/mem_reg[1][31]_i_3_2[0]   | btnC_IBUF        |               12 |             32 |         2.67 |
|  clk_slow            | top/cpu/u_pc/mem_reg[1][31]_i_3_6[0]   | btnC_IBUF        |               11 |             32 |         2.91 |
|  clk_slow            | top/cpu/u_pc/mem_reg[1][31]_i_3_7[0]   | btnC_IBUF        |               10 |             32 |         3.20 |
|  clk_slow            | top/cpu/u_pc/mem_reg[0][31]_i_9_93[0]  | btnC_IBUF        |               11 |             32 |         2.91 |
|  clk_slow            | top/cpu/u_pc/mem_reg[1][31]_i_3_8[0]   | btnC_IBUF        |               11 |             32 |         2.91 |
|  clk_slow            | top/cpu/u_pc/mem_reg[0][31]_i_9_87[0]  | btnC_IBUF        |               14 |             32 |         2.29 |
|  clk_slow            | top/cpu/u_pc/mem_reg[1][31]_i_3_9[0]   | btnC_IBUF        |               14 |             32 |         2.29 |
|  clk_slow            | top/cpu/u_pc/mem_reg[1][31]_i_3_22[0]  | btnC_IBUF        |               16 |             32 |         2.00 |
|  clk_slow            | top/cpu/u_pc/mem_reg[0][31]_i_9_76[0]  | btnC_IBUF        |               11 |             32 |         2.91 |
|  clk_slow            | top/cpu/u_pc/mem_reg[0][31]_i_9_70[0]  | btnC_IBUF        |               13 |             32 |         2.46 |
|  clk_slow            | top/cpu/u_pc/mem_reg[0][31]_i_9_74[0]  | btnC_IBUF        |               14 |             32 |         2.29 |
|  clk_slow            | top/cpu/u_pc/mem_reg[0][31]_i_9_9[0]   | btnC_IBUF        |               11 |             32 |         2.91 |
|  clk_slow            | top/cpu/u_pc/mem_reg[0][31]_i_9_85[0]  | btnC_IBUF        |               13 |             32 |         2.46 |
|  clk_slow            | top/cpu/u_pc/mem_reg[1][31]_i_3_14[0]  | btnC_IBUF        |               16 |             32 |         2.00 |
|  clk_slow            | top/cpu/u_pc/mem_reg[1][31]_i_3_18[0]  | btnC_IBUF        |               15 |             32 |         2.13 |
|  clk_slow            | top/cpu/u_pc/mem_reg[0][31]_i_9_68[0]  | btnC_IBUF        |               12 |             32 |         2.67 |
|  clk_slow            | top/cpu/u_pc/mem_reg[0][31]_i_9_7[0]   | btnC_IBUF        |               14 |             32 |         2.29 |
|  clk_slow            | top/cpu/u_pc/mem_reg[1][31]_i_3_20[0]  | btnC_IBUF        |               14 |             32 |         2.29 |
|  clk_slow            | top/cpu/u_pc/mem_reg[0][31]_i_9_88[0]  | btnC_IBUF        |               11 |             32 |         2.91 |
|  clk_slow            | top/cpu/u_pc/mem_reg[1][31]_i_3_19[0]  | btnC_IBUF        |               13 |             32 |         2.46 |
|  clk_slow            | top/cpu/u_pc/mem_reg[0][31]_i_9_79[0]  | btnC_IBUF        |               13 |             32 |         2.46 |
|  clk_slow            | top/cpu/u_pc/mem_reg[0][31]_i_9_91[0]  | btnC_IBUF        |               11 |             32 |         2.91 |
|  clk_slow            | top/cpu/u_pc/mem_reg[0][31]_i_9_8[0]   | btnC_IBUF        |               14 |             32 |         2.29 |
|  clk_slow            | top/cpu/u_pc/mem_reg[1][31]_i_3_26[0]  | btnC_IBUF        |               12 |             32 |         2.67 |
|  clk_slow            | top/cpu/u_pc/mem_reg[0][31]_i_9_71[0]  | btnC_IBUF        |               14 |             32 |         2.29 |
|  clk_slow            | top/cpu/u_pc/mem_reg[0][31]_i_9_80[0]  | btnC_IBUF        |               12 |             32 |         2.67 |
|  clk_slow            | top/cpu/u_pc/mem_reg[0][31]_i_9_84[0]  | btnC_IBUF        |               12 |             32 |         2.67 |
|  clk_slow            | top/cpu/u_pc/mem_reg[0][31]_i_9_89[0]  | btnC_IBUF        |               10 |             32 |         3.20 |
|  clk_slow            | top/cpu/u_pc/mem_reg[1][31]_i_3_17[0]  | btnC_IBUF        |               15 |             32 |         2.13 |
|  clk_slow            | top/cpu/u_pc/mem_reg[0][31]_i_9_69[0]  | btnC_IBUF        |               14 |             32 |         2.29 |
|  clk_slow            | top/cpu/u_pc/mem_reg[0][31]_i_9_82[0]  | btnC_IBUF        |               13 |             32 |         2.46 |
|  clk_slow            | top/cpu/u_pc/mem_reg[1][31]_i_6_1[0]   | btnC_IBUF        |                8 |             32 |         4.00 |
|  clk_slow            | top/cpu/u_pc/mem_reg[1][31]_i_6_15[0]  | btnC_IBUF        |               11 |             32 |         2.91 |
|  clk_slow            | top/cpu/u_pc/mem_reg[1][31]_i_6_38[0]  | btnC_IBUF        |               12 |             32 |         2.67 |
|  clk_slow            | top/cpu/u_pc/mem_reg[1][31]_i_6_43[0]  | btnC_IBUF        |               14 |             32 |         2.29 |
|  clk_slow            | top/cpu/u_pc/mem_reg[1][31]_i_6_27[0]  | btnC_IBUF        |               12 |             32 |         2.67 |
|  clk_slow            | top/cpu/u_pc/mem_reg[1][31]_i_6_44[0]  | btnC_IBUF        |               12 |             32 |         2.67 |
|  clk_slow            | top/cpu/u_pc/mem_reg[1][31]_i_6_26[0]  | btnC_IBUF        |               11 |             32 |         2.91 |
|  clk_slow            | top/cpu/u_pc/mem_reg[1][31]_i_6_45[0]  | btnC_IBUF        |               12 |             32 |         2.67 |
|  clk_slow            | top/cpu/u_pc/mem_reg[1][31]_i_6_33[0]  | btnC_IBUF        |               13 |             32 |         2.46 |
|  clk_slow            | top/cpu/u_pc/mem_reg[1][31]_i_6_46[0]  | btnC_IBUF        |               14 |             32 |         2.29 |
|  clk_slow            | top/cpu/u_pc/mem_reg[1][31]_i_6_47[0]  | btnC_IBUF        |               15 |             32 |         2.13 |
|  clk_slow            | top/cpu/u_pc/mem_reg[1][31]_i_6_48[0]  | btnC_IBUF        |               13 |             32 |         2.46 |
|  clk_slow            | top/cpu/u_pc/mem_reg[1][31]_i_6_49[0]  | btnC_IBUF        |               17 |             32 |         1.88 |
|  clk_slow            | top/cpu/u_pc/mem_reg[1][31]_i_6_5[0]   | btnC_IBUF        |                7 |             32 |         4.57 |
|  clk_slow            | top/cpu/u_pc/mem_reg[1][31]_i_6_29[0]  | btnC_IBUF        |               11 |             32 |         2.91 |
|  clk_slow            | top/cpu/u_pc/mem_reg[1][31]_i_6_13[0]  | btnC_IBUF        |                8 |             32 |         4.00 |
|  clk_slow            | top/cpu/u_pc/mem_reg[1][31]_i_4_6[0]   | btnC_IBUF        |               16 |             32 |         2.00 |
|  clk_slow            | top/cpu/u_pc/mem_reg[1][31]_i_4_4[0]   | btnC_IBUF        |               10 |             32 |         3.20 |
|  clk_slow            | top/cpu/u_pc/mem_reg[1][31]_i_6_30[0]  | btnC_IBUF        |               10 |             32 |         3.20 |
|  clk_slow            | top/cpu/u_pc/mem_reg[1][31]_i_4_0[0]   | btnC_IBUF        |                7 |             32 |         4.57 |
|  clk_slow            | top/cpu/u_pc/mem_reg[1][31]_i_4_10[0]  | btnC_IBUF        |               11 |             32 |         2.91 |
|  clk_slow            | top/cpu/u_pc/mem_reg[1][31]_i_6_10[0]  | btnC_IBUF        |               11 |             32 |         2.91 |
|  clk_slow            | top/cpu/u_pc/mem_reg[1][31]_i_4_8[0]   | btnC_IBUF        |               18 |             32 |         1.78 |
|  clk_slow            | top/cpu/u_pc/mem_reg[1][31]_i_6_11[0]  | btnC_IBUF        |                9 |             32 |         3.56 |
|  clk_slow            | top/cpu/u_pc/mem_reg[1][31]_i_6_20[0]  | btnC_IBUF        |               11 |             32 |         2.91 |
|  clk_slow            | top/cpu/u_pc/mem_reg[1][31]_i_6_37[0]  | btnC_IBUF        |               13 |             32 |         2.46 |
|  clk_slow            | top/cpu/u_pc/mem_reg[1][31]_i_4_12[0]  | btnC_IBUF        |               16 |             32 |         2.00 |
|  clk_slow            | top/cpu/u_pc/mem_reg[1][31]_i_4_13[0]  | btnC_IBUF        |               19 |             32 |         1.68 |
|  clk_slow            | top/cpu/u_pc/mem_reg[1][31]_i_6_24[0]  | btnC_IBUF        |               10 |             32 |         3.20 |
|  clk_slow            | top/cpu/u_pc/mem_reg[1][31]_i_6_25[0]  | btnC_IBUF        |               14 |             32 |         2.29 |
|  clk_slow            | top/cpu/u_pc/mem_reg[1][31]_i_6_35[0]  | btnC_IBUF        |               11 |             32 |         2.91 |
|  clk_slow            | top/cpu/u_pc/mem_reg[1][31]_i_6_39[0]  | btnC_IBUF        |               12 |             32 |         2.67 |
|  clk_slow            | top/cpu/u_pc/mem_reg[1][31]_i_6_41[0]  | btnC_IBUF        |                9 |             32 |         3.56 |
|  clk_slow            | top/cpu/u_pc/mem_reg[1][31]_i_4_7[0]   | btnC_IBUF        |               14 |             32 |         2.29 |
|  clk_slow            | top/cpu/u_pc/mem_reg[1][31]_i_6_42[0]  | btnC_IBUF        |               14 |             32 |         2.29 |
|  clk_slow            | top/cpu/u_pc/mem_reg[1][31]_i_6_17[0]  | btnC_IBUF        |               10 |             32 |         3.20 |
|  clk_slow            | top/cpu/u_pc/mem_reg[1][31]_i_4_1[0]   | btnC_IBUF        |                8 |             32 |         4.00 |
|  clk_slow            | top/cpu/u_pc/mem_reg[1][31]_i_6_36[0]  | btnC_IBUF        |               12 |             32 |         2.67 |
|  clk_slow            | top/cpu/u_pc/mem_reg[1][31]_i_6_40[0]  | btnC_IBUF        |               11 |             32 |         2.91 |
|  clk_slow            | top/cpu/u_pc/mem_reg[1][31]_i_6_14[0]  | btnC_IBUF        |                7 |             32 |         4.57 |
|  clk_slow            | top/cpu/u_pc/mem_reg[1][31]_i_4_11[0]  | btnC_IBUF        |               16 |             32 |         2.00 |
|  clk_slow            | top/cpu/u_pc/mem_reg[1][31]_i_4_3[0]   | btnC_IBUF        |                8 |             32 |         4.00 |
|  clk_slow            | top/cpu/u_pc/mem_reg[1][31]_i_6_4[0]   | btnC_IBUF        |                9 |             32 |         3.56 |
|  clk_slow            | top/cpu/u_pc/mem_reg[1][31]_i_4_5[0]   | btnC_IBUF        |               12 |             32 |         2.67 |
|  clk_slow            | top/cpu/u_pc/mem_reg[1][31]_i_4_9[0]   | btnC_IBUF        |               15 |             32 |         2.13 |
|  clk_slow            | top/cpu/u_pc/mem_reg[1][31]_i_4_14[0]  | btnC_IBUF        |               14 |             32 |         2.29 |
|  clk_slow            | top/cpu/u_pc/mem_reg[1][31]_i_6_23[0]  | btnC_IBUF        |                9 |             32 |         3.56 |
|  clk_slow            | top/cpu/u_pc/mem_reg[1][31]_i_6_18[0]  | btnC_IBUF        |                9 |             32 |         3.56 |
|  clk_slow            | top/cpu/u_pc/mem_reg[1][31]_i_6_22[0]  | btnC_IBUF        |               14 |             32 |         2.29 |
|  clk_slow            | top/cpu/u_pc/mem_reg[1][31]_i_6_0[0]   | btnC_IBUF        |                7 |             32 |         4.57 |
|  clk_slow            | top/cpu/u_pc/mem_reg[1][31]_i_6_16[0]  | btnC_IBUF        |               13 |             32 |         2.46 |
|  clk_slow            | top/cpu/u_pc/mem_reg[1][31]_i_6_21[0]  | btnC_IBUF        |               14 |             32 |         2.29 |
|  clk_slow            | top/cpu/u_pc/mem_reg[1][31]_i_6_12[0]  | btnC_IBUF        |                8 |             32 |         4.00 |
|  clk_slow            | top/cpu/u_pc/mem_reg[1][31]_i_4_15[0]  | btnC_IBUF        |               13 |             32 |         2.46 |
|  clk_slow            | top/cpu/u_pc/mem_reg[1][31]_i_4_17[0]  | btnC_IBUF        |               16 |             32 |         2.00 |
|  clk_slow            | top/cpu/u_pc/mem_reg[1][31]_i_4_16[0]  | btnC_IBUF        |               17 |             32 |         1.88 |
|  clk_slow            | top/cpu/u_pc/mem_reg[1][31]_i_4_2[0]   | btnC_IBUF        |                8 |             32 |         4.00 |
|  clk_slow            | top/cpu/u_pc/mem_reg[1][31]_i_6_2[0]   | btnC_IBUF        |                7 |             32 |         4.57 |
|  clk_slow            | top/cpu/u_pc/mem_reg[1][31]_i_6_28[0]  | btnC_IBUF        |               12 |             32 |         2.67 |
|  clk_slow            | top/cpu/u_pc/mem_reg[1][31]_i_6_31[0]  | btnC_IBUF        |               13 |             32 |         2.46 |
|  clk_slow            | top/cpu/u_pc/mem_reg[1][31]_i_6_32[0]  | btnC_IBUF        |               12 |             32 |         2.67 |
|  clk_slow            | top/cpu/u_pc/mem_reg[1][31]_i_6_34[0]  | btnC_IBUF        |               15 |             32 |         2.13 |
|  clk_slow            | top/cpu/u_pc/mem_reg[1][31]_i_6_3[0]   | btnC_IBUF        |               11 |             32 |         2.91 |
|  clk_slow            | top/cpu/u_pc/mem_reg[1][31]_i_6_19[0]  | btnC_IBUF        |               14 |             32 |         2.29 |
|  clk_slow            | top/cpu/u_pc/mem_reg[1][31]_i_6_80[0]  | btnC_IBUF        |               13 |             32 |         2.46 |
|  clk_slow            | top/cpu/u_pc/mem_reg[1][31]_i_6_81[0]  | btnC_IBUF        |               14 |             32 |         2.29 |
|  clk_slow            | top/cpu/u_pc/mem_reg[1][31]_i_6_71[0]  | btnC_IBUF        |               15 |             32 |         2.13 |
|  clk_slow            | top/cpu/u_pc/mem_reg[1][31]_i_6_82[0]  | btnC_IBUF        |               17 |             32 |         1.88 |
|  clk_slow            | top/cpu/u_pc/mem_reg[1][31]_i_6_83[0]  | btnC_IBUF        |               16 |             32 |         2.00 |
|  clk_slow            | top/cpu/u_pc/mem_reg[1][31]_i_6_85[0]  | btnC_IBUF        |               16 |             32 |         2.00 |
|  clk_slow            | top/cpu/u_pc/mem_reg[1][31]_i_6_78[0]  | btnC_IBUF        |               13 |             32 |         2.46 |
|  clk_slow            | top/cpu/u_pc/mem_reg[1][31]_i_6_92[0]  | btnC_IBUF        |               11 |             32 |         2.91 |
|  clk_slow            | top/cpu/u_pc/mem_reg[1][31]_i_6_60[0]  | btnC_IBUF        |               14 |             32 |         2.29 |
|  clk_slow            | top/cpu/u_pc/mem_reg[1][31]_i_6_86[0]  | btnC_IBUF        |               18 |             32 |         1.78 |
|  clk_slow            | top/cpu/u_pc/mem_reg[1][31]_i_6_94[0]  | btnC_IBUF        |               17 |             32 |         1.88 |
|  clk_slow            | top/cpu/u_pc/mem_reg[1][31]_i_6_95[0]  | btnC_IBUF        |               16 |             32 |         2.00 |
|  clk_slow            | top/cpu/u_pc/mem_reg[1][31]_i_6_84[0]  | btnC_IBUF        |               21 |             32 |         1.52 |
|  clk_slow            | top/cpu/u_pc/mem_reg[64][31]_i_5_0[0]  | btnC_IBUF        |               10 |             32 |         3.20 |
|  clk_slow            | top/cpu/u_pc/mem_reg[1][31]_i_6_56[0]  | btnC_IBUF        |               14 |             32 |         2.29 |
|  clk_slow            | top/cpu/u_pc/mem_reg[1][31]_i_6_58[0]  | btnC_IBUF        |               17 |             32 |         1.88 |
|  clk_slow            | top/cpu/u_pc/mem_reg[1][31]_i_6_90[0]  | btnC_IBUF        |               14 |             32 |         2.29 |
|  clk_slow            | top/cpu/u_pc/mem_reg[1][31]_i_6_93[0]  | btnC_IBUF        |               14 |             32 |         2.29 |
|  clk_slow            | top/cpu/u_pc/mem_reg[64][31]_i_5_1[0]  | btnC_IBUF        |               17 |             32 |         1.88 |
|  clk_slow            | top/cpu/u_pc/mem_reg[1][31]_i_6_87[0]  | btnC_IBUF        |               15 |             32 |         2.13 |
|  clk_slow            | top/cpu/u_pc/mem_reg[1][31]_i_6_88[0]  | btnC_IBUF        |               11 |             32 |         2.91 |
|  clk_slow            | top/cpu/u_pc/mem_reg[1][31]_i_6_9[0]   | btnC_IBUF        |                7 |             32 |         4.57 |
|  clk_slow            | top/cpu/u_pc/mem_reg[1][31]_i_6_96[0]  | btnC_IBUF        |               15 |             32 |         2.13 |
|  clk_slow            | top/cpu/u_pc/mem_reg[1][31]_i_6_61[0]  | btnC_IBUF        |               21 |             32 |         1.52 |
|  clk_slow            | top/cpu/u_pc/mem_reg[1][31]_i_6_64[0]  | btnC_IBUF        |               14 |             32 |         2.29 |
|  clk_slow            | top/cpu/u_pc/mem_reg[1][31]_i_6_50[0]  | btnC_IBUF        |               17 |             32 |         1.88 |
|  clk_slow            | top/cpu/u_pc/mem_reg[1][31]_i_6_73[0]  | btnC_IBUF        |               15 |             32 |         2.13 |
|  clk_slow            | top/cpu/u_pc/mem_reg[1][31]_i_6_74[0]  | btnC_IBUF        |               19 |             32 |         1.68 |
|  clk_slow            | top/cpu/u_pc/mem_reg[64][31]_i_5_10[0] | btnC_IBUF        |               15 |             32 |         2.13 |
|  clk_slow            | top/cpu/u_pc/mem_reg[64][31]_i_5_12[0] | btnC_IBUF        |               13 |             32 |         2.46 |
|  clk_slow            | top/cpu/u_pc/mem_reg[1][31]_i_6_91[0]  | btnC_IBUF        |               12 |             32 |         2.67 |
|  clk_slow            | top/cpu/u_pc/mem_reg[64][31]_i_5_13[0] | btnC_IBUF        |               18 |             32 |         1.78 |
|  clk_slow            | top/cpu/u_pc/mem_reg[1][31]_i_6_7[0]   | btnC_IBUF        |               11 |             32 |         2.91 |
|  clk_slow            | top/cpu/u_pc/mem_reg[64][31]_i_5_11[0] | btnC_IBUF        |               13 |             32 |         2.46 |
|  clk_slow            | top/cpu/u_pc/mem_reg[1][31]_i_6_52[0]  | btnC_IBUF        |               15 |             32 |         2.13 |
|  clk_slow            | top/cpu/u_pc/mem_reg[64][31]_i_5_14[0] | btnC_IBUF        |               19 |             32 |         1.68 |
|  clk_slow            | top/cpu/u_pc/mem_reg[1][31]_i_6_89[0]  | btnC_IBUF        |               12 |             32 |         2.67 |
|  clk_slow            | top/cpu/u_pc/mem_reg[64][31]_i_5_15[0] | btnC_IBUF        |               18 |             32 |         1.78 |
|  clk_slow            | top/cpu/u_pc/mem_reg[64][31]_i_5_16[0] | btnC_IBUF        |               20 |             32 |         1.60 |
|  clk_slow            | top/cpu/u_pc/mem_reg[64][31]_i_5_17[0] | btnC_IBUF        |               15 |             32 |         2.13 |
|  clk_slow            | top/cpu/u_pc/mem_reg[1][31]_i_6_72[0]  | btnC_IBUF        |               14 |             32 |         2.29 |
|  clk_slow            | top/cpu/u_pc/mem_reg[64][31]_i_5_18[0] | btnC_IBUF        |               13 |             32 |         2.46 |
|  clk_slow            | top/cpu/u_pc/mem_reg[64][31]_i_5_19[0] | btnC_IBUF        |               17 |             32 |         1.88 |
|  clk_slow            | top/cpu/u_pc/mem_reg[64][31]_i_5_2[0]  | btnC_IBUF        |               19 |             32 |         1.68 |
|  clk_slow            | top/cpu/u_pc/mem_reg[1][31]_i_6_65[0]  | btnC_IBUF        |               21 |             32 |         1.52 |
|  clk_slow            | top/cpu/u_pc/mem_reg[1][31]_i_6_6[0]   | btnC_IBUF        |               14 |             32 |         2.29 |
|  clk_slow            | top/cpu/u_pc/mem_reg[1][31]_i_6_75[0]  | btnC_IBUF        |               19 |             32 |         1.68 |
|  clk_slow            | top/cpu/u_pc/mem_reg[1][31]_i_6_63[0]  | btnC_IBUF        |               16 |             32 |         2.00 |
|  clk_slow            | top/cpu/u_pc/mem_reg[1][31]_i_6_66[0]  | btnC_IBUF        |               15 |             32 |         2.13 |
|  clk_slow            | top/cpu/u_pc/mem_reg[1][31]_i_6_67[0]  | btnC_IBUF        |               13 |             32 |         2.46 |
|  clk_slow            | top/cpu/u_pc/mem_reg[1][31]_i_6_70[0]  | btnC_IBUF        |               12 |             32 |         2.67 |
|  clk_slow            | top/cpu/u_pc/mem_reg[1][31]_i_6_79[0]  | btnC_IBUF        |               16 |             32 |         2.00 |
|  clk_slow            | top/cpu/u_pc/mem_reg[1][31]_i_6_68[0]  | btnC_IBUF        |               16 |             32 |         2.00 |
|  clk_slow            | top/cpu/u_pc/mem_reg[1][31]_i_6_53[0]  | btnC_IBUF        |               15 |             32 |         2.13 |
|  clk_slow            | top/cpu/u_pc/mem_reg[1][31]_i_6_76[0]  | btnC_IBUF        |               18 |             32 |         1.78 |
|  clk_slow            | top/cpu/u_pc/mem_reg[1][31]_i_6_54[0]  | btnC_IBUF        |               18 |             32 |         1.78 |
|  clk_slow            | top/cpu/u_pc/mem_reg[1][31]_i_6_77[0]  | btnC_IBUF        |               17 |             32 |         1.88 |
|  clk_slow            | top/cpu/u_pc/mem_reg[1][31]_i_6_51[0]  | btnC_IBUF        |               17 |             32 |         1.88 |
|  clk_slow            | top/cpu/u_pc/mem_reg[1][31]_i_6_55[0]  | btnC_IBUF        |               15 |             32 |         2.13 |
|  clk_slow            | top/cpu/u_pc/mem_reg[1][31]_i_6_59[0]  | btnC_IBUF        |               17 |             32 |         1.88 |
|  clk_slow            | top/cpu/u_pc/mem_reg[1][31]_i_6_62[0]  | btnC_IBUF        |               21 |             32 |         1.52 |
|  clk_slow            | top/cpu/u_pc/mem_reg[1][31]_i_6_8[0]   | btnC_IBUF        |                8 |             32 |         4.00 |
|  clk_slow            | top/cpu/u_pc/mem_reg[1][31]_i_6_57[0]  | btnC_IBUF        |               17 |             32 |         1.88 |
|  clk_slow            | top/cpu/u_pc/mem_reg[1][31]_i_6_69[0]  | btnC_IBUF        |               14 |             32 |         2.29 |
|  clk_slow            | top/cpu/u_pc/mem_reg[64][31]_i_5_8[0]  | btnC_IBUF        |               17 |             32 |         1.88 |
|  clk_slow            | top/cpu/u_pc/mem_reg[8][31]_i_3_2[0]   | btnC_IBUF        |               10 |             32 |         3.20 |
|  clk_slow            | top/cpu/u_pc/mem_reg[64][31]_i_5_27[0] | btnC_IBUF        |               15 |             32 |         2.13 |
|  clk_slow            | top/cpu/u_pc/mem_reg[8][31]_i_3_11[0]  | btnC_IBUF        |               13 |             32 |         2.46 |
|  clk_slow            | top/cpu/u_pc/mem_reg[8][31]_i_3_24[0]  | btnC_IBUF        |               14 |             32 |         2.29 |
|  clk_slow            | top/cpu/u_pc/mem_reg[8][31]_i_3_26[0]  | btnC_IBUF        |               15 |             32 |         2.13 |
|  clk_slow            | top/cpu/u_pc/mem_reg[64][31]_i_5_24[0] | btnC_IBUF        |               15 |             32 |         2.13 |
|  clk_slow            | top/cpu/u_pc/mem_reg[8][31]_i_3_28[0]  | btnC_IBUF        |               15 |             32 |         2.13 |
|  clk_slow            | top/cpu/u_pc/mem_reg[8][31]_i_3_29[0]  | btnC_IBUF        |               15 |             32 |         2.13 |
|  clk_slow            | top/cpu/u_pc/mem_reg[8][31]_i_3_32[0]  | btnC_IBUF        |               15 |             32 |         2.13 |
|  clk_slow            | top/cpu/u_pc/mem_reg[8][31]_i_3_33[0]  | btnC_IBUF        |               17 |             32 |         1.88 |
|  clk_slow            | top/cpu/u_pc/mem_reg[8][31]_i_3_34[0]  | btnC_IBUF        |               16 |             32 |         2.00 |
|  clk_slow            | top/cpu/u_pc/mem_reg[64][31]_i_5_34[0] | btnC_IBUF        |               17 |             32 |         1.88 |
|  clk_slow            | top/cpu/u_pc/mem_reg[8][31]_i_3_35[0]  | btnC_IBUF        |               13 |             32 |         2.46 |
|  clk_slow            | top/cpu/u_pc/mem_reg[8][31]_i_3_37[0]  | btnC_IBUF        |               14 |             32 |         2.29 |
|  clk_slow            | top/cpu/u_pc/mem_reg[8][31]_i_3_19[0]  | btnC_IBUF        |               16 |             32 |         2.00 |
|  clk_slow            | top/cpu/u_pc/mem_reg[8][31]_i_3_31[0]  | btnC_IBUF        |               18 |             32 |         1.78 |
|  clk_slow            | top/cpu/u_pc/mem_reg[64][31]_i_5_32[0] | btnC_IBUF        |               11 |             32 |         2.91 |
|  clk_slow            | top/cpu/u_pc/mem_reg[64][31]_i_5_7[0]  | btnC_IBUF        |               18 |             32 |         1.78 |
|  clk_slow            | top/cpu/u_pc/mem_reg[8][31]_i_3_23[0]  | btnC_IBUF        |               14 |             32 |         2.29 |
|  clk_slow            | top/cpu/u_pc/mem_reg[8][31]_i_3_38[0]  | btnC_IBUF        |               17 |             32 |         1.88 |
|  clk_slow            | top/cpu/u_pc/mem_reg[64][31]_i_5_40[0] | btnC_IBUF        |               13 |             32 |         2.46 |
|  clk_slow            | top/cpu/u_pc/mem_reg[64][31]_i_5_6[0]  | btnC_IBUF        |               20 |             32 |         1.60 |
|  clk_slow            | top/cpu/u_pc/mem_reg[64][31]_i_5_35[0] | btnC_IBUF        |               13 |             32 |         2.46 |
|  clk_slow            | top/cpu/u_pc/mem_reg[64][31]_i_5_20[0] | btnC_IBUF        |               16 |             32 |         2.00 |
|  clk_slow            | top/cpu/u_pc/mem_reg[64][31]_i_5_31[0] | btnC_IBUF        |               13 |             32 |         2.46 |
|  clk_slow            | top/cpu/u_pc/mem_reg[64][31]_i_5_21[0] | btnC_IBUF        |               14 |             32 |         2.29 |
|  clk_slow            | top/cpu/u_pc/mem_reg[64][31]_i_5_38[0] | btnC_IBUF        |               13 |             32 |         2.46 |
|  clk_slow            | top/cpu/u_pc/mem_reg[8][31]_i_3_13[0]  | btnC_IBUF        |               13 |             32 |         2.46 |
|  clk_slow            | top/cpu/u_pc/mem_reg[8][31]_i_3_14[0]  | btnC_IBUF        |               13 |             32 |         2.46 |
|  clk_slow            | top/cpu/u_pc/mem_reg[8][31]_i_3_20[0]  | btnC_IBUF        |               15 |             32 |         2.13 |
|  clk_slow            | top/cpu/u_pc/mem_reg[8][31]_i_3_22[0]  | btnC_IBUF        |               14 |             32 |         2.29 |
|  clk_slow            | top/cpu/u_pc/mem_reg[64][31]_i_5_33[0] | btnC_IBUF        |               10 |             32 |         3.20 |
|  clk_slow            | top/cpu/u_pc/mem_reg[8][31]_i_3_1[0]   | btnC_IBUF        |                8 |             32 |         4.00 |
|  clk_slow            | top/cpu/u_pc/mem_reg[8][31]_i_3_27[0]  | btnC_IBUF        |               14 |             32 |         2.29 |
|  clk_slow            | top/cpu/u_pc/mem_reg[8][31]_i_3_30[0]  | btnC_IBUF        |               16 |             32 |         2.00 |
|  clk_slow            | top/cpu/u_pc/mem_reg[8][31]_i_3_36[0]  | btnC_IBUF        |               16 |             32 |         2.00 |
|  clk_slow            | top/cpu/u_pc/mem_reg[8][31]_i_3_39[0]  | btnC_IBUF        |               12 |             32 |         2.67 |
|  clk_slow            | top/cpu/u_pc/mem_reg[8][31]_i_3_4[0]   | btnC_IBUF        |               11 |             32 |         2.91 |
|  clk_slow            | top/cpu/u_pc/mem_reg[8][31]_i_3_40[0]  | btnC_IBUF        |               12 |             32 |         2.67 |
|  clk_slow            | top/cpu/u_pc/mem_reg[8][31]_i_3_12[0]  | btnC_IBUF        |               13 |             32 |         2.46 |
|  clk_slow            | top/cpu/u_pc/mem_reg[8][31]_i_3_3[0]   | btnC_IBUF        |               10 |             32 |         3.20 |
|  clk_slow            | top/cpu/u_pc/mem_reg[64][31]_i_5_5[0]  | btnC_IBUF        |               16 |             32 |         2.00 |
|  clk_slow            | top/cpu/u_pc/mem_reg[64][31]_i_5_9[0]  | btnC_IBUF        |               15 |             32 |         2.13 |
|  clk_slow            | top/cpu/u_pc/mem_reg[64][31]_i_5_39[0] | btnC_IBUF        |               13 |             32 |         2.46 |
|  clk_slow            | top/cpu/u_pc/mem_reg[64][31]_i_5_26[0] | btnC_IBUF        |               14 |             32 |         2.29 |
|  clk_slow            | top/cpu/u_pc/mem_reg[8][31]_i_3_15[0]  | btnC_IBUF        |               14 |             32 |         2.29 |
|  clk_slow            | top/cpu/u_pc/mem_reg[64][31]_i_5_37[0] | btnC_IBUF        |               13 |             32 |         2.46 |
|  clk_slow            | top/cpu/u_pc/mem_reg[8][31]_i_3_21[0]  | btnC_IBUF        |               19 |             32 |         1.68 |
|  clk_slow            | top/cpu/u_pc/mem_reg[64][31]_i_5_3[0]  | btnC_IBUF        |               19 |             32 |         1.68 |
|  clk_slow            | top/cpu/u_pc/mem_reg[8][31]_i_3_10[0]  | btnC_IBUF        |               15 |             32 |         2.13 |
|  clk_slow            | top/cpu/u_pc/mem_reg[8][31]_i_3_0[0]   | btnC_IBUF        |               10 |             32 |         3.20 |
|  clk_slow            | top/cpu/u_pc/mem_reg[8][31]_i_3_25[0]  | btnC_IBUF        |               14 |             32 |         2.29 |
|  clk_slow            | top/cpu/u_pc/mem_reg[64][31]_i_5_22[0] | btnC_IBUF        |               15 |             32 |         2.13 |
|  clk_slow            | top/cpu/u_pc/mem_reg[8][31]_i_3_16[0]  | btnC_IBUF        |               14 |             32 |         2.29 |
|  clk_slow            | top/cpu/u_pc/mem_reg[8][31]_i_3_17[0]  | btnC_IBUF        |               17 |             32 |         1.88 |
|  clk_slow            | top/cpu/u_pc/mem_reg[8][31]_i_3_18[0]  | btnC_IBUF        |               17 |             32 |         1.88 |
|  clk_slow            | top/cpu/u_pc/mem_reg[64][31]_i_5_23[0] | btnC_IBUF        |               16 |             32 |         2.00 |
|  clk_slow            | top/cpu/u_pc/mem_reg[64][31]_i_5_28[0] | btnC_IBUF        |               14 |             32 |         2.29 |
|  clk_slow            | top/cpu/u_pc/mem_reg[64][31]_i_5_29[0] | btnC_IBUF        |               11 |             32 |         2.91 |
|  clk_slow            | top/cpu/u_pc/mem_reg[64][31]_i_5_25[0] | btnC_IBUF        |               11 |             32 |         2.91 |
|  clk_slow            | top/cpu/u_pc/mem_reg[64][31]_i_5_30[0] | btnC_IBUF        |               12 |             32 |         2.67 |
|  clk_slow            | top/cpu/u_pc/mem_reg[64][31]_i_5_36[0] | btnC_IBUF        |               12 |             32 |         2.67 |
|  clk_slow            | top/cpu/u_pc/mem_reg[64][31]_i_5_4[0]  | btnC_IBUF        |               18 |             32 |         1.78 |
|  clk_slow            | top/cpu/u_pc/mem_reg[95][31]_i_2_21[0] | btnC_IBUF        |               14 |             32 |         2.29 |
|  clk_slow            | top/cpu/u_pc/mem_reg[8][31]_i_3_52[0]  | btnC_IBUF        |               18 |             32 |         1.78 |
|  clk_slow            | top/cpu/u_pc/mem_reg[95][31]_i_2_23[0] | btnC_IBUF        |               14 |             32 |         2.29 |
|  clk_slow            | top/cpu/u_pc/mem_reg[95][31]_i_2_5[0]  | btnC_IBUF        |               14 |             32 |         2.29 |
|  clk_slow            | top/cpu/u_pc/mem_reg[8][31]_i_3_42[0]  | btnC_IBUF        |               13 |             32 |         2.46 |
|  clk_slow            | top/cpu/u_pc/mem_reg[8][31]_i_3_43[0]  | btnC_IBUF        |               13 |             32 |         2.46 |
|  clk_slow            | top/cpu/u_pc/mem_reg[95][31]_i_2_9[0]  | btnC_IBUF        |               14 |             32 |         2.29 |
|  clk_slow            | top/cpu/u_pc/mem_reg[8][31]_i_3_44[0]  | btnC_IBUF        |               13 |             32 |         2.46 |
|  clk_slow            | top/cpu/u_pc/mem_reg[8][31]_i_3_53[0]  | btnC_IBUF        |               18 |             32 |         1.78 |
|  clk_slow            | top/cpu/u_pc/mem_reg[8][31]_i_3_5[0]   | btnC_IBUF        |               10 |             32 |         3.20 |
|  clk_slow            | top/cpu/u_pc/mem_reg[8][31]_i_3_54[0]  | btnC_IBUF        |               17 |             32 |         1.88 |
|  clk_slow            | top/cpu/u_pc/mem_reg[95][31]_i_2_13[0] | btnC_IBUF        |               14 |             32 |         2.29 |
|  clk_slow            | top/cpu/u_pc/mem_reg[95][31]_i_2_12[0] | btnC_IBUF        |               12 |             32 |         2.67 |
|  clk_slow            | top/cpu/u_pc/mem_reg[95][31]_i_2_3[0]  | btnC_IBUF        |               12 |             32 |         2.67 |
|  clk_slow            | top/cpu/u_pc/mem_reg[95][31]_i_2_22[0] | btnC_IBUF        |               13 |             32 |         2.46 |
|  clk_slow            | top/cpu/u_pc/mem_reg[8][31]_i_3_55[0]  | btnC_IBUF        |               17 |             32 |         1.88 |
|  clk_slow            | top/cpu/u_pc/mem_reg[95][31]_i_2_0[0]  | btnC_IBUF        |               16 |             32 |         2.00 |
|  clk_slow            | top/cpu/u_pc/mem_reg[95][31]_i_2_14[0] | btnC_IBUF        |               15 |             32 |         2.13 |
|  clk_slow            | top/cpu/u_pc/mem_reg[8][31]_i_3_46[0]  | btnC_IBUF        |               13 |             32 |         2.46 |
|  clk_slow            | top/cpu/u_pc/mem_reg[95][31]_i_2_1[0]  | btnC_IBUF        |               15 |             32 |         2.13 |
|  clk_slow            | top/cpu/u_pc/mem_reg[8][31]_i_3_48[0]  | btnC_IBUF        |               17 |             32 |         1.88 |
|  clk_slow            | top/cpu/u_pc/mem_reg[95][31]_i_2_11[0] | btnC_IBUF        |               12 |             32 |         2.67 |
|  clk_slow            | top/cpu/u_pc/mem_reg[95][31]_i_2_7[0]  | btnC_IBUF        |               11 |             32 |         2.91 |
|  clk_slow            | top/cpu/u_pc/mem_reg[8][31]_i_3_50[0]  | btnC_IBUF        |               16 |             32 |         2.00 |
|  clk_slow            | top/cpu/u_pc/mem_reg[8][31]_i_3_41[0]  | btnC_IBUF        |               12 |             32 |         2.67 |
|  clk_slow            | top/cpu/u_pc/mem_reg[95][31]_i_2_4[0]  | btnC_IBUF        |               15 |             32 |         2.13 |
|  clk_slow            | top/cpu/u_pc/mem_reg[95][31]_i_2_16[0] | btnC_IBUF        |               13 |             32 |         2.46 |
|  clk_slow            | top/cpu/u_pc/mem_reg[95][31]_i_2_18[0] | btnC_IBUF        |               15 |             32 |         2.13 |
|  clk_slow            | top/cpu/u_pc/mem_reg[8][31]_i_3_47[0]  | btnC_IBUF        |               14 |             32 |         2.29 |
|  clk_slow            | top/cpu/u_pc/mem_reg[95][31]_i_2_19[0] | btnC_IBUF        |               17 |             32 |         1.88 |
|  clk_slow            | top/cpu/u_pc/mem_reg[95][31]_i_2_6[0]  | btnC_IBUF        |               13 |             32 |         2.46 |
|  clk_slow            | top/cpu/u_pc/mem_reg[95][31]_i_2_8[0]  | btnC_IBUF        |               15 |             32 |         2.13 |
|  clk_slow            | top/cpu/u_pc/mem_reg[95][31]_i_2_2[0]  | btnC_IBUF        |               12 |             32 |         2.67 |
|  clk_slow            | top/cpu/u_pc/mem_reg[8][31]_i_3_7[0]   | btnC_IBUF        |                9 |             32 |         3.56 |
|  clk_slow            | top/cpu/u_pc/mem_reg[8][31]_i_3_8[0]   | btnC_IBUF        |               12 |             32 |         2.67 |
|  clk_slow            | top/cpu/u_pc/mem_reg[8][31]_i_3_6[0]   | btnC_IBUF        |               12 |             32 |         2.67 |
|  clk_slow            | top/cpu/u_pc/mem_reg[95][31]_i_2_17[0] | btnC_IBUF        |               15 |             32 |         2.13 |
|  clk_slow            | top/cpu/u_pc/mem_reg[95][31]_i_2_10[0] | btnC_IBUF        |               14 |             32 |         2.29 |
|  clk_slow            | top/cpu/u_pc/mem_reg[8][31]_i_3_49[0]  | btnC_IBUF        |               16 |             32 |         2.00 |
|  clk_slow            | top/cpu/u_pc/mem_reg[8][31]_i_3_45[0]  | btnC_IBUF        |               15 |             32 |         2.13 |
|  clk_slow            | top/cpu/u_pc/mem_reg[8][31]_i_3_9[0]   | btnC_IBUF        |               13 |             32 |         2.46 |
|  clk_slow            | top/cpu/u_pc/mem_reg[8][31]_i_3_51[0]  | btnC_IBUF        |               14 |             32 |         2.29 |
|  clk_slow            | top/cpu/u_pc/mem_reg[95][31]_i_2_15[0] | btnC_IBUF        |               13 |             32 |         2.46 |
|  clk_slow            | top/cpu/u_pc/mem_reg[95][31]_i_2_20[0] | btnC_IBUF        |               15 |             32 |         2.13 |
|  clk_slow            | top/cpu/u_pc/E[0]                      | btnC_IBUF        |               14 |             32 |         2.29 |
|  clk_slow            | top/cpu/u_pc/PC_reg[2]_14[0]           | btnC_IBUF        |               15 |             32 |         2.13 |
|  clk_slow            | top/cpu/u_pc/PC_reg[2]_20[0]           | btnC_IBUF        |               13 |             32 |         2.46 |
|  clk_slow            | top/cpu/u_pc/PC_reg[2]_21[0]           | btnC_IBUF        |               14 |             32 |         2.29 |
|  clk_slow            | top/cpu/u_pc/PC_reg[2]_22[0]           | btnC_IBUF        |               15 |             32 |         2.13 |
|  clk_slow            | top/cpu/u_pc/PC_reg[2]_25[0]           | btnC_IBUF        |               15 |             32 |         2.13 |
|  clk_slow            | top/cpu/u_pc/PC_reg[2]_26[0]           | btnC_IBUF        |               16 |             32 |         2.00 |
|  clk_slow            | top/cpu/u_pc/PC_reg[2]_18[0]           | btnC_IBUF        |               19 |             32 |         1.68 |
|  clk_slow            | top/cpu/u_pc/PC_reg[2]_5[0]            | btnC_IBUF        |               13 |             32 |         2.46 |
|  clk_slow            | top/cpu/u_pc/PC_reg[2]_7[0]            | btnC_IBUF        |               12 |             32 |         2.67 |
|  clk_slow            | top/cpu/u_pc/PC_reg[2]_11[0]           | btnC_IBUF        |               11 |             32 |         2.91 |
|  clk_slow            | top/cpu/u_pc/PC_reg[2]_4[0]            | btnC_IBUF        |               15 |             32 |         2.13 |
|  clk_slow            | top/cpu/u_pc/PC_reg[2]_6[0]            | btnC_IBUF        |               14 |             32 |         2.29 |
|  clk_slow            | top/cpu/u_pc/PC_reg[2]_8[0]            | btnC_IBUF        |               11 |             32 |         2.91 |
|  clk_slow            | top/cpu/u_pc/PC_reg[2]_19[0]           | btnC_IBUF        |               13 |             32 |         2.46 |
|  clk_slow            | top/cpu/u_pc/PC_reg[3]_0[0]            | btnC_IBUF        |               17 |             32 |         1.88 |
|  clk_slow            | top/cpu/u_pc/PC_reg[2]_9[0]            | btnC_IBUF        |               15 |             32 |         2.13 |
|  clk_slow            | top/cpu/u_pc/PC_reg[3]_2[0]            | btnC_IBUF        |               14 |             32 |         2.29 |
|  clk_slow            | top/cpu/u_pc/PC_reg[2]_27[0]           | btnC_IBUF        |               15 |             32 |         2.13 |
|  clk_slow            | top/cpu/u_pc/PC_reg[2]_24[0]           | btnC_IBUF        |               16 |             32 |         2.00 |
|  clk_slow            | top/cpu/u_pc/PC_reg[2]_23[0]           | btnC_IBUF        |               14 |             32 |         2.29 |
|  clk_slow            | top/cpu/u_pc/PC_reg[2]_12[0]           | btnC_IBUF        |               14 |             32 |         2.29 |
|  clk_slow            | top/cpu/u_pc/PC_reg[3]_1[0]            | btnC_IBUF        |               12 |             32 |         2.67 |
|  clk_slow            | top/cpu/u_pc/PC_reg[2]_15[0]           | btnC_IBUF        |               18 |             32 |         1.78 |
|  clk_slow            | top/cpu/u_pc/PC_reg[2]_10[0]           | btnC_IBUF        |               13 |             32 |         2.46 |
|  clk_slow            | top/cpu/u_pc/PC_reg[2]_2[0]            | btnC_IBUF        |               10 |             32 |         3.20 |
|  clk_slow            | top/cpu/u_pc/PC_reg[2]_3[0]            | btnC_IBUF        |               13 |             32 |         2.46 |
|  clk_slow            | top/cpu/u_pc/PC_reg[2]_0[0]            | btnC_IBUF        |               14 |             32 |         2.29 |
|  clk_slow            | top/cpu/u_pc/PC_reg[2]_16[0]           | btnC_IBUF        |               14 |             32 |         2.29 |
|  clk_slow            | top/cpu/u_pc/PC_reg[2]_17[0]           | btnC_IBUF        |               11 |             32 |         2.91 |
|  clk_slow            | top/cpu/u_pc/PC_reg[2]_1[0]            | btnC_IBUF        |               15 |             32 |         2.13 |
|  clk_slow            | top/cpu/u_pc/PC_reg[2]_13[0]           | btnC_IBUF        |               18 |             32 |         1.78 |
|  clk_slow            | top/cpu/u_pc/mem_reg[0][31]_i_5_27[0]  | btnC_IBUF        |               12 |             32 |         2.67 |
|  clk_slow            | top/cpu/u_pc/mem_reg[0][31]_i_5_44[0]  | btnC_IBUF        |               13 |             32 |         2.46 |
|  clk_slow            | top/cpu/u_pc/mem_reg[0][31]_i_5_48[0]  | btnC_IBUF        |               14 |             32 |         2.29 |
|  clk_slow            | top/cpu/u_pc/mem_reg[0][31]_i_5_56[0]  | btnC_IBUF        |               14 |             32 |         2.29 |
|  clk_slow            | top/cpu/u_pc/mem_reg[0][31]_i_5_15[0]  | btnC_IBUF        |               16 |             32 |         2.00 |
|  clk_slow            | top/cpu/u_pc/mem_reg[0][31]_i_5_6[0]   | btnC_IBUF        |               16 |             32 |         2.00 |
|  clk_slow            | top/cpu/u_pc/mem_reg[0][31]_i_5_60[0]  | btnC_IBUF        |               13 |             32 |         2.46 |
|  clk_slow            | top/cpu/u_pc/mem_reg[0][31]_i_5_61[0]  | btnC_IBUF        |               12 |             32 |         2.67 |
|  clk_slow            | top/cpu/u_pc/mem_reg[0][31]_i_5_9[0]   | btnC_IBUF        |                6 |             32 |         5.33 |
|  clk_slow            | top/cpu/u_pc/mem_reg[0][31]_i_6_0[0]   | btnC_IBUF        |                7 |             32 |         4.57 |
|  clk_slow            | top/cpu/u_pc/mem_reg[0][31]_i_5_7[0]   | btnC_IBUF        |               12 |             32 |         2.67 |
|  clk_slow            | top/cpu/u_pc/mem_reg[0][31]_i_5_39[0]  | btnC_IBUF        |               20 |             32 |         1.60 |
|  clk_slow            | top/cpu/u_pc/mem_reg[0][31]_i_5_43[0]  | btnC_IBUF        |               15 |             32 |         2.13 |
|  clk_slow            | top/cpu/u_pc/mem_reg[0][31]_i_5_31[0]  | btnC_IBUF        |               14 |             32 |         2.29 |
|  clk_slow            | top/cpu/u_pc/mem_reg[0][31]_i_5_36[0]  | btnC_IBUF        |               13 |             32 |         2.46 |
|  clk_slow            | top/cpu/u_pc/mem_reg[0][31]_i_5_47[0]  | btnC_IBUF        |               15 |             32 |         2.13 |
|  clk_slow            | top/cpu/u_pc/mem_reg[0][31]_i_5_51[0]  | btnC_IBUF        |               12 |             32 |         2.67 |
|  clk_slow            | top/cpu/u_pc/mem_reg[0][31]_i_5_53[0]  | btnC_IBUF        |               14 |             32 |         2.29 |
|  clk_slow            | top/cpu/u_pc/mem_reg[0][31]_i_5_55[0]  | btnC_IBUF        |               14 |             32 |         2.29 |
|  clk_slow            | top/cpu/u_pc/mem_reg[0][31]_i_5_8[0]   | btnC_IBUF        |                8 |             32 |         4.00 |
|  clk_slow            | top/cpu/u_pc/mem_reg[0][31]_i_5_28[0]  | btnC_IBUF        |               15 |             32 |         2.13 |
|  clk_slow            | top/cpu/u_pc/mem_reg[0][31]_i_5_24[0]  | btnC_IBUF        |               21 |             32 |         1.52 |
|  clk_slow            | top/cpu/u_pc/mem_reg[0][31]_i_5_1[0]   | btnC_IBUF        |               11 |             32 |         2.91 |
|  clk_slow            | top/cpu/u_pc/mem_reg[0][31]_i_5_14[0]  | btnC_IBUF        |               16 |             32 |         2.00 |
|  clk_slow            | top/cpu/u_pc/mem_reg[0][31]_i_5_2[0]   | btnC_IBUF        |               11 |             32 |         2.91 |
|  clk_slow            | top/cpu/u_pc/mem_reg[0][31]_i_5_37[0]  | btnC_IBUF        |               22 |             32 |         1.45 |
|  clk_slow            | top/cpu/u_pc/mem_reg[0][31]_i_5_4[0]   | btnC_IBUF        |               11 |             32 |         2.91 |
|  clk_slow            | top/cpu/u_pc/mem_reg[0][31]_i_5_23[0]  | btnC_IBUF        |               18 |             32 |         1.78 |
|  clk_slow            | top/cpu/u_pc/mem_reg[0][31]_i_5_45[0]  | btnC_IBUF        |               15 |             32 |         2.13 |
|  clk_slow            | top/cpu/u_pc/mem_reg[0][31]_i_5_16[0]  | btnC_IBUF        |               14 |             32 |         2.29 |
|  clk_slow            | top/cpu/u_pc/mem_reg[0][31]_i_5_49[0]  | btnC_IBUF        |               12 |             32 |         2.67 |
|  clk_slow            | top/cpu/u_pc/mem_reg[0][31]_i_5_10[0]  | btnC_IBUF        |               11 |             32 |         2.91 |
|  clk_slow            | top/cpu/u_pc/mem_reg[0][31]_i_5_34[0]  | btnC_IBUF        |               13 |             32 |         2.46 |
|  clk_slow            | top/cpu/u_pc/mem_reg[0][31]_i_5_32[0]  | btnC_IBUF        |               15 |             32 |         2.13 |
|  clk_slow            | top/cpu/u_pc/mem_reg[0][31]_i_5_33[0]  | btnC_IBUF        |               13 |             32 |         2.46 |
|  clk_slow            | top/cpu/u_pc/mem_reg[0][31]_i_5_46[0]  | btnC_IBUF        |               16 |             32 |         2.00 |
|  clk_slow            | top/cpu/u_pc/mem_reg[0][31]_i_5_5[0]   | btnC_IBUF        |               13 |             32 |         2.46 |
|  clk_slow            | top/cpu/u_pc/mem_reg[0][31]_i_5_11[0]  | btnC_IBUF        |                8 |             32 |         4.00 |
|  clk_slow            | top/cpu/u_pc/mem_reg[0][31]_i_5_29[0]  | btnC_IBUF        |               14 |             32 |         2.29 |
|  clk_slow            | top/cpu/u_pc/mem_reg[0][31]_i_5_50[0]  | btnC_IBUF        |               16 |             32 |         2.00 |
|  clk_slow            | top/cpu/u_pc/mem_reg[0][31]_i_5_52[0]  | btnC_IBUF        |               13 |             32 |         2.46 |
|  clk_slow            | top/cpu/u_pc/mem_reg[0][31]_i_5_41[0]  | btnC_IBUF        |               11 |             32 |         2.91 |
|  clk_slow            | top/cpu/u_pc/mem_reg[0][31]_i_5_57[0]  | btnC_IBUF        |               12 |             32 |         2.67 |
|  clk_slow            | top/cpu/u_pc/mem_reg[0][31]_i_5_25[0]  | btnC_IBUF        |               12 |             32 |         2.67 |
|  clk_slow            | top/cpu/u_pc/mem_reg[0][31]_i_5_58[0]  | btnC_IBUF        |               15 |             32 |         2.13 |
|  clk_slow            | top/cpu/u_pc/mem_reg[0][31]_i_5_22[0]  | btnC_IBUF        |               15 |             32 |         2.13 |
|  clk_slow            | top/cpu/u_pc/mem_reg[0][31]_i_5_13[0]  | btnC_IBUF        |               15 |             32 |         2.13 |
|  clk_slow            | top/cpu/u_pc/mem_reg[0][31]_i_5_17[0]  | btnC_IBUF        |               16 |             32 |         2.00 |
|  clk_slow            | top/cpu/u_pc/mem_reg[0][31]_i_5_21[0]  | btnC_IBUF        |               17 |             32 |         1.88 |
|  clk_slow            | top/cpu/u_pc/mem_reg[0][31]_i_5_20[0]  | btnC_IBUF        |               17 |             32 |         1.88 |
|  clk_slow            | top/cpu/u_pc/mem_reg[0][31]_i_5_12[0]  | btnC_IBUF        |               15 |             32 |         2.13 |
|  clk_slow            | top/cpu/u_pc/mem_reg[0][31]_i_5_26[0]  | btnC_IBUF        |               14 |             32 |         2.29 |
|  clk_slow            | top/cpu/u_pc/mem_reg[0][31]_i_5_3[0]   | btnC_IBUF        |               13 |             32 |         2.46 |
|  clk_slow            | top/cpu/u_pc/mem_reg[0][31]_i_5_19[0]  | btnC_IBUF        |               17 |             32 |         1.88 |
|  clk_slow            | top/cpu/u_pc/mem_reg[0][31]_i_5_30[0]  | btnC_IBUF        |               13 |             32 |         2.46 |
|  clk_slow            | top/cpu/u_pc/mem_reg[0][31]_i_5_42[0]  | btnC_IBUF        |               16 |             32 |         2.00 |
|  clk_slow            | top/cpu/u_pc/mem_reg[0][31]_i_5_38[0]  | btnC_IBUF        |               20 |             32 |         1.60 |
|  clk_slow            | top/cpu/u_pc/mem_reg[0][31]_i_5_35[0]  | btnC_IBUF        |               12 |             32 |         2.67 |
|  clk_slow            | top/cpu/u_pc/mem_reg[0][31]_i_5_0[0]   | btnC_IBUF        |               12 |             32 |         2.67 |
|  clk_slow            | top/cpu/u_pc/mem_reg[0][31]_i_5_40[0]  | btnC_IBUF        |               18 |             32 |         1.78 |
|  clk_slow            | top/cpu/u_pc/mem_reg[0][31]_i_5_54[0]  | btnC_IBUF        |               13 |             32 |         2.46 |
|  clk_slow            | top/cpu/u_pc/mem_reg[0][31]_i_5_59[0]  | btnC_IBUF        |               12 |             32 |         2.67 |
|  clk_slow            | top/cpu/u_pc/mem_reg[0][31]_i_5_18[0]  | btnC_IBUF        |               15 |             32 |         2.13 |
|  clk_slow            | top/cpu/u_pc/mem_reg[0][31]_i_6_19[0]  | btnC_IBUF        |               18 |             32 |         1.78 |
|  clk_slow            | top/cpu/u_pc/mem_reg[0][31]_i_6_49[0]  | btnC_IBUF        |               17 |             32 |         1.88 |
|  clk_slow            | top/cpu/u_pc/mem_reg[0][31]_i_6_34[0]  | btnC_IBUF        |               17 |             32 |         1.88 |
|  clk_slow            | top/cpu/u_pc/mem_reg[0][31]_i_6_54[0]  | btnC_IBUF        |               14 |             32 |         2.29 |
|  clk_slow            | top/cpu/u_pc/mem_reg[0][31]_i_6_60[0]  | btnC_IBUF        |               13 |             32 |         2.46 |
|  clk_slow            | top/cpu/u_pc/mem_reg[0][31]_i_6_44[0]  | btnC_IBUF        |               19 |             32 |         1.68 |
|  clk_slow            | top/cpu/u_pc/mem_reg[0][31]_i_6_58[0]  | btnC_IBUF        |               16 |             32 |         2.00 |
|  clk_slow            | top/cpu/u_pc/mem_reg[0][31]_i_6_64[0]  | btnC_IBUF        |               16 |             32 |         2.00 |
|  clk_slow            | top/cpu/u_pc/mem_reg[0][31]_i_6_65[0]  | btnC_IBUF        |               14 |             32 |         2.29 |
|  clk_slow            | top/cpu/u_pc/mem_reg[0][31]_i_6_66[0]  | btnC_IBUF        |               14 |             32 |         2.29 |
|  clk_slow            | top/cpu/u_pc/mem_reg[0][31]_i_6_42[0]  | btnC_IBUF        |               18 |             32 |         1.78 |
|  clk_slow            | top/cpu/u_pc/mem_reg[0][31]_i_6_67[0]  | btnC_IBUF        |               18 |             32 |         1.78 |
|  clk_slow            | top/cpu/u_pc/mem_reg[0][31]_i_6_14[0]  | btnC_IBUF        |               10 |             32 |         3.20 |
|  clk_slow            | top/cpu/u_pc/mem_reg[0][31]_i_6_32[0]  | btnC_IBUF        |               20 |             32 |         1.60 |
|  clk_slow            | top/cpu/u_pc/mem_reg[0][31]_i_6_5[0]   | btnC_IBUF        |               11 |             32 |         2.91 |
|  clk_slow            | top/cpu/u_pc/mem_reg[0][31]_i_6_53[0]  | btnC_IBUF        |               11 |             32 |         2.91 |
|  clk_slow            | top/cpu/u_pc/mem_reg[0][31]_i_6_50[0]  | btnC_IBUF        |               15 |             32 |         2.13 |
|  clk_slow            | top/cpu/u_pc/mem_reg[0][31]_i_6_4[0]   | btnC_IBUF        |               11 |             32 |         2.91 |
|  clk_slow            | top/cpu/u_pc/mem_reg[0][31]_i_6_61[0]  | btnC_IBUF        |               12 |             32 |         2.67 |
|  clk_slow            | top/cpu/u_pc/mem_reg[0][31]_i_6_18[0]  | btnC_IBUF        |               13 |             32 |         2.46 |
|  clk_slow            | top/cpu/u_pc/mem_reg[0][31]_i_6_23[0]  | btnC_IBUF        |               15 |             32 |         2.13 |
|  clk_slow            | top/cpu/u_pc/mem_reg[0][31]_i_6_24[0]  | btnC_IBUF        |               16 |             32 |         2.00 |
|  clk_slow            | top/cpu/u_pc/mem_reg[0][31]_i_6_29[0]  | btnC_IBUF        |               16 |             32 |         2.00 |
|  clk_slow            | top/cpu/u_pc/mem_reg[0][31]_i_6_12[0]  | btnC_IBUF        |               10 |             32 |         3.20 |
|  clk_slow            | top/cpu/u_pc/mem_reg[0][31]_i_6_38[0]  | btnC_IBUF        |               20 |             32 |         1.60 |
|  clk_slow            | top/cpu/u_pc/mem_reg[0][31]_i_6_3[0]   | btnC_IBUF        |               10 |             32 |         3.20 |
|  clk_slow            | top/cpu/u_pc/mem_reg[0][31]_i_6_39[0]  | btnC_IBUF        |               18 |             32 |         1.78 |
|  clk_slow            | top/cpu/u_pc/mem_reg[0][31]_i_6_56[0]  | btnC_IBUF        |               13 |             32 |         2.46 |
|  clk_slow            | top/cpu/u_pc/mem_reg[0][31]_i_6_11[0]  | btnC_IBUF        |               12 |             32 |         2.67 |
|  clk_slow            | top/cpu/u_pc/mem_reg[0][31]_i_6_51[0]  | btnC_IBUF        |               12 |             32 |         2.67 |
|  clk_slow            | top/cpu/u_pc/mem_reg[0][31]_i_6_45[0]  | btnC_IBUF        |               18 |             32 |         1.78 |
|  clk_slow            | top/cpu/u_pc/mem_reg[0][31]_i_6_1[0]   | btnC_IBUF        |               12 |             32 |         2.67 |
|  clk_slow            | top/cpu/u_pc/mem_reg[0][31]_i_6_20[0]  | btnC_IBUF        |               16 |             32 |         2.00 |
|  clk_slow            | top/cpu/u_pc/mem_reg[0][31]_i_6_55[0]  | btnC_IBUF        |               15 |             32 |         2.13 |
|  clk_slow            | top/cpu/u_pc/mem_reg[0][31]_i_6_17[0]  | btnC_IBUF        |               16 |             32 |         2.00 |
|  clk_slow            | top/cpu/u_pc/mem_reg[0][31]_i_6_31[0]  | btnC_IBUF        |               16 |             32 |         2.00 |
|  clk_slow            | top/cpu/u_pc/mem_reg[0][31]_i_6_41[0]  | btnC_IBUF        |               19 |             32 |         1.68 |
|  clk_slow            | top/cpu/u_pc/mem_reg[0][31]_i_6_13[0]  | btnC_IBUF        |               13 |             32 |         2.46 |
|  clk_slow            | top/cpu/u_pc/mem_reg[0][31]_i_6_57[0]  | btnC_IBUF        |               15 |             32 |         2.13 |
|  clk_slow            | top/cpu/u_pc/mem_reg[0][31]_i_6_15[0]  | btnC_IBUF        |               15 |             32 |         2.13 |
|  clk_slow            | top/cpu/u_pc/mem_reg[0][31]_i_6_16[0]  | btnC_IBUF        |               16 |             32 |         2.00 |
|  clk_slow            | top/cpu/u_pc/mem_reg[0][31]_i_6_46[0]  | btnC_IBUF        |               19 |             32 |         1.68 |
|  clk_slow            | top/cpu/u_pc/mem_reg[0][31]_i_6_2[0]   | btnC_IBUF        |               11 |             32 |         2.91 |
|  clk_slow            | top/cpu/u_pc/mem_reg[0][31]_i_6_47[0]  | btnC_IBUF        |               16 |             32 |         2.00 |
|  clk_slow            | top/cpu/u_pc/mem_reg[0][31]_i_6_48[0]  | btnC_IBUF        |               17 |             32 |         1.88 |
|  clk_slow            | top/cpu/u_pc/mem_reg[0][31]_i_6_33[0]  | btnC_IBUF        |               24 |             32 |         1.33 |
|  clk_slow            | top/cpu/u_pc/mem_reg[0][31]_i_6_59[0]  | btnC_IBUF        |               12 |             32 |         2.67 |
|  clk_slow            | top/cpu/u_pc/mem_reg[0][31]_i_6_6[0]   | btnC_IBUF        |               10 |             32 |         3.20 |
|  clk_slow            | top/cpu/u_pc/mem_reg[0][31]_i_6_62[0]  | btnC_IBUF        |               14 |             32 |         2.29 |
|  clk_slow            | top/cpu/u_pc/mem_reg[0][31]_i_6_37[0]  | btnC_IBUF        |               19 |             32 |         1.68 |
|  clk_slow            | top/cpu/u_pc/mem_reg[0][31]_i_6_43[0]  | btnC_IBUF        |               19 |             32 |         1.68 |
|  clk_slow            | top/cpu/u_pc/mem_reg[0][31]_i_6_40[0]  | btnC_IBUF        |               20 |             32 |         1.60 |
|  clk_slow            | top/cpu/u_pc/mem_reg[0][31]_i_6_63[0]  | btnC_IBUF        |               15 |             32 |         2.13 |
|  clk_slow            | top/cpu/u_pc/mem_reg[0][31]_i_6_26[0]  | btnC_IBUF        |               15 |             32 |         2.13 |
|  clk_slow            | top/cpu/u_pc/mem_reg[0][31]_i_6_22[0]  | btnC_IBUF        |               13 |             32 |         2.46 |
|  clk_slow            | top/cpu/u_pc/mem_reg[0][31]_i_6_25[0]  | btnC_IBUF        |               18 |             32 |         1.78 |
|  clk_slow            | top/cpu/u_pc/mem_reg[0][31]_i_6_27[0]  | btnC_IBUF        |               17 |             32 |         1.88 |
|  clk_slow            | top/cpu/u_pc/mem_reg[0][31]_i_6_30[0]  | btnC_IBUF        |               17 |             32 |         1.88 |
|  clk_slow            | top/cpu/u_pc/mem_reg[0][31]_i_6_10[0]  | btnC_IBUF        |               12 |             32 |         2.67 |
|  clk_slow            | top/cpu/u_pc/mem_reg[0][31]_i_6_28[0]  | btnC_IBUF        |               20 |             32 |         1.60 |
|  clk_slow            | top/cpu/u_pc/mem_reg[0][31]_i_6_35[0]  | btnC_IBUF        |               20 |             32 |         1.60 |
|  clk_slow            | top/cpu/u_pc/mem_reg[0][31]_i_6_36[0]  | btnC_IBUF        |               19 |             32 |         1.68 |
|  clk_slow            | top/cpu/u_pc/mem_reg[0][31]_i_6_52[0]  | btnC_IBUF        |               11 |             32 |         2.91 |
|  clk_slow            | top/cpu/u_pc/mem_reg[0][31]_i_6_21[0]  | btnC_IBUF        |               16 |             32 |         2.00 |
|  clk_slow            | top/cpu/u_pc/mem_reg[0][31]_i_6_80[0]  | btnC_IBUF        |               14 |             32 |         2.29 |
|  clk_slow            | top/cpu/u_pc/mem_reg[0][31]_i_6_81[0]  | btnC_IBUF        |               13 |             32 |         2.46 |
|  clk_slow            | top/cpu/u_pc/mem_reg[0][31]_i_6_82[0]  | btnC_IBUF        |               15 |             32 |         2.13 |
|  clk_slow            | top/cpu/u_pc/mem_reg[0][31]_i_6_84[0]  | btnC_IBUF        |               12 |             32 |         2.67 |
|  clk_slow            | top/cpu/u_pc/mem_reg[0][31]_i_6_73[0]  | btnC_IBUF        |               12 |             32 |         2.67 |
|  clk_slow            | top/cpu/u_pc/mem_reg[0][31]_i_6_71[0]  | btnC_IBUF        |               14 |             32 |         2.29 |
|  clk_slow            | top/cpu/u_pc/mem_reg[0][31]_i_6_9[0]   | btnC_IBUF        |               12 |             32 |         2.67 |
|  clk_slow            | top/cpu/u_pc/mem_reg[0][31]_i_6_75[0]  | btnC_IBUF        |               14 |             32 |         2.29 |
|  clk_slow            | top/cpu/u_pc/mem_reg[0][31]_i_6_79[0]  | btnC_IBUF        |               12 |             32 |         2.67 |
|  clk_slow            | top/cpu/u_pc/mem_reg[0][31]_i_6_83[0]  | btnC_IBUF        |               16 |             32 |         2.00 |
|  clk_slow            | top/cpu/u_pc/mem_reg[0][31]_i_6_78[0]  | btnC_IBUF        |               13 |             32 |         2.46 |
|  clk_slow            | top/cpu/u_pc/mem_reg[0][31]_i_6_77[0]  | btnC_IBUF        |               14 |             32 |         2.29 |
|  clk_slow            | top/cpu/u_pc/mem_reg[0][31]_i_9_0[0]   | btnC_IBUF        |                9 |             32 |         3.56 |
|  clk_slow            | top/cpu/u_pc/mem_reg[0][31]_i_6_76[0]  | btnC_IBUF        |               13 |             32 |         2.46 |
|  clk_slow            | top/cpu/u_pc/mem_reg[0][31]_i_6_74[0]  | btnC_IBUF        |               13 |             32 |         2.46 |
|  clk_slow            | top/cpu/u_pc/mem_reg[0][31]_i_6_69[0]  | btnC_IBUF        |               17 |             32 |         1.88 |
|  clk_slow            | top/cpu/u_pc/mem_reg[0][31]_i_6_68[0]  | btnC_IBUF        |               15 |             32 |         2.13 |
|  clk_slow            | top/cpu/u_pc/mem_reg[0][31]_i_6_70[0]  | btnC_IBUF        |               12 |             32 |         2.67 |
|  clk_slow            | top/cpu/u_pc/mem_reg[0][31]_i_6_72[0]  | btnC_IBUF        |               13 |             32 |         2.46 |
|  clk_slow            | top/cpu/u_pc/mem_reg[0][31]_i_6_8[0]   | btnC_IBUF        |               12 |             32 |         2.67 |
|  clk_slow            | top/cpu/u_pc/mem_reg[0][31]_i_6_7[0]   | btnC_IBUF        |               13 |             32 |         2.46 |
|  CLK100MHZ_IBUF_BUFG |                                        | btnC_IBUF        |               13 |             47 |         3.62 |
+----------------------+----------------------------------------+------------------+------------------+----------------+--------------+


