Copyright 1986-2020 Xilinx, Inc. All Rights Reserved.
--------------------------------------------------------------------------------------------
| Tool Version : Vivado v.2020.1 (win64) Build 2902540 Wed May 27 19:54:49 MDT 2020
| Date         : Wed Apr 29 15:21:30 2026
| Host         : DESKTOP-KNMORIL running 64-bit major release  (build 9200)
| Command      : report_control_sets -verbose -file task_a_fpga_top_control_sets_placed.rpt
| Design       : task_a_fpga_top
| Device       : xc7a35t
--------------------------------------------------------------------------------------------

Control Set Information

Table of Contents
-----------------
1. Summary
2. Histogram
3. Flip-Flop Distribution
4. Detailed Control Set Information

1. Summary
----------

+----------------------------------------------------------+-------+
|                          Status                          | Count |
+----------------------------------------------------------+-------+
| Total control sets                                       |   522 |
|    Minimum number of control sets                        |   522 |
|    Addition due to synthesis replication                 |     0 |
|    Addition due to physical synthesis replication        |     0 |
| Unused register locations in slices containing registers |     1 |
+----------------------------------------------------------+-------+
* Control sets can be merged at opt_design using control_set_merge or merge_equivalent_drivers
** Run report_qor_suggestions for automated merging and remapping suggestions


2. Histogram
------------

+--------------------+-------+
|       Fanout       | Count |
+--------------------+-------+
| Total control sets |   522 |
| >= 0 to < 4        |     0 |
| >= 4 to < 6        |     0 |
| >= 6 to < 8        |     0 |
| >= 8 to < 10       |     0 |
| >= 10 to < 12      |     0 |
| >= 12 to < 14      |     0 |
| >= 14 to < 16      |     0 |
| >= 16              |   522 |
+--------------------+-------+
* Control sets can be remapped at either synth_design or opt_design


3. Flip-Flop Distribution
-------------------------

+--------------+-----------------------+------------------------+-----------------+--------------+
| Clock Enable | Synchronous Set/Reset | Asynchronous Set/Reset | Total Registers | Total Slices |
+--------------+-----------------------+------------------------+-----------------+--------------+
| No           | No                    | No                     |               0 |            0 |
| No           | No                    | Yes                    |              52 |           19 |
| No           | Yes                   | No                     |              27 |            6 |
| Yes          | No                    | No                     |               0 |            0 |
| Yes          | No                    | Yes                    |             224 |           77 |
| Yes          | Yes                   | No                     |           16416 |         6215 |
+--------------+-----------------------+------------------------+-----------------+--------------+


4. Detailed Control Set Information
-----------------------------------

+----------------------+-------------------------------+------------------+------------------+----------------+--------------+
|     Clock Signal     |         Enable Signal         | Set/Reset Signal | Slice Load Count | Bel Load Count | Bels / Slice |
+----------------------+-------------------------------+------------------+------------------+----------------+--------------+
|  clk_slow            | top/cpu/u_pc/PC_reg[2]_112[0] | btnC_IBUF        |               12 |             32 |         2.67 |
|  clk_slow            |                               | btnC_IBUF        |               14 |             32 |         2.29 |
|  clk_slow            | top/cpu/u_pc/E[0]             | btnC_IBUF        |               10 |             32 |         3.20 |
|  clk_slow            | top/cpu/u_pc/PC_reg[2]_103[0] | btnC_IBUF        |               17 |             32 |         1.88 |
|  clk_slow            | top/cpu/u_pc/PC_reg[2]_104[0] | btnC_IBUF        |               15 |             32 |         2.13 |
|  clk_slow            | top/cpu/u_pc/PC_reg[2]_105[0] | btnC_IBUF        |               10 |             32 |         3.20 |
|  clk_slow            | top/cpu/u_pc/PC_reg[2]_106[0] | btnC_IBUF        |               13 |             32 |         2.46 |
|  clk_slow            | top/cpu/u_pc/PC_reg[2]_107[0] | btnC_IBUF        |               11 |             32 |         2.91 |
|  clk_slow            | top/cpu/u_pc/PC_reg[2]_108[0] | btnC_IBUF        |               17 |             32 |         1.88 |
|  clk_slow            | top/cpu/u_pc/PC_reg[2]_109[0] | btnC_IBUF        |               16 |             32 |         2.00 |
|  clk_slow            | top/cpu/u_pc/PC_reg[2]_11[0]  | btnC_IBUF        |                8 |             32 |         4.00 |
|  clk_slow            | top/cpu/u_pc/PC_reg[2]_100[0] | btnC_IBUF        |               12 |             32 |         2.67 |
|  clk_slow            | top/cpu/u_pc/PC_reg[2]_0[0]   | btnC_IBUF        |               12 |             32 |         2.67 |
|  clk_slow            | top/cpu/u_pc/PC_reg[2]_1[0]   | btnC_IBUF        |               11 |             32 |         2.91 |
|  clk_slow            | top/cpu/u_pc/PC_reg[2]_10[0]  | btnC_IBUF        |               10 |             32 |         3.20 |
|  clk_slow            | top/cpu/u_pc/PC_reg[2]_101[0] | btnC_IBUF        |               13 |             32 |         2.46 |
|  clk_slow            | top/cpu/u_pc/PC_reg[2]_102[0] | btnC_IBUF        |               13 |             32 |         2.46 |
|  clk_slow            | top/cpu/u_pc/PC_reg[2]_141[0] | btnC_IBUF        |                9 |             32 |         3.56 |
|  clk_slow            | top/cpu/u_pc/PC_reg[2]_147[0] | btnC_IBUF        |               14 |             32 |         2.29 |
|  clk_slow            | top/cpu/u_pc/PC_reg[2]_121[0] | btnC_IBUF        |               11 |             32 |         2.91 |
|  clk_slow            | top/cpu/u_pc/PC_reg[2]_151[0] | btnC_IBUF        |                8 |             32 |         4.00 |
|  clk_slow            | top/cpu/u_pc/PC_reg[2]_154[0] | btnC_IBUF        |               10 |             32 |         3.20 |
|  clk_slow            | top/cpu/u_pc/PC_reg[2]_110[0] | btnC_IBUF        |               13 |             32 |         2.46 |
|  clk_slow            | top/cpu/u_pc/PC_reg[2]_160[0] | btnC_IBUF        |               13 |             32 |         2.46 |
|  clk_slow            | top/cpu/u_pc/PC_reg[2]_145[0] | btnC_IBUF        |                8 |             32 |         4.00 |
|  clk_slow            | top/cpu/u_pc/PC_reg[2]_163[0] | btnC_IBUF        |               17 |             32 |         1.88 |
|  clk_slow            | top/cpu/u_pc/PC_reg[2]_15[0]  | btnC_IBUF        |                8 |             32 |         4.00 |
|  clk_slow            | top/cpu/u_pc/PC_reg[2]_149[0] | btnC_IBUF        |               10 |             32 |         3.20 |
|  clk_slow            | top/cpu/u_pc/PC_reg[2]_164[0] | btnC_IBUF        |               13 |             32 |         2.46 |
|  clk_slow            | top/cpu/u_pc/PC_reg[2]_127[0] | btnC_IBUF        |               10 |             32 |         3.20 |
|  clk_slow            | top/cpu/u_pc/PC_reg[2]_165[0] | btnC_IBUF        |               10 |             32 |         3.20 |
|  clk_slow            | top/cpu/u_pc/PC_reg[2]_166[0] | btnC_IBUF        |               17 |             32 |         1.88 |
|  clk_slow            | top/cpu/u_pc/PC_reg[2]_139[0] | btnC_IBUF        |               11 |             32 |         2.91 |
|  clk_slow            | top/cpu/u_pc/PC_reg[2]_167[0] | btnC_IBUF        |               12 |             32 |         2.67 |
|  clk_slow            | top/cpu/u_pc/PC_reg[2]_148[0] | btnC_IBUF        |               15 |             32 |         2.13 |
|  clk_slow            | top/cpu/u_pc/PC_reg[2]_168[0] | btnC_IBUF        |               11 |             32 |         2.91 |
|  clk_slow            | top/cpu/u_pc/PC_reg[2]_124[0] | btnC_IBUF        |               10 |             32 |         3.20 |
|  clk_slow            | top/cpu/u_pc/PC_reg[2]_142[0] | btnC_IBUF        |                8 |             32 |         4.00 |
|  clk_slow            | top/cpu/u_pc/PC_reg[2]_129[0] | btnC_IBUF        |               11 |             32 |         2.91 |
|  clk_slow            | top/cpu/u_pc/PC_reg[2]_122[0] | btnC_IBUF        |               12 |             32 |         2.67 |
|  clk_slow            | top/cpu/u_pc/PC_reg[2]_13[0]  | btnC_IBUF        |                8 |             32 |         4.00 |
|  clk_slow            | top/cpu/u_pc/PC_reg[2]_115[0] | btnC_IBUF        |               14 |             32 |         2.29 |
|  clk_slow            | top/cpu/u_pc/PC_reg[2]_123[0] | btnC_IBUF        |               13 |             32 |         2.46 |
|  clk_slow            | top/cpu/u_pc/PC_reg[2]_126[0] | btnC_IBUF        |               13 |             32 |         2.46 |
|  clk_slow            | top/cpu/u_pc/PC_reg[2]_132[0] | btnC_IBUF        |               10 |             32 |         3.20 |
|  clk_slow            | top/cpu/u_pc/PC_reg[2]_128[0] | btnC_IBUF        |               11 |             32 |         2.91 |
|  clk_slow            | top/cpu/u_pc/PC_reg[2]_133[0] | btnC_IBUF        |               10 |             32 |         3.20 |
|  clk_slow            | top/cpu/u_pc/PC_reg[2]_116[0] | btnC_IBUF        |               11 |             32 |         2.91 |
|  clk_slow            | top/cpu/u_pc/PC_reg[2]_125[0] | btnC_IBUF        |               14 |             32 |         2.29 |
|  clk_slow            | top/cpu/u_pc/PC_reg[2]_135[0] | btnC_IBUF        |                9 |             32 |         3.56 |
|  clk_slow            | top/cpu/u_pc/PC_reg[2]_113[0] | btnC_IBUF        |               14 |             32 |         2.29 |
|  clk_slow            | top/cpu/u_pc/PC_reg[2]_138[0] | btnC_IBUF        |                8 |             32 |         4.00 |
|  clk_slow            | top/cpu/u_pc/PC_reg[2]_140[0] | btnC_IBUF        |                9 |             32 |         3.56 |
|  clk_slow            | top/cpu/u_pc/PC_reg[2]_146[0] | btnC_IBUF        |               13 |             32 |         2.46 |
|  clk_slow            | top/cpu/u_pc/PC_reg[2]_150[0] | btnC_IBUF        |               15 |             32 |         2.13 |
|  clk_slow            | top/cpu/u_pc/PC_reg[2]_14[0]  | btnC_IBUF        |               10 |             32 |         3.20 |
|  clk_slow            | top/cpu/u_pc/PC_reg[2]_130[0] | btnC_IBUF        |               11 |             32 |         2.91 |
|  clk_slow            | top/cpu/u_pc/PC_reg[2]_153[0] | btnC_IBUF        |               12 |             32 |         2.67 |
|  clk_slow            | top/cpu/u_pc/PC_reg[2]_155[0] | btnC_IBUF        |               13 |             32 |         2.46 |
|  clk_slow            | top/cpu/u_pc/PC_reg[2]_136[0] | btnC_IBUF        |               10 |             32 |         3.20 |
|  clk_slow            | top/cpu/u_pc/PC_reg[2]_156[0] | btnC_IBUF        |               12 |             32 |         2.67 |
|  clk_slow            | top/cpu/u_pc/PC_reg[2]_114[0] | btnC_IBUF        |               13 |             32 |         2.46 |
|  clk_slow            | top/cpu/u_pc/PC_reg[2]_120[0] | btnC_IBUF        |               13 |             32 |         2.46 |
|  clk_slow            | top/cpu/u_pc/PC_reg[2]_144[0] | btnC_IBUF        |               11 |             32 |         2.91 |
|  clk_slow            | top/cpu/u_pc/PC_reg[2]_131[0] | btnC_IBUF        |               10 |             32 |         3.20 |
|  clk_slow            | top/cpu/u_pc/PC_reg[2]_172[0] | btnC_IBUF        |               15 |             32 |         2.13 |
|  clk_slow            | top/cpu/u_pc/PC_reg[2]_111[0] | btnC_IBUF        |               13 |             32 |         2.46 |
|  clk_slow            | top/cpu/u_pc/PC_reg[2]_134[0] | btnC_IBUF        |                9 |             32 |         3.56 |
|  clk_slow            | top/cpu/u_pc/PC_reg[2]_143[0] | btnC_IBUF        |                9 |             32 |         3.56 |
|  clk_slow            | top/cpu/u_pc/PC_reg[2]_152[0] | btnC_IBUF        |               16 |             32 |         2.00 |
|  clk_slow            | top/cpu/u_pc/PC_reg[2]_157[0] | btnC_IBUF        |               14 |             32 |         2.29 |
|  clk_slow            | top/cpu/u_pc/PC_reg[2]_119[0] | btnC_IBUF        |               10 |             32 |         3.20 |
|  clk_slow            | top/cpu/u_pc/PC_reg[2]_137[0] | btnC_IBUF        |                6 |             32 |         5.33 |
|  clk_slow            | top/cpu/u_pc/PC_reg[2]_158[0] | btnC_IBUF        |               17 |             32 |         1.88 |
|  clk_slow            | top/cpu/u_pc/PC_reg[2]_159[0] | btnC_IBUF        |               14 |             32 |         2.29 |
|  clk_slow            | top/cpu/u_pc/PC_reg[2]_16[0]  | btnC_IBUF        |               10 |             32 |         3.20 |
|  clk_slow            | top/cpu/u_pc/PC_reg[2]_161[0] | btnC_IBUF        |               10 |             32 |         3.20 |
|  clk_slow            | top/cpu/u_pc/PC_reg[2]_162[0] | btnC_IBUF        |               13 |             32 |         2.46 |
|  clk_slow            | top/cpu/u_pc/PC_reg[2]_118[0] | btnC_IBUF        |               13 |             32 |         2.46 |
|  clk_slow            | top/cpu/u_pc/PC_reg[2]_12[0]  | btnC_IBUF        |                8 |             32 |         4.00 |
|  clk_slow            | top/cpu/u_pc/PC_reg[2]_117[0] | btnC_IBUF        |               15 |             32 |         2.13 |
|  clk_slow            | top/cpu/u_pc/PC_reg[2]_190[0] | btnC_IBUF        |               13 |             32 |         2.46 |
|  clk_slow            | top/cpu/u_pc/PC_reg[2]_215[0] | btnC_IBUF        |               11 |             32 |         2.91 |
|  clk_slow            | top/cpu/u_pc/PC_reg[2]_189[0] | btnC_IBUF        |               14 |             32 |         2.29 |
|  clk_slow            | top/cpu/u_pc/PC_reg[2]_211[0] | btnC_IBUF        |               10 |             32 |         3.20 |
|  clk_slow            | top/cpu/u_pc/PC_reg[2]_173[0] | btnC_IBUF        |               17 |             32 |         1.88 |
|  clk_slow            | top/cpu/u_pc/PC_reg[2]_169[0] | btnC_IBUF        |               12 |             32 |         2.67 |
|  clk_slow            | top/cpu/u_pc/PC_reg[2]_170[0] | btnC_IBUF        |                9 |             32 |         3.56 |
|  clk_slow            | top/cpu/u_pc/PC_reg[2]_177[0] | btnC_IBUF        |               12 |             32 |         2.67 |
|  clk_slow            | top/cpu/u_pc/PC_reg[2]_180[0] | btnC_IBUF        |               16 |             32 |         2.00 |
|  clk_slow            | top/cpu/u_pc/PC_reg[2]_17[0]  | btnC_IBUF        |               11 |             32 |         2.91 |
|  clk_slow            | top/cpu/u_pc/PC_reg[2]_171[0] | btnC_IBUF        |               13 |             32 |         2.46 |
|  clk_slow            | top/cpu/u_pc/PC_reg[2]_19[0]  | btnC_IBUF        |               10 |             32 |         3.20 |
|  clk_slow            | top/cpu/u_pc/PC_reg[2]_196[0] | btnC_IBUF        |               11 |             32 |         2.91 |
|  clk_slow            | top/cpu/u_pc/PC_reg[2]_185[0] | btnC_IBUF        |               13 |             32 |         2.46 |
|  clk_slow            | top/cpu/u_pc/PC_reg[2]_210[0] | btnC_IBUF        |               11 |             32 |         2.91 |
|  clk_slow            | top/cpu/u_pc/PC_reg[2]_220[0] | btnC_IBUF        |                8 |             32 |         4.00 |
|  clk_slow            | top/cpu/u_pc/PC_reg[2]_221[0] | btnC_IBUF        |               13 |             32 |         2.46 |
|  clk_slow            | top/cpu/u_pc/PC_reg[2]_219[0] | btnC_IBUF        |                9 |             32 |         3.56 |
|  clk_slow            | top/cpu/u_pc/PC_reg[2]_222[0] | btnC_IBUF        |                7 |             32 |         4.57 |
|  clk_slow            | top/cpu/u_pc/PC_reg[2]_186[0] | btnC_IBUF        |               13 |             32 |         2.46 |
|  clk_slow            | top/cpu/u_pc/PC_reg[2]_209[0] | btnC_IBUF        |               12 |             32 |         2.67 |
|  clk_slow            | top/cpu/u_pc/PC_reg[2]_188[0] | btnC_IBUF        |               12 |             32 |         2.67 |
|  clk_slow            | top/cpu/u_pc/PC_reg[2]_201[0] | btnC_IBUF        |                9 |             32 |         3.56 |
|  clk_slow            | top/cpu/u_pc/PC_reg[2]_21[0]  | btnC_IBUF        |               10 |             32 |         3.20 |
|  clk_slow            | top/cpu/u_pc/PC_reg[2]_195[0] | btnC_IBUF        |                9 |             32 |         3.56 |
|  clk_slow            | top/cpu/u_pc/PC_reg[2]_200[0] | btnC_IBUF        |               11 |             32 |         2.91 |
|  clk_slow            | top/cpu/u_pc/PC_reg[2]_198[0] | btnC_IBUF        |               13 |             32 |         2.46 |
|  clk_slow            | top/cpu/u_pc/PC_reg[2]_2[0]   | btnC_IBUF        |               13 |             32 |         2.46 |
|  clk_slow            | top/cpu/u_pc/PC_reg[2]_212[0] | btnC_IBUF        |               12 |             32 |         2.67 |
|  clk_slow            | top/cpu/u_pc/PC_reg[2]_22[0]  | btnC_IBUF        |               11 |             32 |         2.91 |
|  clk_slow            | top/cpu/u_pc/PC_reg[2]_206[0] | btnC_IBUF        |                8 |             32 |         4.00 |
|  clk_slow            | top/cpu/u_pc/PC_reg[2]_187[0] | btnC_IBUF        |               15 |             32 |         2.13 |
|  clk_slow            | top/cpu/u_pc/PC_reg[2]_223[0] | btnC_IBUF        |               11 |             32 |         2.91 |
|  clk_slow            | top/cpu/u_pc/PC_reg[2]_197[0] | btnC_IBUF        |               15 |             32 |         2.13 |
|  clk_slow            | top/cpu/u_pc/PC_reg[2]_203[0] | btnC_IBUF        |                9 |             32 |         3.56 |
|  clk_slow            | top/cpu/u_pc/PC_reg[2]_207[0] | btnC_IBUF        |                8 |             32 |         4.00 |
|  clk_slow            | top/cpu/u_pc/PC_reg[2]_217[0] | btnC_IBUF        |               10 |             32 |         3.20 |
|  clk_slow            | top/cpu/u_pc/PC_reg[2]_178[0] | btnC_IBUF        |               14 |             32 |         2.29 |
|  clk_slow            | top/cpu/u_pc/PC_reg[2]_183[0] | btnC_IBUF        |               14 |             32 |         2.29 |
|  clk_slow            | top/cpu/u_pc/PC_reg[2]_184[0] | btnC_IBUF        |               16 |             32 |         2.00 |
|  clk_slow            | top/cpu/u_pc/PC_reg[2]_224[0] | btnC_IBUF        |               13 |             32 |         2.46 |
|  clk_slow            | top/cpu/u_pc/PC_reg[2]_225[0] | btnC_IBUF        |               17 |             32 |         1.88 |
|  clk_slow            | top/cpu/u_pc/PC_reg[2]_176[0] | btnC_IBUF        |               15 |             32 |         2.13 |
|  clk_slow            | top/cpu/u_pc/PC_reg[2]_193[0] | btnC_IBUF        |               10 |             32 |         3.20 |
|  clk_slow            | top/cpu/u_pc/PC_reg[2]_18[0]  | btnC_IBUF        |               11 |             32 |         2.91 |
|  clk_slow            | top/cpu/u_pc/PC_reg[2]_194[0] | btnC_IBUF        |               10 |             32 |         3.20 |
|  clk_slow            | top/cpu/u_pc/PC_reg[2]_174[0] | btnC_IBUF        |               14 |             32 |         2.29 |
|  clk_slow            | top/cpu/u_pc/PC_reg[2]_182[0] | btnC_IBUF        |               20 |             32 |         1.60 |
|  clk_slow            | top/cpu/u_pc/PC_reg[2]_199[0] | btnC_IBUF        |               10 |             32 |         3.20 |
|  clk_slow            | top/cpu/u_pc/PC_reg[6]_9[0]   | btnC_IBUF        |               10 |             32 |         3.20 |
|  clk_slow            | top/cpu/u_pc/PC_reg[2]_192[0] | btnC_IBUF        |               12 |             32 |         2.67 |
|  clk_slow            | top/cpu/u_pc/PC_reg[2]_202[0] | btnC_IBUF        |                8 |             32 |         4.00 |
|  clk_slow            | top/cpu/u_pc/PC_reg[2]_204[0] | btnC_IBUF        |               10 |             32 |         3.20 |
|  clk_slow            | top/cpu/u_pc/PC_reg[2]_205[0] | btnC_IBUF        |                9 |             32 |         3.56 |
|  clk_slow            | top/cpu/u_pc/PC_reg[2]_181[0] | btnC_IBUF        |               15 |             32 |         2.13 |
|  clk_slow            | top/cpu/u_pc/PC_reg[2]_214[0] | btnC_IBUF        |               13 |             32 |         2.46 |
|  clk_slow            | top/cpu/u_pc/PC_reg[2]_216[0] | btnC_IBUF        |               10 |             32 |         3.20 |
|  clk_slow            | top/cpu/u_pc/PC_reg[2]_218[0] | btnC_IBUF        |                7 |             32 |         4.57 |
|  clk_slow            | top/cpu/u_pc/PC_reg[2]_20[0]  | btnC_IBUF        |               13 |             32 |         2.46 |
|  clk_slow            | top/cpu/u_pc/PC_reg[2]_191[0] | btnC_IBUF        |               17 |             32 |         1.88 |
|  clk_slow            | top/cpu/u_pc/PC_reg[2]_179[0] | btnC_IBUF        |               11 |             32 |         2.91 |
|  clk_slow            | top/cpu/u_pc/PC_reg[2]_208[0] | btnC_IBUF        |                9 |             32 |         3.56 |
|  clk_slow            | top/cpu/u_pc/PC_reg[2]_213[0] | btnC_IBUF        |               10 |             32 |         3.20 |
|  clk_slow            | top/cpu/u_pc/PC_reg[2]_175[0] | btnC_IBUF        |               14 |             32 |         2.29 |
|  clk_slow            | top/cpu/u_pc/PC_reg[2]_25[0]  | btnC_IBUF        |               17 |             32 |         1.88 |
|  clk_slow            | top/cpu/u_pc/PC_reg[2]_251[0] | btnC_IBUF        |               13 |             32 |         2.46 |
|  clk_slow            | top/cpu/u_pc/PC_reg[2]_231[0] | btnC_IBUF        |               12 |             32 |         2.67 |
|  clk_slow            | top/cpu/u_pc/PC_reg[2]_279[0] | btnC_IBUF        |               16 |             32 |         2.00 |
|  clk_slow            | top/cpu/u_pc/PC_reg[2]_238[0] | btnC_IBUF        |               13 |             32 |         2.46 |
|  clk_slow            | top/cpu/u_pc/PC_reg[2]_227[0] | btnC_IBUF        |               12 |             32 |         2.67 |
|  clk_slow            | top/cpu/u_pc/PC_reg[2]_232[0] | btnC_IBUF        |               13 |             32 |         2.46 |
|  clk_slow            | top/cpu/u_pc/PC_reg[2]_244[0] | btnC_IBUF        |               11 |             32 |         2.91 |
|  clk_slow            | top/cpu/u_pc/PC_reg[2]_276[0] | btnC_IBUF        |               12 |             32 |         2.67 |
|  clk_slow            | top/cpu/u_pc/PC_reg[2]_249[0] | btnC_IBUF        |               11 |             32 |         2.91 |
|  clk_slow            | top/cpu/u_pc/PC_reg[2]_27[0]  | btnC_IBUF        |               11 |             32 |         2.91 |
|  clk_slow            | top/cpu/u_pc/PC_reg[2]_26[0]  | btnC_IBUF        |               12 |             32 |         2.67 |
|  clk_slow            | top/cpu/u_pc/PC_reg[2]_264[0] | btnC_IBUF        |                8 |             32 |         4.00 |
|  clk_slow            | top/cpu/u_pc/PC_reg[2]_270[0] | btnC_IBUF        |               11 |             32 |         2.91 |
|  clk_slow            | top/cpu/u_pc/PC_reg[2]_274[0] | btnC_IBUF        |               12 |             32 |         2.67 |
|  clk_slow            | top/cpu/u_pc/PC_reg[2]_28[0]  | btnC_IBUF        |               12 |             32 |         2.67 |
|  clk_slow            | top/cpu/u_pc/PC_reg[2]_281[0] | btnC_IBUF        |               12 |             32 |         2.67 |
|  clk_slow            | top/cpu/u_pc/PC_reg[2]_236[0] | btnC_IBUF        |               11 |             32 |         2.91 |
|  clk_slow            | top/cpu/u_pc/PC_reg[2]_282[0] | btnC_IBUF        |               16 |             32 |         2.00 |
|  clk_slow            | top/cpu/u_pc/PC_reg[2]_283[0] | btnC_IBUF        |               10 |             32 |         3.20 |
|  clk_slow            | top/cpu/u_pc/PC_reg[2]_233[0] | btnC_IBUF        |               11 |             32 |         2.91 |
|  clk_slow            | top/cpu/u_pc/PC_reg[2]_230[0] | btnC_IBUF        |               16 |             32 |         2.00 |
|  clk_slow            | top/cpu/u_pc/PC_reg[2]_247[0] | btnC_IBUF        |               10 |             32 |         3.20 |
|  clk_slow            | top/cpu/u_pc/PC_reg[2]_248[0] | btnC_IBUF        |               12 |             32 |         2.67 |
|  clk_slow            | top/cpu/u_pc/PC_reg[2]_254[0] | btnC_IBUF        |               15 |             32 |         2.13 |
|  clk_slow            | top/cpu/u_pc/PC_reg[2]_265[0] | btnC_IBUF        |               12 |             32 |         2.67 |
|  clk_slow            | top/cpu/u_pc/PC_reg[2]_242[0] | btnC_IBUF        |                9 |             32 |         3.56 |
|  clk_slow            | top/cpu/u_pc/PC_reg[2]_252[0] | btnC_IBUF        |               15 |             32 |         2.13 |
|  clk_slow            | top/cpu/u_pc/PC_reg[2]_235[0] | btnC_IBUF        |               14 |             32 |         2.29 |
|  clk_slow            | top/cpu/u_pc/PC_reg[2]_240[0] | btnC_IBUF        |               11 |             32 |         2.91 |
|  clk_slow            | top/cpu/u_pc/PC_reg[2]_250[0] | btnC_IBUF        |               12 |             32 |         2.67 |
|  clk_slow            | top/cpu/u_pc/PC_reg[2]_255[0] | btnC_IBUF        |               10 |             32 |         3.20 |
|  clk_slow            | top/cpu/u_pc/PC_reg[2]_266[0] | btnC_IBUF        |               11 |             32 |         2.91 |
|  clk_slow            | top/cpu/u_pc/PC_reg[2]_245[0] | btnC_IBUF        |                8 |             32 |         4.00 |
|  clk_slow            | top/cpu/u_pc/PC_reg[2]_268[0] | btnC_IBUF        |                9 |             32 |         3.56 |
|  clk_slow            | top/cpu/u_pc/PC_reg[2]_234[0] | btnC_IBUF        |               16 |             32 |         2.00 |
|  clk_slow            | top/cpu/u_pc/PC_reg[2]_271[0] | btnC_IBUF        |               10 |             32 |         3.20 |
|  clk_slow            | top/cpu/u_pc/PC_reg[2]_272[0] | btnC_IBUF        |                7 |             32 |         4.57 |
|  clk_slow            | top/cpu/u_pc/PC_reg[2]_260[0] | btnC_IBUF        |               14 |             32 |         2.29 |
|  clk_slow            | top/cpu/u_pc/PC_reg[2]_259[0] | btnC_IBUF        |                9 |             32 |         3.56 |
|  clk_slow            | top/cpu/u_pc/PC_reg[2]_273[0] | btnC_IBUF        |               13 |             32 |         2.46 |
|  clk_slow            | top/cpu/u_pc/PC_reg[2]_280[0] | btnC_IBUF        |               14 |             32 |         2.29 |
|  clk_slow            | top/cpu/u_pc/PC_reg[2]_257[0] | btnC_IBUF        |               12 |             32 |         2.67 |
|  clk_slow            | top/cpu/u_pc/PC_reg[2]_24[0]  | btnC_IBUF        |               18 |             32 |         1.78 |
|  clk_slow            | top/cpu/u_pc/PC_reg[2]_243[0] | btnC_IBUF        |               11 |             32 |         2.91 |
|  clk_slow            | top/cpu/u_pc/PC_reg[2]_237[0] | btnC_IBUF        |                9 |             32 |         3.56 |
|  clk_slow            | top/cpu/u_pc/PC_reg[2]_239[0] | btnC_IBUF        |               10 |             32 |         3.20 |
|  clk_slow            | top/cpu/u_pc/PC_reg[2]_241[0] | btnC_IBUF        |                8 |             32 |         4.00 |
|  clk_slow            | top/cpu/u_pc/PC_reg[2]_258[0] | btnC_IBUF        |               12 |             32 |         2.67 |
|  clk_slow            | top/cpu/u_pc/PC_reg[2]_256[0] | btnC_IBUF        |               10 |             32 |         3.20 |
|  clk_slow            | top/cpu/u_pc/PC_reg[2]_228[0] | btnC_IBUF        |                8 |             32 |         4.00 |
|  clk_slow            | top/cpu/u_pc/PC_reg[2]_253[0] | btnC_IBUF        |               13 |             32 |         2.46 |
|  clk_slow            | top/cpu/u_pc/PC_reg[2]_261[0] | btnC_IBUF        |               11 |             32 |         2.91 |
|  clk_slow            | top/cpu/u_pc/PC_reg[2]_262[0] | btnC_IBUF        |               13 |             32 |         2.46 |
|  clk_slow            | top/cpu/u_pc/PC_reg[2]_263[0] | btnC_IBUF        |               15 |             32 |         2.13 |
|  clk_slow            | top/cpu/u_pc/PC_reg[2]_267[0] | btnC_IBUF        |                8 |             32 |         4.00 |
|  clk_slow            | top/cpu/u_pc/PC_reg[2]_269[0] | btnC_IBUF        |                6 |             32 |         5.33 |
|  clk_slow            | top/cpu/u_pc/PC_reg[2]_226[0] | btnC_IBUF        |               15 |             32 |         2.13 |
|  clk_slow            | top/cpu/u_pc/PC_reg[2]_275[0] | btnC_IBUF        |               12 |             32 |         2.67 |
|  clk_slow            | top/cpu/u_pc/PC_reg[2]_277[0] | btnC_IBUF        |               11 |             32 |         2.91 |
|  clk_slow            | top/cpu/u_pc/PC_reg[2]_278[0] | btnC_IBUF        |               12 |             32 |         2.67 |
|  clk_slow            | top/cpu/u_pc/PC_reg[2]_23[0]  | btnC_IBUF        |               13 |             32 |         2.46 |
|  clk_slow            | top/cpu/u_pc/PC_reg[2]_246[0] | btnC_IBUF        |               11 |             32 |         2.91 |
|  clk_slow            | top/cpu/u_pc/PC_reg[2]_229[0] | btnC_IBUF        |               12 |             32 |         2.67 |
|  clk_slow            | top/cpu/u_pc/PC_reg[2]_333[0] | btnC_IBUF        |               13 |             32 |         2.46 |
|  clk_slow            | top/cpu/u_pc/PC_reg[2]_337[0] | btnC_IBUF        |               15 |             32 |         2.13 |
|  clk_slow            | top/cpu/u_pc/PC_reg[2]_34[0]  | btnC_IBUF        |               16 |             32 |         2.00 |
|  clk_slow            | top/cpu/u_pc/PC_reg[2]_291[0] | btnC_IBUF        |                9 |             32 |         3.56 |
|  clk_slow            | top/cpu/u_pc/PC_reg[2]_318[0] | btnC_IBUF        |               12 |             32 |         2.67 |
|  clk_slow            | top/cpu/u_pc/PC_reg[2]_294[0] | btnC_IBUF        |                8 |             32 |         4.00 |
|  clk_slow            | top/cpu/u_pc/PC_reg[2]_313[0] | btnC_IBUF        |               11 |             32 |         2.91 |
|  clk_slow            | top/cpu/u_pc/PC_reg[2]_315[0] | btnC_IBUF        |               13 |             32 |         2.46 |
|  clk_slow            | top/cpu/u_pc/PC_reg[2]_299[0] | btnC_IBUF        |               13 |             32 |         2.46 |
|  clk_slow            | top/cpu/u_pc/PC_reg[2]_287[0] | btnC_IBUF        |               18 |             32 |         1.78 |
|  clk_slow            | top/cpu/u_pc/PC_reg[2]_286[0] | btnC_IBUF        |               12 |             32 |         2.67 |
|  clk_slow            | top/cpu/u_pc/PC_reg[2]_295[0] | btnC_IBUF        |               12 |             32 |         2.67 |
|  clk_slow            | top/cpu/u_pc/PC_reg[2]_300[0] | btnC_IBUF        |               10 |             32 |         3.20 |
|  clk_slow            | top/cpu/u_pc/PC_reg[2]_308[0] | btnC_IBUF        |                9 |             32 |         3.56 |
|  clk_slow            | top/cpu/u_pc/PC_reg[2]_298[0] | btnC_IBUF        |               13 |             32 |         2.46 |
|  clk_slow            | top/cpu/u_pc/PC_reg[2]_293[0] | btnC_IBUF        |               14 |             32 |         2.29 |
|  clk_slow            | top/cpu/u_pc/PC_reg[2]_316[0] | btnC_IBUF        |               14 |             32 |         2.29 |
|  clk_slow            | top/cpu/u_pc/PC_reg[2]_285[0] | btnC_IBUF        |               12 |             32 |         2.67 |
|  clk_slow            | top/cpu/u_pc/PC_reg[2]_317[0] | btnC_IBUF        |               11 |             32 |         2.91 |
|  clk_slow            | top/cpu/u_pc/PC_reg[2]_301[0] | btnC_IBUF        |               12 |             32 |         2.67 |
|  clk_slow            | top/cpu/u_pc/PC_reg[2]_310[0] | btnC_IBUF        |                7 |             32 |         4.57 |
|  clk_slow            | top/cpu/u_pc/PC_reg[2]_32[0]  | btnC_IBUF        |               15 |             32 |         2.13 |
|  clk_slow            | top/cpu/u_pc/PC_reg[2]_31[0]  | btnC_IBUF        |               10 |             32 |         3.20 |
|  clk_slow            | top/cpu/u_pc/PC_reg[2]_324[0] | btnC_IBUF        |               13 |             32 |         2.46 |
|  clk_slow            | top/cpu/u_pc/PC_reg[2]_292[0] | btnC_IBUF        |                9 |             32 |         3.56 |
|  clk_slow            | top/cpu/u_pc/PC_reg[2]_309[0] | btnC_IBUF        |                7 |             32 |         4.57 |
|  clk_slow            | top/cpu/u_pc/PC_reg[2]_319[0] | btnC_IBUF        |               12 |             32 |         2.67 |
|  clk_slow            | top/cpu/u_pc/PC_reg[2]_284[0] | btnC_IBUF        |               12 |             32 |         2.67 |
|  clk_slow            | top/cpu/u_pc/PC_reg[2]_290[0] | btnC_IBUF        |                9 |             32 |         3.56 |
|  clk_slow            | top/cpu/u_pc/PC_reg[2]_302[0] | btnC_IBUF        |               14 |             32 |         2.29 |
|  clk_slow            | top/cpu/u_pc/PC_reg[2]_325[0] | btnC_IBUF        |               15 |             32 |         2.13 |
|  clk_slow            | top/cpu/u_pc/PC_reg[2]_327[0] | btnC_IBUF        |               14 |             32 |         2.29 |
|  clk_slow            | top/cpu/u_pc/PC_reg[2]_329[0] | btnC_IBUF        |               16 |             32 |         2.00 |
|  clk_slow            | top/cpu/u_pc/PC_reg[2]_330[0] | btnC_IBUF        |               14 |             32 |         2.29 |
|  clk_slow            | top/cpu/u_pc/PC_reg[2]_332[0] | btnC_IBUF        |               14 |             32 |         2.29 |
|  clk_slow            | top/cpu/u_pc/PC_reg[2]_339[0] | btnC_IBUF        |               14 |             32 |         2.29 |
|  clk_slow            | top/cpu/u_pc/PC_reg[2]_328[0] | btnC_IBUF        |               17 |             32 |         1.88 |
|  clk_slow            | top/cpu/u_pc/PC_reg[2]_29[0]  | btnC_IBUF        |               13 |             32 |         2.46 |
|  clk_slow            | top/cpu/u_pc/PC_reg[2]_304[0] | btnC_IBUF        |                8 |             32 |         4.00 |
|  clk_slow            | top/cpu/u_pc/PC_reg[2]_323[0] | btnC_IBUF        |               14 |             32 |         2.29 |
|  clk_slow            | top/cpu/u_pc/PC_reg[2]_306[0] | btnC_IBUF        |                8 |             32 |         4.00 |
|  clk_slow            | top/cpu/u_pc/PC_reg[2]_340[0] | btnC_IBUF        |               13 |             32 |         2.46 |
|  clk_slow            | top/cpu/u_pc/PC_reg[2]_305[0] | btnC_IBUF        |                9 |             32 |         3.56 |
|  clk_slow            | top/cpu/u_pc/PC_reg[2]_321[0] | btnC_IBUF        |               13 |             32 |         2.46 |
|  clk_slow            | top/cpu/u_pc/PC_reg[2]_314[0] | btnC_IBUF        |               18 |             32 |         1.78 |
|  clk_slow            | top/cpu/u_pc/PC_reg[2]_33[0]  | btnC_IBUF        |               16 |             32 |         2.00 |
|  clk_slow            | top/cpu/u_pc/PC_reg[2]_322[0] | btnC_IBUF        |               15 |             32 |         2.13 |
|  clk_slow            | top/cpu/u_pc/PC_reg[2]_311[0] | btnC_IBUF        |               11 |             32 |         2.91 |
|  clk_slow            | top/cpu/u_pc/PC_reg[2]_320[0] | btnC_IBUF        |               15 |             32 |         2.13 |
|  clk_slow            | top/cpu/u_pc/PC_reg[2]_296[0] | btnC_IBUF        |               10 |             32 |         3.20 |
|  clk_slow            | top/cpu/u_pc/PC_reg[2]_30[0]  | btnC_IBUF        |               13 |             32 |         2.46 |
|  clk_slow            | top/cpu/u_pc/PC_reg[2]_307[0] | btnC_IBUF        |                9 |             32 |         3.56 |
|  clk_slow            | top/cpu/u_pc/PC_reg[2]_297[0] | btnC_IBUF        |               11 |             32 |         2.91 |
|  clk_slow            | top/cpu/u_pc/PC_reg[2]_326[0] | btnC_IBUF        |               17 |             32 |         1.88 |
|  clk_slow            | top/cpu/u_pc/PC_reg[2]_334[0] | btnC_IBUF        |               14 |             32 |         2.29 |
|  clk_slow            | top/cpu/u_pc/PC_reg[2]_335[0] | btnC_IBUF        |               13 |             32 |         2.46 |
|  clk_slow            | top/cpu/u_pc/PC_reg[2]_336[0] | btnC_IBUF        |               12 |             32 |         2.67 |
|  clk_slow            | top/cpu/u_pc/PC_reg[2]_338[0] | btnC_IBUF        |               13 |             32 |         2.46 |
|  clk_slow            | top/cpu/u_pc/PC_reg[2]_312[0] | btnC_IBUF        |               10 |             32 |         3.20 |
|  clk_slow            | top/cpu/u_pc/PC_reg[2]_3[0]   | btnC_IBUF        |               12 |             32 |         2.67 |
|  clk_slow            | top/cpu/u_pc/PC_reg[2]_331[0] | btnC_IBUF        |               12 |             32 |         2.67 |
|  clk_slow            | top/cpu/u_pc/PC_reg[2]_288[0] | btnC_IBUF        |               12 |             32 |         2.67 |
|  clk_slow            | top/cpu/u_pc/PC_reg[2]_289[0] | btnC_IBUF        |               12 |             32 |         2.67 |
|  clk_slow            | top/cpu/u_pc/PC_reg[2]_303[0] | btnC_IBUF        |               12 |             32 |         2.67 |
|  clk_slow            | top/cpu/u_pc/PC_reg[2]_395[0] | btnC_IBUF        |               13 |             32 |         2.46 |
|  clk_slow            | top/cpu/u_pc/PC_reg[2]_397[0] | btnC_IBUF        |               11 |             32 |         2.91 |
|  clk_slow            | top/cpu/u_pc/PC_reg[2]_368[0] | btnC_IBUF        |                9 |             32 |         3.56 |
|  clk_slow            | top/cpu/u_pc/PC_reg[2]_399[0] | btnC_IBUF        |               17 |             32 |         1.88 |
|  clk_slow            | top/cpu/u_pc/PC_reg[2]_348[0] | btnC_IBUF        |               14 |             32 |         2.29 |
|  clk_slow            | top/cpu/u_pc/PC_reg[2]_345[0] | btnC_IBUF        |               10 |             32 |         3.20 |
|  clk_slow            | top/cpu/u_pc/PC_reg[2]_355[0] | btnC_IBUF        |               13 |             32 |         2.46 |
|  clk_slow            | top/cpu/u_pc/PC_reg[2]_369[0] | btnC_IBUF        |                8 |             32 |         4.00 |
|  clk_slow            | top/cpu/u_pc/PC_reg[2]_371[0] | btnC_IBUF        |               11 |             32 |         2.91 |
|  clk_slow            | top/cpu/u_pc/PC_reg[2]_346[0] | btnC_IBUF        |               15 |             32 |         2.13 |
|  clk_slow            | top/cpu/u_pc/PC_reg[2]_36[0]  | btnC_IBUF        |               15 |             32 |         2.13 |
|  clk_slow            | top/cpu/u_pc/PC_reg[2]_376[0] | btnC_IBUF        |                8 |             32 |         4.00 |
|  clk_slow            | top/cpu/u_pc/PC_reg[2]_38[0]  | btnC_IBUF        |               17 |             32 |         1.88 |
|  clk_slow            | top/cpu/u_pc/PC_reg[2]_358[0] | btnC_IBUF        |               14 |             32 |         2.29 |
|  clk_slow            | top/cpu/u_pc/PC_reg[2]_383[0] | btnC_IBUF        |               13 |             32 |         2.46 |
|  clk_slow            | top/cpu/u_pc/PC_reg[2]_344[0] | btnC_IBUF        |               14 |             32 |         2.29 |
|  clk_slow            | top/cpu/u_pc/PC_reg[2]_390[0] | btnC_IBUF        |               12 |             32 |         2.67 |
|  clk_slow            | top/cpu/u_pc/PC_reg[2]_394[0] | btnC_IBUF        |               13 |             32 |         2.46 |
|  clk_slow            | top/cpu/u_pc/PC_reg[2]_398[0] | btnC_IBUF        |               13 |             32 |         2.46 |
|  clk_slow            | top/cpu/u_pc/PC_reg[2]_365[0] | btnC_IBUF        |               11 |             32 |         2.91 |
|  clk_slow            | top/cpu/u_pc/PC_reg[2]_342[0] | btnC_IBUF        |               13 |             32 |         2.46 |
|  clk_slow            | top/cpu/u_pc/PC_reg[2]_367[0] | btnC_IBUF        |               10 |             32 |         3.20 |
|  clk_slow            | top/cpu/u_pc/PC_reg[2]_363[0] | btnC_IBUF        |               12 |             32 |         2.67 |
|  clk_slow            | top/cpu/u_pc/PC_reg[2]_343[0] | btnC_IBUF        |               14 |             32 |         2.29 |
|  clk_slow            | top/cpu/u_pc/PC_reg[2]_37[0]  | btnC_IBUF        |               17 |             32 |         1.88 |
|  clk_slow            | top/cpu/u_pc/PC_reg[2]_364[0] | btnC_IBUF        |               14 |             32 |         2.29 |
|  clk_slow            | top/cpu/u_pc/PC_reg[2]_370[0] | btnC_IBUF        |                9 |             32 |         3.56 |
|  clk_slow            | top/cpu/u_pc/PC_reg[2]_375[0] | btnC_IBUF        |                9 |             32 |         3.56 |
|  clk_slow            | top/cpu/u_pc/PC_reg[2]_352[0] | btnC_IBUF        |               17 |             32 |         1.88 |
|  clk_slow            | top/cpu/u_pc/PC_reg[2]_377[0] | btnC_IBUF        |                7 |             32 |         4.57 |
|  clk_slow            | top/cpu/u_pc/PC_reg[2]_379[0] | btnC_IBUF        |                8 |             32 |         4.00 |
|  clk_slow            | top/cpu/u_pc/PC_reg[2]_366[0] | btnC_IBUF        |               13 |             32 |         2.46 |
|  clk_slow            | top/cpu/u_pc/PC_reg[2]_350[0] | btnC_IBUF        |               10 |             32 |         3.20 |
|  clk_slow            | top/cpu/u_pc/PC_reg[2]_380[0] | btnC_IBUF        |               11 |             32 |         2.91 |
|  clk_slow            | top/cpu/u_pc/PC_reg[2]_389[0] | btnC_IBUF        |                9 |             32 |         3.56 |
|  clk_slow            | top/cpu/u_pc/PC_reg[2]_396[0] | btnC_IBUF        |               13 |             32 |         2.46 |
|  clk_slow            | top/cpu/u_pc/PC_reg[2]_353[0] | btnC_IBUF        |               17 |             32 |         1.88 |
|  clk_slow            | top/cpu/u_pc/PC_reg[2]_362[0] | btnC_IBUF        |               14 |             32 |         2.29 |
|  clk_slow            | top/cpu/u_pc/PC_reg[2]_361[0] | btnC_IBUF        |               10 |             32 |         3.20 |
|  clk_slow            | top/cpu/u_pc/PC_reg[2]_357[0] | btnC_IBUF        |               15 |             32 |         2.13 |
|  clk_slow            | top/cpu/u_pc/PC_reg[2]_372[0] | btnC_IBUF        |                9 |             32 |         3.56 |
|  clk_slow            | top/cpu/u_pc/PC_reg[2]_381[0] | btnC_IBUF        |               10 |             32 |         3.20 |
|  clk_slow            | top/cpu/u_pc/PC_reg[2]_386[0] | btnC_IBUF        |               11 |             32 |         2.91 |
|  clk_slow            | top/cpu/u_pc/PC_reg[2]_387[0] | btnC_IBUF        |               10 |             32 |         3.20 |
|  clk_slow            | top/cpu/u_pc/PC_reg[2]_374[0] | btnC_IBUF        |               10 |             32 |         3.20 |
|  clk_slow            | top/cpu/u_pc/PC_reg[2]_392[0] | btnC_IBUF        |               12 |             32 |         2.67 |
|  clk_slow            | top/cpu/u_pc/PC_reg[2]_349[0] | btnC_IBUF        |               13 |             32 |         2.46 |
|  clk_slow            | top/cpu/u_pc/PC_reg[2]_385[0] | btnC_IBUF        |                9 |             32 |         3.56 |
|  clk_slow            | top/cpu/u_pc/PC_reg[2]_360[0] | btnC_IBUF        |               15 |             32 |         2.13 |
|  clk_slow            | top/cpu/u_pc/PC_reg[2]_347[0] | btnC_IBUF        |               11 |             32 |         2.91 |
|  clk_slow            | top/cpu/u_pc/PC_reg[2]_354[0] | btnC_IBUF        |                8 |             32 |         4.00 |
|  clk_slow            | top/cpu/u_pc/PC_reg[2]_378[0] | btnC_IBUF        |                9 |             32 |         3.56 |
|  clk_slow            | top/cpu/u_pc/PC_reg[2]_382[0] | btnC_IBUF        |                7 |             32 |         4.57 |
|  clk_slow            | top/cpu/u_pc/PC_reg[2]_388[0] | btnC_IBUF        |               12 |             32 |         2.67 |
|  clk_slow            | top/cpu/u_pc/PC_reg[2]_351[0] | btnC_IBUF        |               16 |             32 |         2.00 |
|  clk_slow            | top/cpu/u_pc/PC_reg[2]_356[0] | btnC_IBUF        |               13 |             32 |         2.46 |
|  clk_slow            | top/cpu/u_pc/PC_reg[2]_384[0] | btnC_IBUF        |               12 |             32 |         2.67 |
|  clk_slow            | top/cpu/u_pc/PC_reg[2]_39[0]  | btnC_IBUF        |               15 |             32 |         2.13 |
|  clk_slow            | top/cpu/u_pc/PC_reg[2]_391[0] | btnC_IBUF        |               11 |             32 |         2.91 |
|  clk_slow            | top/cpu/u_pc/PC_reg[2]_393[0] | btnC_IBUF        |               11 |             32 |         2.91 |
|  clk_slow            | top/cpu/u_pc/PC_reg[2]_359[0] | btnC_IBUF        |               10 |             32 |         3.20 |
|  clk_slow            | top/cpu/u_pc/PC_reg[2]_341[0] | btnC_IBUF        |               13 |             32 |         2.46 |
|  clk_slow            | top/cpu/u_pc/PC_reg[2]_373[0] | btnC_IBUF        |               13 |             32 |         2.46 |
|  clk_slow            | top/cpu/u_pc/PC_reg[2]_35[0]  | btnC_IBUF        |               13 |             32 |         2.46 |
|  clk_slow            | top/cpu/u_pc/PC_reg[2]_408[0] | btnC_IBUF        |               12 |             32 |         2.67 |
|  clk_slow            | top/cpu/u_pc/PC_reg[2]_417[0] | btnC_IBUF        |               11 |             32 |         2.91 |
|  clk_slow            | top/cpu/u_pc/PC_reg[2]_412[0] | btnC_IBUF        |                9 |             32 |         3.56 |
|  clk_slow            | top/cpu/u_pc/PC_reg[2]_431[0] | btnC_IBUF        |               14 |             32 |         2.29 |
|  clk_slow            | top/cpu/u_pc/PC_reg[2]_455[0] | btnC_IBUF        |               13 |             32 |         2.46 |
|  clk_slow            | top/cpu/u_pc/PC_reg[2]_456[0] | btnC_IBUF        |               16 |             32 |         2.00 |
|  clk_slow            | top/cpu/u_pc/PC_reg[2]_413[0] | btnC_IBUF        |               14 |             32 |         2.29 |
|  clk_slow            | top/cpu/u_pc/PC_reg[2]_420[0] | btnC_IBUF        |                9 |             32 |         3.56 |
|  clk_slow            | top/cpu/u_pc/PC_reg[2]_43[0]  | btnC_IBUF        |               16 |             32 |         2.00 |
|  clk_slow            | top/cpu/u_pc/PC_reg[2]_409[0] | btnC_IBUF        |               12 |             32 |         2.67 |
|  clk_slow            | top/cpu/u_pc/PC_reg[2]_426[0] | btnC_IBUF        |               18 |             32 |         1.78 |
|  clk_slow            | top/cpu/u_pc/PC_reg[2]_422[0] | btnC_IBUF        |                9 |             32 |         3.56 |
|  clk_slow            | top/cpu/u_pc/PC_reg[2]_438[0] | btnC_IBUF        |                8 |             32 |         4.00 |
|  clk_slow            | top/cpu/u_pc/PC_reg[2]_447[0] | btnC_IBUF        |               11 |             32 |         2.91 |
|  clk_slow            | top/cpu/u_pc/PC_reg[2]_448[0] | btnC_IBUF        |                9 |             32 |         3.56 |
|  clk_slow            | top/cpu/u_pc/PC_reg[2]_405[0] | btnC_IBUF        |               13 |             32 |         2.46 |
|  clk_slow            | top/cpu/u_pc/PC_reg[2]_453[0] | btnC_IBUF        |               11 |             32 |         2.91 |
|  clk_slow            | top/cpu/u_pc/PC_reg[2]_434[0] | btnC_IBUF        |               11 |             32 |         2.91 |
|  clk_slow            | top/cpu/u_pc/PC_reg[2]_433[0] | btnC_IBUF        |                6 |             32 |         5.33 |
|  clk_slow            | top/cpu/u_pc/PC_reg[2]_428[0] | btnC_IBUF        |               18 |             32 |         1.78 |
|  clk_slow            | top/cpu/u_pc/PC_reg[2]_403[0] | btnC_IBUF        |               13 |             32 |         2.46 |
|  clk_slow            | top/cpu/u_pc/PC_reg[2]_411[0] | btnC_IBUF        |               12 |             32 |         2.67 |
|  clk_slow            | top/cpu/u_pc/PC_reg[2]_414[0] | btnC_IBUF        |               11 |             32 |         2.91 |
|  clk_slow            | top/cpu/u_pc/PC_reg[2]_415[0] | btnC_IBUF        |               11 |             32 |         2.91 |
|  clk_slow            | top/cpu/u_pc/PC_reg[2]_419[0] | btnC_IBUF        |                7 |             32 |         4.57 |
|  clk_slow            | top/cpu/u_pc/PC_reg[2]_437[0] | btnC_IBUF        |                9 |             32 |         3.56 |
|  clk_slow            | top/cpu/u_pc/PC_reg[2]_442[0] | btnC_IBUF        |               13 |             32 |         2.46 |
|  clk_slow            | top/cpu/u_pc/PC_reg[2]_445[0] | btnC_IBUF        |                9 |             32 |         3.56 |
|  clk_slow            | top/cpu/u_pc/PC_reg[2]_40[0]  | btnC_IBUF        |               14 |             32 |         2.29 |
|  clk_slow            | top/cpu/u_pc/PC_reg[2]_418[0] | btnC_IBUF        |               12 |             32 |         2.67 |
|  clk_slow            | top/cpu/u_pc/PC_reg[2]_429[0] | btnC_IBUF        |               20 |             32 |         1.60 |
|  clk_slow            | top/cpu/u_pc/PC_reg[2]_410[0] | btnC_IBUF        |               12 |             32 |         2.67 |
|  clk_slow            | top/cpu/u_pc/PC_reg[2]_416[0] | btnC_IBUF        |                8 |             32 |         4.00 |
|  clk_slow            | top/cpu/u_pc/PC_reg[2]_439[0] | btnC_IBUF        |               11 |             32 |         2.91 |
|  clk_slow            | top/cpu/u_pc/PC_reg[2]_446[0] | btnC_IBUF        |                7 |             32 |         4.57 |
|  clk_slow            | top/cpu/u_pc/PC_reg[2]_443[0] | btnC_IBUF        |               12 |             32 |         2.67 |
|  clk_slow            | top/cpu/u_pc/PC_reg[2]_45[0]  | btnC_IBUF        |               13 |             32 |         2.46 |
|  clk_slow            | top/cpu/u_pc/PC_reg[2]_400[0] | btnC_IBUF        |               15 |             32 |         2.13 |
|  clk_slow            | top/cpu/u_pc/PC_reg[2]_401[0] | btnC_IBUF        |               15 |             32 |         2.13 |
|  clk_slow            | top/cpu/u_pc/PC_reg[2]_440[0] | btnC_IBUF        |               10 |             32 |         3.20 |
|  clk_slow            | top/cpu/u_pc/PC_reg[2]_424[0] | btnC_IBUF        |               15 |             32 |         2.13 |
|  clk_slow            | top/cpu/u_pc/PC_reg[2]_452[0] | btnC_IBUF        |               11 |             32 |         2.91 |
|  clk_slow            | top/cpu/u_pc/PC_reg[2]_432[0] | btnC_IBUF        |               11 |             32 |         2.91 |
|  clk_slow            | top/cpu/u_pc/PC_reg[2]_4[0]   | btnC_IBUF        |               12 |             32 |         2.67 |
|  clk_slow            | top/cpu/u_pc/PC_reg[2]_436[0] | btnC_IBUF        |                8 |             32 |         4.00 |
|  clk_slow            | top/cpu/u_pc/PC_reg[2]_449[0] | btnC_IBUF        |                9 |             32 |         3.56 |
|  clk_slow            | top/cpu/u_pc/PC_reg[2]_402[0] | btnC_IBUF        |               16 |             32 |         2.00 |
|  clk_slow            | top/cpu/u_pc/PC_reg[2]_404[0] | btnC_IBUF        |               14 |             32 |         2.29 |
|  clk_slow            | top/cpu/u_pc/PC_reg[2]_406[0] | btnC_IBUF        |               11 |             32 |         2.91 |
|  clk_slow            | top/cpu/u_pc/PC_reg[2]_42[0]  | btnC_IBUF        |               13 |             32 |         2.46 |
|  clk_slow            | top/cpu/u_pc/PC_reg[2]_421[0] | btnC_IBUF        |               11 |             32 |         2.91 |
|  clk_slow            | top/cpu/u_pc/PC_reg[2]_423[0] | btnC_IBUF        |                9 |             32 |         3.56 |
|  clk_slow            | top/cpu/u_pc/PC_reg[2]_425[0] | btnC_IBUF        |               13 |             32 |         2.46 |
|  clk_slow            | top/cpu/u_pc/PC_reg[2]_430[0] | btnC_IBUF        |               12 |             32 |         2.67 |
|  clk_slow            | top/cpu/u_pc/PC_reg[2]_44[0]  | btnC_IBUF        |               14 |             32 |         2.29 |
|  clk_slow            | top/cpu/u_pc/PC_reg[2]_441[0] | btnC_IBUF        |                8 |             32 |         4.00 |
|  clk_slow            | top/cpu/u_pc/PC_reg[2]_407[0] | btnC_IBUF        |               15 |             32 |         2.13 |
|  clk_slow            | top/cpu/u_pc/PC_reg[2]_444[0] | btnC_IBUF        |               11 |             32 |         2.91 |
|  clk_slow            | top/cpu/u_pc/PC_reg[2]_450[0] | btnC_IBUF        |               12 |             32 |         2.67 |
|  clk_slow            | top/cpu/u_pc/PC_reg[2]_451[0] | btnC_IBUF        |               12 |             32 |         2.67 |
|  clk_slow            | top/cpu/u_pc/PC_reg[2]_427[0] | btnC_IBUF        |               13 |             32 |         2.46 |
|  clk_slow            | top/cpu/u_pc/PC_reg[2]_435[0] | btnC_IBUF        |               10 |             32 |         3.20 |
|  clk_slow            | top/cpu/u_pc/PC_reg[2]_454[0] | btnC_IBUF        |               11 |             32 |         2.91 |
|  clk_slow            | top/cpu/u_pc/PC_reg[2]_41[0]  | btnC_IBUF        |               16 |             32 |         2.00 |
|  clk_slow            | top/cpu/u_pc/PC_reg[2]_468[0] | btnC_IBUF        |               14 |             32 |         2.29 |
|  clk_slow            | top/cpu/u_pc/PC_reg[2]_505[0] | btnC_IBUF        |               13 |             32 |         2.46 |
|  clk_slow            | top/cpu/u_pc/PC_reg[2]_486[0] | btnC_IBUF        |               12 |             32 |         2.67 |
|  clk_slow            | top/cpu/u_pc/PC_reg[2]_508[0] | btnC_IBUF        |               10 |             32 |         3.20 |
|  clk_slow            | top/cpu/u_pc/PC_reg[2]_466[0] | btnC_IBUF        |               12 |             32 |         2.67 |
|  clk_slow            | top/cpu/u_pc/PC_reg[2]_458[0] | btnC_IBUF        |               18 |             32 |         1.78 |
|  clk_slow            | top/cpu/u_pc/PC_reg[2]_483[0] | btnC_IBUF        |               10 |             32 |         3.20 |
|  clk_slow            | top/cpu/u_pc/PC_reg[2]_487[0] | btnC_IBUF        |               21 |             32 |         1.52 |
|  clk_slow            | top/cpu/u_pc/PC_reg[2]_510[0] | btnC_IBUF        |               12 |             32 |         2.67 |
|  clk_slow            | top/cpu/u_pc/PC_reg[2]_473[0] | btnC_IBUF        |               15 |             32 |         2.13 |
|  clk_slow            | top/cpu/u_pc/PC_reg[2]_511[0] | btnC_IBUF        |               14 |             32 |         2.29 |
|  clk_slow            | top/cpu/u_pc/PC_reg[2]_472[0] | btnC_IBUF        |               17 |             32 |         1.88 |
|  clk_slow            | top/cpu/u_pc/PC_reg[2]_478[0] | btnC_IBUF        |               14 |             32 |         2.29 |
|  clk_slow            | top/cpu/u_pc/PC_reg[2]_498[0] | btnC_IBUF        |                7 |             32 |         4.57 |
|  clk_slow            | top/cpu/u_pc/PC_reg[2]_50[0]  | btnC_IBUF        |               19 |             32 |         1.68 |
|  clk_slow            | top/cpu/u_pc/PC_reg[2]_52[0]  | btnC_IBUF        |               15 |             32 |         2.13 |
|  clk_slow            | top/cpu/u_pc/PC_reg[2]_470[0] | btnC_IBUF        |               14 |             32 |         2.29 |
|  clk_slow            | top/cpu/u_pc/PC_reg[2]_47[0]  | btnC_IBUF        |               15 |             32 |         2.13 |
|  clk_slow            | top/cpu/u_pc/PC_reg[2]_480[0] | btnC_IBUF        |                9 |             32 |         3.56 |
|  clk_slow            | top/cpu/u_pc/PC_reg[2]_459[0] | btnC_IBUF        |               16 |             32 |         2.00 |
|  clk_slow            | top/cpu/u_pc/PC_reg[2]_484[0] | btnC_IBUF        |                9 |             32 |         3.56 |
|  clk_slow            | top/cpu/u_pc/PC_reg[2]_48[0]  | btnC_IBUF        |               14 |             32 |         2.29 |
|  clk_slow            | top/cpu/u_pc/PC_reg[2]_488[0] | btnC_IBUF        |               15 |             32 |         2.13 |
|  clk_slow            | top/cpu/u_pc/PC_reg[2]_471[0] | btnC_IBUF        |               19 |             32 |         1.68 |
|  clk_slow            | top/cpu/u_pc/PC_reg[2]_479[0] | btnC_IBUF        |               15 |             32 |         2.13 |
|  clk_slow            | top/cpu/u_pc/PC_reg[2]_462[0] | btnC_IBUF        |               17 |             32 |         1.88 |
|  clk_slow            | top/cpu/u_pc/PC_reg[2]_489[0] | btnC_IBUF        |               10 |             32 |         3.20 |
|  clk_slow            | top/cpu/u_pc/PC_reg[2]_460[0] | btnC_IBUF        |               15 |             32 |         2.13 |
|  clk_slow            | top/cpu/u_pc/PC_reg[2]_464[0] | btnC_IBUF        |               14 |             32 |         2.29 |
|  clk_slow            | top/cpu/u_pc/PC_reg[2]_493[0] | btnC_IBUF        |               13 |             32 |         2.46 |
|  clk_slow            | top/cpu/u_pc/PC_reg[2]_495[0] | btnC_IBUF        |               15 |             32 |         2.13 |
|  clk_slow            | top/cpu/u_pc/PC_reg[2]_49[0]  | btnC_IBUF        |               16 |             32 |         2.00 |
|  clk_slow            | top/cpu/u_pc/PC_reg[2]_494[0] | btnC_IBUF        |               13 |             32 |         2.46 |
|  clk_slow            | top/cpu/u_pc/PC_reg[2]_475[0] | btnC_IBUF        |               16 |             32 |         2.00 |
|  clk_slow            | top/cpu/u_pc/PC_reg[2]_502[0] | btnC_IBUF        |                8 |             32 |         4.00 |
|  clk_slow            | top/cpu/u_pc/PC_reg[2]_501[0] | btnC_IBUF        |               11 |             32 |         2.91 |
|  clk_slow            | top/cpu/u_pc/PC_reg[2]_490[0] | btnC_IBUF        |               13 |             32 |         2.46 |
|  clk_slow            | top/cpu/u_pc/PC_reg[2]_500[0] | btnC_IBUF        |               12 |             32 |         2.67 |
|  clk_slow            | top/cpu/u_pc/PC_reg[2]_503[0] | btnC_IBUF        |               11 |             32 |         2.91 |
|  clk_slow            | top/cpu/u_pc/PC_reg[2]_476[0] | btnC_IBUF        |               16 |             32 |         2.00 |
|  clk_slow            | top/cpu/u_pc/PC_reg[2]_5[0]   | btnC_IBUF        |               14 |             32 |         2.29 |
|  clk_slow            | top/cpu/u_pc/PC_reg[2]_469[0] | btnC_IBUF        |               14 |             32 |         2.29 |
|  clk_slow            | top/cpu/u_pc/PC_reg[2]_496[0] | btnC_IBUF        |                9 |             32 |         3.56 |
|  clk_slow            | top/cpu/u_pc/PC_reg[2]_474[0] | btnC_IBUF        |               16 |             32 |         2.00 |
|  clk_slow            | top/cpu/u_pc/PC_reg[2]_492[0] | btnC_IBUF        |               10 |             32 |         3.20 |
|  clk_slow            | top/cpu/u_pc/PC_reg[2]_467[0] | btnC_IBUF        |               14 |             32 |         2.29 |
|  clk_slow            | top/cpu/u_pc/PC_reg[2]_481[0] | btnC_IBUF        |                9 |             32 |         3.56 |
|  clk_slow            | top/cpu/u_pc/PC_reg[2]_497[0] | btnC_IBUF        |                9 |             32 |         3.56 |
|  clk_slow            | top/cpu/u_pc/PC_reg[2]_465[0] | btnC_IBUF        |               16 |             32 |         2.00 |
|  clk_slow            | top/cpu/u_pc/PC_reg[2]_499[0] | btnC_IBUF        |                9 |             32 |         3.56 |
|  clk_slow            | top/cpu/u_pc/PC_reg[2]_463[0] | btnC_IBUF        |               21 |             32 |         1.52 |
|  clk_slow            | top/cpu/u_pc/PC_reg[2]_477[0] | btnC_IBUF        |               14 |             32 |         2.29 |
|  clk_slow            | top/cpu/u_pc/PC_reg[2]_504[0] | btnC_IBUF        |               13 |             32 |         2.46 |
|  clk_slow            | top/cpu/u_pc/PC_reg[2]_506[0] | btnC_IBUF        |               14 |             32 |         2.29 |
|  clk_slow            | top/cpu/u_pc/PC_reg[2]_507[0] | btnC_IBUF        |               12 |             32 |         2.67 |
|  clk_slow            | top/cpu/u_pc/PC_reg[2]_509[0] | btnC_IBUF        |               13 |             32 |         2.46 |
|  clk_slow            | top/cpu/u_pc/PC_reg[2]_51[0]  | btnC_IBUF        |               16 |             32 |         2.00 |
|  clk_slow            | top/cpu/u_pc/PC_reg[2]_457[0] | btnC_IBUF        |               15 |             32 |         2.13 |
|  clk_slow            | top/cpu/u_pc/PC_reg[2]_46[0]  | btnC_IBUF        |               17 |             32 |         1.88 |
|  clk_slow            | top/cpu/u_pc/PC_reg[2]_482[0] | btnC_IBUF        |                8 |             32 |         4.00 |
|  clk_slow            | top/cpu/u_pc/PC_reg[2]_485[0] | btnC_IBUF        |               15 |             32 |         2.13 |
|  clk_slow            | top/cpu/u_pc/PC_reg[2]_491[0] | btnC_IBUF        |               13 |             32 |         2.46 |
|  clk_slow            | top/cpu/u_pc/PC_reg[2]_461[0] | btnC_IBUF        |               18 |             32 |         1.78 |
|  clk_slow            | top/cpu/u_pc/PC_reg[2]_87[0]  | btnC_IBUF        |               12 |             32 |         2.67 |
|  clk_slow            | top/cpu/u_pc/PC_reg[2]_53[0]  | btnC_IBUF        |               15 |             32 |         2.13 |
|  clk_slow            | top/cpu/u_pc/PC_reg[2]_71[0]  | btnC_IBUF        |               11 |             32 |         2.91 |
|  clk_slow            | top/cpu/u_pc/PC_reg[2]_80[0]  | btnC_IBUF        |               16 |             32 |         2.00 |
|  clk_slow            | top/cpu/u_pc/PC_reg[2]_56[0]  | btnC_IBUF        |               13 |             32 |         2.46 |
|  clk_slow            | top/cpu/u_pc/PC_reg[2]_85[0]  | btnC_IBUF        |               14 |             32 |         2.29 |
|  clk_slow            | top/cpu/u_pc/PC_reg[2]_88[0]  | btnC_IBUF        |                7 |             32 |         4.57 |
|  clk_slow            | top/cpu/u_pc/PC_reg[2]_93[0]  | btnC_IBUF        |                8 |             32 |         4.00 |
|  clk_slow            | top/cpu/u_pc/PC_reg[2]_81[0]  | btnC_IBUF        |               14 |             32 |         2.29 |
|  clk_slow            | top/cpu/u_pc/PC_reg[2]_94[0]  | btnC_IBUF        |                9 |             32 |         3.56 |
|  clk_slow            | top/cpu/u_pc/PC_reg[2]_65[0]  | btnC_IBUF        |               14 |             32 |         2.29 |
|  clk_slow            | top/cpu/u_pc/PC_reg[2]_74[0]  | btnC_IBUF        |               12 |             32 |         2.67 |
|  clk_slow            | top/cpu/u_pc/PC_reg[2]_61[0]  | btnC_IBUF        |               11 |             32 |         2.91 |
|  clk_slow            | top/cpu/u_pc/PC_reg[2]_62[0]  | btnC_IBUF        |               11 |             32 |         2.91 |
|  clk_slow            | top/cpu/u_pc/PC_reg[2]_91[0]  | btnC_IBUF        |               10 |             32 |         3.20 |
|  clk_slow            | top/cpu/u_pc/PC_reg[2]_63[0]  | btnC_IBUF        |               12 |             32 |         2.67 |
|  clk_slow            | top/cpu/u_pc/PC_reg[2]_70[0]  | btnC_IBUF        |               11 |             32 |         2.91 |
|  clk_slow            | top/cpu/u_pc/PC_reg[2]_72[0]  | btnC_IBUF        |               10 |             32 |         3.20 |
|  clk_slow            | top/cpu/u_pc/PC_reg[2]_8[0]   | btnC_IBUF        |               12 |             32 |         2.67 |
|  clk_slow            | top/cpu/u_pc/PC_reg[2]_57[0]  | btnC_IBUF        |               13 |             32 |         2.46 |
|  clk_slow            | top/cpu/u_pc/PC_reg[2]_84[0]  | btnC_IBUF        |               14 |             32 |         2.29 |
|  clk_slow            | top/cpu/u_pc/PC_reg[2]_9[0]   | btnC_IBUF        |                9 |             32 |         3.56 |
|  clk_slow            | top/cpu/u_pc/PC_reg[2]_92[0]  | btnC_IBUF        |                9 |             32 |         3.56 |
|  clk_slow            | top/cpu/u_pc/PC_reg[2]_95[0]  | btnC_IBUF        |                8 |             32 |         4.00 |
|  clk_slow            | top/cpu/u_pc/PC_reg[5]_0[0]   | btnC_IBUF        |               11 |             32 |         2.91 |
|  clk_slow            | top/cpu/u_pc/PC_reg[2]_67[0]  | btnC_IBUF        |                8 |             32 |         4.00 |
|  clk_slow            | top/cpu/u_pc/PC_reg[2]_76[0]  | btnC_IBUF        |                8 |             32 |         4.00 |
|  clk_slow            | top/cpu/u_pc/PC_reg[2]_90[0]  | btnC_IBUF        |                6 |             32 |         5.33 |
|  clk_slow            | top/cpu/u_pc/PC_reg[6]_12[0]  | btnC_IBUF        |               10 |             32 |         3.20 |
|  clk_slow            | top/cpu/u_pc/PC_reg[2]_96[0]  | btnC_IBUF        |               14 |             32 |         2.29 |
|  clk_slow            | top/cpu/u_pc/PC_reg[2]_59[0]  | btnC_IBUF        |               16 |             32 |         2.00 |
|  clk_slow            | top/cpu/u_pc/PC_reg[2]_97[0]  | btnC_IBUF        |               12 |             32 |         2.67 |
|  clk_slow            | top/cpu/u_pc/PC_reg[2]_68[0]  | btnC_IBUF        |                8 |             32 |         4.00 |
|  clk_slow            | top/cpu/u_pc/PC_reg[2]_77[0]  | btnC_IBUF        |               11 |             32 |         2.91 |
|  clk_slow            | top/cpu/u_pc/PC_reg[2]_99[0]  | btnC_IBUF        |               16 |             32 |         2.00 |
|  clk_slow            | top/cpu/u_pc/PC_reg[2]_82[0]  | btnC_IBUF        |               15 |             32 |         2.13 |
|  clk_slow            | top/cpu/u_pc/PC_reg[6]_6[0]   | btnC_IBUF        |               11 |             32 |         2.91 |
|  clk_slow            | top/cpu/u_pc/PC_reg[6]_7[0]   | btnC_IBUF        |               11 |             32 |         2.91 |
|  clk_slow            | top/cpu/u_pc/PC_reg[2]_60[0]  | btnC_IBUF        |               10 |             32 |         3.20 |
|  clk_slow            | top/cpu/u_pc/PC_reg[2]_64[0]  | btnC_IBUF        |               13 |             32 |         2.46 |
|  clk_slow            | top/cpu/u_pc/PC_reg[2]_73[0]  | btnC_IBUF        |                8 |             32 |         4.00 |
|  clk_slow            | top/cpu/u_pc/PC_reg[2]_86[0]  | btnC_IBUF        |               16 |             32 |         2.00 |
|  clk_slow            | top/cpu/u_pc/PC_reg[2]_58[0]  | btnC_IBUF        |               15 |             32 |         2.13 |
|  clk_slow            | top/cpu/u_pc/PC_reg[2]_6[0]   | btnC_IBUF        |               17 |             32 |         1.88 |
|  clk_slow            | top/cpu/u_pc/PC_reg[2]_66[0]  | btnC_IBUF        |                8 |             32 |         4.00 |
|  clk_slow            | top/cpu/u_pc/PC_reg[2]_55[0]  | btnC_IBUF        |               13 |             32 |         2.46 |
|  clk_slow            | top/cpu/u_pc/PC_reg[2]_69[0]  | btnC_IBUF        |                7 |             32 |         4.57 |
|  clk_slow            | top/cpu/u_pc/PC_reg[2]_7[0]   | btnC_IBUF        |               11 |             32 |         2.91 |
|  clk_slow            | top/cpu/u_pc/PC_reg[2]_75[0]  | btnC_IBUF        |               15 |             32 |         2.13 |
|  clk_slow            | top/cpu/u_pc/PC_reg[2]_78[0]  | btnC_IBUF        |               10 |             32 |         3.20 |
|  clk_slow            | top/cpu/u_pc/PC_reg[2]_79[0]  | btnC_IBUF        |               13 |             32 |         2.46 |
|  clk_slow            | top/cpu/u_pc/PC_reg[2]_89[0]  | btnC_IBUF        |               12 |             32 |         2.67 |
|  clk_slow            | top/cpu/u_pc/PC_reg[2]_98[0]  | btnC_IBUF        |               11 |             32 |         2.91 |
|  clk_slow            | top/cpu/u_pc/PC_reg[2]_54[0]  | btnC_IBUF        |               16 |             32 |         2.00 |
|  clk_slow            | top/cpu/u_pc/PC_reg[5]_1[0]   | btnC_IBUF        |               12 |             32 |         2.67 |
|  clk_slow            | top/cpu/u_pc/PC_reg[2]_83[0]  | btnC_IBUF        |               15 |             32 |         2.13 |
|  clk_slow            | top/cpu/u_pc/PC_reg[6]_8[0]   | btnC_IBUF        |               13 |             32 |         2.46 |
|  CLK100MHZ_IBUF_BUFG |                               | btnC_IBUF        |               11 |             47 |         4.27 |
+----------------------+-------------------------------+------------------+------------------+----------------+--------------+


