Copyright 1986-2020 Xilinx, Inc. All Rights Reserved.
--------------------------------------------------------------------------------------------
| Tool Version : Vivado v.2020.1 (win64) Build 2902540 Wed May 27 19:54:49 MDT 2020
| Date         : Wed Apr 29 12:21:13 2026
| Host         : DESKTOP-KNMORIL running 64-bit major release  (build 9200)
| Command      : report_control_sets -verbose -file task_c_fpga_top_control_sets_placed.rpt
| Design       : task_c_fpga_top
| Device       : xc7a35t
--------------------------------------------------------------------------------------------

Control Set Information

Table of Contents
-----------------
1. Summary
2. Histogram
3. Flip-Flop Distribution
4. Detailed Control Set Information

1. Summary
----------

+----------------------------------------------------------+-------+
|                          Status                          | Count |
+----------------------------------------------------------+-------+
| Total control sets                                       |   522 |
|    Minimum number of control sets                        |   522 |
|    Addition due to synthesis replication                 |     0 |
|    Addition due to physical synthesis replication        |     0 |
| Unused register locations in slices containing registers |     1 |
+----------------------------------------------------------+-------+
* Control sets can be merged at opt_design using control_set_merge or merge_equivalent_drivers
** Run report_qor_suggestions for automated merging and remapping suggestions


2. Histogram
------------

+--------------------+-------+
|       Fanout       | Count |
+--------------------+-------+
| Total control sets |   522 |
| >= 0 to < 4        |     0 |
| >= 4 to < 6        |     0 |
| >= 6 to < 8        |     0 |
| >= 8 to < 10       |     0 |
| >= 10 to < 12      |     0 |
| >= 12 to < 14      |     0 |
| >= 14 to < 16      |     0 |
| >= 16              |   522 |
+--------------------+-------+
* Control sets can be remapped at either synth_design or opt_design


3. Flip-Flop Distribution
-------------------------

+--------------+-----------------------+------------------------+-----------------+--------------+
| Clock Enable | Synchronous Set/Reset | Asynchronous Set/Reset | Total Registers | Total Slices |
+--------------+-----------------------+------------------------+-----------------+--------------+
| No           | No                    | No                     |               0 |            0 |
| No           | No                    | Yes                    |              52 |           15 |
| No           | Yes                   | No                     |              27 |            4 |
| Yes          | No                    | No                     |               0 |            0 |
| Yes          | No                    | Yes                    |             224 |           55 |
| Yes          | Yes                   | No                     |           16416 |         6623 |
+--------------+-----------------------+------------------------+-----------------+--------------+


4. Detailed Control Set Information
-----------------------------------

+----------------------+-------------------------------+------------------+------------------+----------------+--------------+
|     Clock Signal     |         Enable Signal         | Set/Reset Signal | Slice Load Count | Bel Load Count | Bels / Slice |
+----------------------+-------------------------------+------------------+------------------+----------------+--------------+
|  clk_slow            | top/cpu/u_pc/PC_reg[5]_228[0] | btnC_IBUF        |               14 |             32 |         2.29 |
|  clk_slow            |                               | btnC_IBUF        |               10 |             32 |         3.20 |
|  clk_slow            | top/cpu/u_pc/PC_reg[5]_251[0] | btnC_IBUF        |               12 |             32 |         2.67 |
|  clk_slow            | top/cpu/u_pc/PC_reg[5]_211[0] | btnC_IBUF        |               14 |             32 |         2.29 |
|  clk_slow            | top/cpu/u_pc/PC_reg[5]_230[0] | btnC_IBUF        |               14 |             32 |         2.29 |
|  clk_slow            | top/cpu/u_pc/PC_reg[5]_25[0]  | btnC_IBUF        |               10 |             32 |         3.20 |
|  clk_slow            | top/cpu/u_pc/PC_reg[5]_250[0] | btnC_IBUF        |               11 |             32 |         2.91 |
|  clk_slow            | top/cpu/u_pc/PC_reg[5]_257[0] | btnC_IBUF        |               15 |             32 |         2.13 |
|  clk_slow            | top/cpu/u_pc/PC_reg[5]_26[0]  | btnC_IBUF        |                7 |             32 |         4.57 |
|  clk_slow            | top/cpu/u_pc/PC_reg[5]_260[0] | btnC_IBUF        |               12 |             32 |         2.67 |
|  clk_slow            | top/cpu/u_pc/PC_reg[5]_262[0] | btnC_IBUF        |               12 |             32 |         2.67 |
|  clk_slow            | top/cpu/u_pc/PC_reg[5]_21[0]  | btnC_IBUF        |               13 |             32 |         2.46 |
|  clk_slow            | top/cpu/u_pc/PC_reg[5]_210[0] | btnC_IBUF        |               11 |             32 |         2.91 |
|  clk_slow            | top/cpu/u_pc/PC_reg[5]_252[0] | btnC_IBUF        |               14 |             32 |         2.29 |
|  clk_slow            | top/cpu/u_pc/PC_reg[5]_202[0] | btnC_IBUF        |                8 |             32 |         4.00 |
|  clk_slow            | top/cpu/u_pc/PC_reg[5]_254[0] | btnC_IBUF        |               10 |             32 |         3.20 |
|  clk_slow            | top/cpu/u_pc/PC_reg[5]_245[0] | btnC_IBUF        |               14 |             32 |         2.29 |
|  clk_slow            | top/cpu/u_pc/PC_reg[5]_266[0] | btnC_IBUF        |                7 |             32 |         4.57 |
|  clk_slow            | top/cpu/u_pc/PC_reg[5]_205[0] | btnC_IBUF        |                9 |             32 |         3.56 |
|  clk_slow            | top/cpu/u_pc/PC_reg[5]_248[0] | btnC_IBUF        |               10 |             32 |         3.20 |
|  clk_slow            | top/cpu/u_pc/PC_reg[5]_258[0] | btnC_IBUF        |               16 |             32 |         2.00 |
|  clk_slow            | top/cpu/u_pc/PC_reg[5]_243[0] | btnC_IBUF        |               13 |             32 |         2.46 |
|  clk_slow            | top/cpu/u_pc/PC_reg[5]_24[0]  | btnC_IBUF        |               16 |             32 |         2.00 |
|  clk_slow            | top/cpu/u_pc/PC_reg[5]_261[0] | btnC_IBUF        |               10 |             32 |         3.20 |
|  clk_slow            | top/cpu/u_pc/PC_reg[5]_226[0] | btnC_IBUF        |               13 |             32 |         2.46 |
|  clk_slow            | top/cpu/u_pc/PC_reg[5]_218[0] | btnC_IBUF        |               13 |             32 |         2.46 |
|  clk_slow            | top/cpu/u_pc/PC_reg[5]_227[0] | btnC_IBUF        |               11 |             32 |         2.91 |
|  clk_slow            | top/cpu/u_pc/PC_reg[5]_214[0] | btnC_IBUF        |               14 |             32 |         2.29 |
|  clk_slow            | top/cpu/u_pc/PC_reg[5]_209[0] | btnC_IBUF        |               13 |             32 |         2.46 |
|  clk_slow            | top/cpu/u_pc/PC_reg[5]_203[0] | btnC_IBUF        |               11 |             32 |         2.91 |
|  clk_slow            | top/cpu/u_pc/PC_reg[5]_216[0] | btnC_IBUF        |               15 |             32 |         2.13 |
|  clk_slow            | top/cpu/u_pc/PC_reg[5]_22[0]  | btnC_IBUF        |               16 |             32 |         2.00 |
|  clk_slow            | top/cpu/u_pc/PC_reg[5]_215[0] | btnC_IBUF        |               13 |             32 |         2.46 |
|  clk_slow            | top/cpu/u_pc/PC_reg[5]_213[0] | btnC_IBUF        |                9 |             32 |         3.56 |
|  clk_slow            | top/cpu/u_pc/PC_reg[5]_222[0] | btnC_IBUF        |               13 |             32 |         2.46 |
|  clk_slow            | top/cpu/u_pc/PC_reg[5]_229[0] | btnC_IBUF        |               16 |             32 |         2.00 |
|  clk_slow            | top/cpu/u_pc/PC_reg[5]_235[0] | btnC_IBUF        |               11 |             32 |         2.91 |
|  clk_slow            | top/cpu/u_pc/PC_reg[5]_239[0] | btnC_IBUF        |               15 |             32 |         2.13 |
|  clk_slow            | top/cpu/u_pc/PC_reg[5]_219[0] | btnC_IBUF        |               12 |             32 |         2.67 |
|  clk_slow            | top/cpu/u_pc/PC_reg[5]_238[0] | btnC_IBUF        |               16 |             32 |         2.00 |
|  clk_slow            | top/cpu/u_pc/PC_reg[5]_212[0] | btnC_IBUF        |               10 |             32 |         3.20 |
|  clk_slow            | top/cpu/u_pc/PC_reg[5]_223[0] | btnC_IBUF        |               15 |             32 |         2.13 |
|  clk_slow            | top/cpu/u_pc/PC_reg[5]_224[0] | btnC_IBUF        |               15 |             32 |         2.13 |
|  clk_slow            | top/cpu/u_pc/PC_reg[5]_23[0]  | btnC_IBUF        |               14 |             32 |         2.29 |
|  clk_slow            | top/cpu/u_pc/PC_reg[5]_244[0] | btnC_IBUF        |               11 |             32 |         2.91 |
|  clk_slow            | top/cpu/u_pc/PC_reg[5]_242[0] | btnC_IBUF        |               14 |             32 |         2.29 |
|  clk_slow            | top/cpu/u_pc/PC_reg[5]_241[0] | btnC_IBUF        |               12 |             32 |         2.67 |
|  clk_slow            | top/cpu/u_pc/PC_reg[5]_249[0] | btnC_IBUF        |               14 |             32 |         2.29 |
|  clk_slow            | top/cpu/u_pc/PC_reg[5]_253[0] | btnC_IBUF        |               12 |             32 |         2.67 |
|  clk_slow            | top/cpu/u_pc/PC_reg[5]_217[0] | btnC_IBUF        |               13 |             32 |         2.46 |
|  clk_slow            | top/cpu/u_pc/PC_reg[5]_206[0] | btnC_IBUF        |                9 |             32 |         3.56 |
|  clk_slow            | top/cpu/u_pc/PC_reg[5]_208[0] | btnC_IBUF        |               14 |             32 |         2.29 |
|  clk_slow            | top/cpu/u_pc/PC_reg[5]_225[0] | btnC_IBUF        |               10 |             32 |         3.20 |
|  clk_slow            | top/cpu/u_pc/PC_reg[5]_232[0] | btnC_IBUF        |               17 |             32 |         1.88 |
|  clk_slow            | top/cpu/u_pc/PC_reg[5]_233[0] | btnC_IBUF        |               10 |             32 |         3.20 |
|  clk_slow            | top/cpu/u_pc/PC_reg[5]_234[0] | btnC_IBUF        |               14 |             32 |         2.29 |
|  clk_slow            | top/cpu/u_pc/PC_reg[5]_231[0] | btnC_IBUF        |               11 |             32 |         2.91 |
|  clk_slow            | top/cpu/u_pc/PC_reg[5]_204[0] | btnC_IBUF        |               12 |             32 |         2.67 |
|  clk_slow            | top/cpu/u_pc/PC_reg[5]_240[0] | btnC_IBUF        |               15 |             32 |         2.13 |
|  clk_slow            | top/cpu/u_pc/PC_reg[5]_246[0] | btnC_IBUF        |               13 |             32 |         2.46 |
|  clk_slow            | top/cpu/u_pc/PC_reg[5]_237[0] | btnC_IBUF        |               16 |             32 |         2.00 |
|  clk_slow            | top/cpu/u_pc/PC_reg[5]_255[0] | btnC_IBUF        |               10 |             32 |         3.20 |
|  clk_slow            | top/cpu/u_pc/PC_reg[5]_256[0] | btnC_IBUF        |               13 |             32 |         2.46 |
|  clk_slow            | top/cpu/u_pc/PC_reg[5]_259[0] | btnC_IBUF        |               15 |             32 |         2.13 |
|  clk_slow            | top/cpu/u_pc/PC_reg[5]_207[0] | btnC_IBUF        |               10 |             32 |         3.20 |
|  clk_slow            | top/cpu/u_pc/PC_reg[4]_138[0] | btnC_IBUF        |               19 |             32 |         1.68 |
|  clk_slow            | top/cpu/u_pc/PC_reg[5]_58[0]  | btnC_IBUF        |               15 |             32 |         2.13 |
|  clk_slow            | top/cpu/u_pc/PC_reg[5]_44[0]  | btnC_IBUF        |               13 |             32 |         2.46 |
|  clk_slow            | top/cpu/u_pc/PC_reg[5]_60[0]  | btnC_IBUF        |               11 |             32 |         2.91 |
|  clk_slow            | top/cpu/u_pc/PC_reg[5]_89[0]  | btnC_IBUF        |               13 |             32 |         2.46 |
|  clk_slow            | top/cpu/u_pc/PC_reg[5]_9[0]   | btnC_IBUF        |               14 |             32 |         2.29 |
|  clk_slow            | top/cpu/u_pc/PC_reg[5]_90[0]  | btnC_IBUF        |                9 |             32 |         3.56 |
|  clk_slow            | top/cpu/u_pc/PC_reg[5]_91[0]  | btnC_IBUF        |               15 |             32 |         2.13 |
|  clk_slow            | top/cpu/u_pc/PC_reg[5]_34[0]  | btnC_IBUF        |               15 |             32 |         2.13 |
|  clk_slow            | top/cpu/u_pc/PC_reg[5]_39[0]  | btnC_IBUF        |               15 |             32 |         2.13 |
|  clk_slow            | top/cpu/u_pc/PC_reg[5]_64[0]  | btnC_IBUF        |                9 |             32 |         3.56 |
|  clk_slow            | top/cpu/u_pc/PC_reg[5]_68[0]  | btnC_IBUF        |               12 |             32 |         2.67 |
|  clk_slow            | top/cpu/u_pc/PC_reg[5]_72[0]  | btnC_IBUF        |               19 |             32 |         1.68 |
|  clk_slow            | top/cpu/u_pc/PC_reg[5]_78[0]  | btnC_IBUF        |               13 |             32 |         2.46 |
|  clk_slow            | top/cpu/u_pc/PC_reg[5]_37[0]  | btnC_IBUF        |               16 |             32 |         2.00 |
|  clk_slow            | top/cpu/u_pc/PC_reg[5]_94[0]  | btnC_IBUF        |               17 |             32 |         1.88 |
|  clk_slow            | top/cpu/u_pc/PC_reg[5]_30[0]  | btnC_IBUF        |               12 |             32 |         2.67 |
|  clk_slow            | top/cpu/u_pc/PC_reg[5]_66[0]  | btnC_IBUF        |                9 |             32 |         3.56 |
|  clk_slow            | top/cpu/u_pc/PC_reg[5]_70[0]  | btnC_IBUF        |               12 |             32 |         2.67 |
|  clk_slow            | top/cpu/u_pc/PC_reg[5]_99[0]  | btnC_IBUF        |               13 |             32 |         2.46 |
|  clk_slow            | top/cpu/u_pc/PC_reg[5]_269[0] | btnC_IBUF        |                7 |             32 |         4.57 |
|  clk_slow            | top/cpu/u_pc/PC_reg[5]_51[0]  | btnC_IBUF        |               16 |             32 |         2.00 |
|  clk_slow            | top/cpu/u_pc/PC_reg[5]_52[0]  | btnC_IBUF        |               14 |             32 |         2.29 |
|  clk_slow            | top/cpu/u_pc/PC_reg[5]_62[0]  | btnC_IBUF        |               12 |             32 |         2.67 |
|  clk_slow            | top/cpu/u_pc/PC_reg[5]_28[0]  | btnC_IBUF        |               13 |             32 |         2.46 |
|  clk_slow            | top/cpu/u_pc/PC_reg[5]_7[0]   | btnC_IBUF        |               10 |             32 |         3.20 |
|  clk_slow            | top/cpu/u_pc/PC_reg[5]_77[0]  | btnC_IBUF        |               18 |             32 |         1.78 |
|  clk_slow            | top/cpu/u_pc/PC_reg[5]_85[0]  | btnC_IBUF        |               14 |             32 |         2.29 |
|  clk_slow            | top/cpu/u_pc/PC_reg[5]_268[0] | btnC_IBUF        |               15 |             32 |         2.13 |
|  clk_slow            | top/cpu/u_pc/PC_reg[5]_46[0]  | btnC_IBUF        |               14 |             32 |         2.29 |
|  clk_slow            | top/cpu/u_pc/PC_reg[5]_81[0]  | btnC_IBUF        |               19 |             32 |         1.68 |
|  clk_slow            | top/cpu/u_pc/PC_reg[5]_35[0]  | btnC_IBUF        |                9 |             32 |         3.56 |
|  clk_slow            | top/cpu/u_pc/PC_reg[5]_73[0]  | btnC_IBUF        |               13 |             32 |         2.46 |
|  clk_slow            | top/cpu/u_pc/PC_reg[5]_87[0]  | btnC_IBUF        |               11 |             32 |         2.91 |
|  clk_slow            | top/cpu/u_pc/PC_reg[5]_43[0]  | btnC_IBUF        |               13 |             32 |         2.46 |
|  clk_slow            | top/cpu/u_pc/PC_reg[5]_49[0]  | btnC_IBUF        |               15 |             32 |         2.13 |
|  clk_slow            | top/cpu/u_pc/PC_reg[5]_84[0]  | btnC_IBUF        |               14 |             32 |         2.29 |
|  clk_slow            | top/cpu/u_pc/PC_reg[5]_93[0]  | btnC_IBUF        |               13 |             32 |         2.46 |
|  clk_slow            | top/cpu/u_pc/PC_reg[5]_80[0]  | btnC_IBUF        |               14 |             32 |         2.29 |
|  clk_slow            | top/cpu/u_pc/PC_reg[5]_95[0]  | btnC_IBUF        |               15 |             32 |         2.13 |
|  clk_slow            | top/cpu/u_pc/PC_reg[5]_96[0]  | btnC_IBUF        |               17 |             32 |         1.88 |
|  clk_slow            | top/cpu/u_pc/PC_reg[5]_98[0]  | btnC_IBUF        |               16 |             32 |         2.00 |
|  clk_slow            | top/cpu/u_pc/PC_reg[5]_41[0]  | btnC_IBUF        |               15 |             32 |         2.13 |
|  clk_slow            | top/cpu/u_pc/PC_reg[5]_32[0]  | btnC_IBUF        |                9 |             32 |         3.56 |
|  clk_slow            | top/cpu/u_pc/PC_reg[5]_47[0]  | btnC_IBUF        |               19 |             32 |         1.68 |
|  clk_slow            | top/cpu/u_pc/PC_reg[5]_71[0]  | btnC_IBUF        |               12 |             32 |         2.67 |
|  clk_slow            | top/cpu/u_pc/PC_reg[5]_74[0]  | btnC_IBUF        |               17 |             32 |         1.88 |
|  clk_slow            | top/cpu/u_pc/PC_reg[5]_83[0]  | btnC_IBUF        |               13 |             32 |         2.46 |
|  clk_slow            | top/cpu/u_pc/PC_reg[5]_69[0]  | btnC_IBUF        |               14 |             32 |         2.29 |
|  clk_slow            | top/cpu/u_pc/PC_reg[5]_75[0]  | btnC_IBUF        |               17 |             32 |         1.88 |
|  clk_slow            | top/cpu/u_pc/PC_reg[5]_92[0]  | btnC_IBUF        |               15 |             32 |         2.13 |
|  clk_slow            | top/cpu/u_pc/PC_reg[5]_97[0]  | btnC_IBUF        |               18 |             32 |         1.78 |
|  clk_slow            | top/cpu/u_pc/PC_reg[5]_36[0]  | btnC_IBUF        |                7 |             32 |         4.57 |
|  clk_slow            | top/cpu/u_pc/PC_reg[5]_56[0]  | btnC_IBUF        |               16 |             32 |         2.00 |
|  clk_slow            | top/cpu/u_pc/PC_reg[5]_67[0]  | btnC_IBUF        |               12 |             32 |         2.67 |
|  clk_slow            | top/cpu/u_pc/PC_reg[5]_54[0]  | btnC_IBUF        |               11 |             32 |         2.91 |
|  clk_slow            | top/cpu/u_pc/PC_reg[5]_88[0]  | btnC_IBUF        |                9 |             32 |         3.56 |
|  clk_slow            | top/cpu/u_pc/PC_reg[5]_76[0]  | btnC_IBUF        |               10 |             32 |         3.20 |
|  clk_slow            | top/cpu/u_pc/PC_reg[5]_267[0] | btnC_IBUF        |                8 |             32 |         4.00 |
|  clk_slow            | top/cpu/u_pc/E[0]             | btnC_IBUF        |                9 |             32 |         3.56 |
|  clk_slow            | top/cpu/u_pc/PC_reg[4]_100[0] | btnC_IBUF        |               15 |             32 |         2.13 |
|  clk_slow            | top/cpu/u_pc/PC_reg[4]_124[0] | btnC_IBUF        |               19 |             32 |         1.68 |
|  clk_slow            | top/cpu/u_pc/PC_reg[4]_127[0] | btnC_IBUF        |               15 |             32 |         2.13 |
|  clk_slow            | top/cpu/u_pc/PC_reg[4]_111[0] | btnC_IBUF        |               14 |             32 |         2.29 |
|  clk_slow            | top/cpu/u_pc/PC_reg[4]_135[0] | btnC_IBUF        |               14 |             32 |         2.29 |
|  clk_slow            | top/cpu/u_pc/PC_reg[5]_183[0] | btnC_IBUF        |               10 |             32 |         3.20 |
|  clk_slow            | top/cpu/u_pc/PC_reg[4]_139[0] | btnC_IBUF        |               11 |             32 |         2.91 |
|  clk_slow            | top/cpu/u_pc/PC_reg[4]_141[0] | btnC_IBUF        |               11 |             32 |         2.91 |
|  clk_slow            | top/cpu/u_pc/PC_reg[4]_146[0] | btnC_IBUF        |               15 |             32 |         2.13 |
|  clk_slow            | top/cpu/u_pc/PC_reg[4]_109[0] | btnC_IBUF        |               13 |             32 |         2.46 |
|  clk_slow            | top/cpu/u_pc/PC_reg[4]_113[0] | btnC_IBUF        |               16 |             32 |         2.00 |
|  clk_slow            | top/cpu/u_pc/PC_reg[4]_119[0] | btnC_IBUF        |               13 |             32 |         2.46 |
|  clk_slow            | top/cpu/u_pc/PC_reg[4]_126[0] | btnC_IBUF        |               14 |             32 |         2.29 |
|  clk_slow            | top/cpu/u_pc/PC_reg[4]_120[0] | btnC_IBUF        |               16 |             32 |         2.00 |
|  clk_slow            | top/cpu/u_pc/PC_reg[4]_13[0]  | btnC_IBUF        |               17 |             32 |         1.88 |
|  clk_slow            | top/cpu/u_pc/PC_reg[4]_132[0] | btnC_IBUF        |               14 |             32 |         2.29 |
|  clk_slow            | top/cpu/u_pc/PC_reg[4]_149[0] | btnC_IBUF        |               14 |             32 |         2.29 |
|  clk_slow            | top/cpu/u_pc/PC_reg[4]_115[0] | btnC_IBUF        |                9 |             32 |         3.56 |
|  clk_slow            | top/cpu/u_pc/PC_reg[4]_142[0] | btnC_IBUF        |               13 |             32 |         2.46 |
|  clk_slow            | top/cpu/u_pc/PC_reg[4]_129[0] | btnC_IBUF        |               13 |             32 |         2.46 |
|  clk_slow            | top/cpu/u_pc/PC_reg[4]_151[0] | btnC_IBUF        |                9 |             32 |         3.56 |
|  clk_slow            | top/cpu/u_pc/PC_reg[4]_122[0] | btnC_IBUF        |               13 |             32 |         2.46 |
|  clk_slow            | top/cpu/u_pc/PC_reg[4]_123[0] | btnC_IBUF        |               13 |             32 |         2.46 |
|  clk_slow            | top/cpu/u_pc/PC_reg[4]_136[0] | btnC_IBUF        |               10 |             32 |         3.20 |
|  clk_slow            | top/cpu/u_pc/PC_reg[4]_102[0] | btnC_IBUF        |               14 |             32 |         2.29 |
|  clk_slow            | top/cpu/u_pc/PC_reg[4]_114[0] | btnC_IBUF        |               11 |             32 |         2.91 |
|  clk_slow            | top/cpu/u_pc/PC_reg[4]_12[0]  | btnC_IBUF        |               14 |             32 |         2.29 |
|  clk_slow            | top/cpu/u_pc/PC_reg[4]_10[0]  | btnC_IBUF        |               12 |             32 |         2.67 |
|  clk_slow            | top/cpu/u_pc/PC_reg[4]_103[0] | btnC_IBUF        |               16 |             32 |         2.00 |
|  clk_slow            | top/cpu/u_pc/PC_reg[4]_1[0]   | btnC_IBUF        |               11 |             32 |         2.91 |
|  clk_slow            | top/cpu/u_pc/PC_reg[4]_104[0] | btnC_IBUF        |               20 |             32 |         1.60 |
|  clk_slow            | top/cpu/u_pc/PC_reg[4]_107[0] | btnC_IBUF        |               17 |             32 |         1.88 |
|  clk_slow            | top/cpu/u_pc/PC_reg[4]_125[0] | btnC_IBUF        |               16 |             32 |         2.00 |
|  clk_slow            | top/cpu/u_pc/PC_reg[4]_130[0] | btnC_IBUF        |               13 |             32 |         2.46 |
|  clk_slow            | top/cpu/u_pc/PC_reg[4]_131[0] | btnC_IBUF        |               13 |             32 |         2.46 |
|  clk_slow            | top/cpu/u_pc/PC_reg[4]_137[0] | btnC_IBUF        |               12 |             32 |         2.67 |
|  clk_slow            | top/cpu/u_pc/PC_reg[4]_134[0] | btnC_IBUF        |               10 |             32 |         3.20 |
|  clk_slow            | top/cpu/u_pc/PC_reg[4]_112[0] | btnC_IBUF        |               14 |             32 |         2.29 |
|  clk_slow            | top/cpu/u_pc/PC_reg[4]_108[0] | btnC_IBUF        |               17 |             32 |         1.88 |
|  clk_slow            | top/cpu/u_pc/PC_reg[4]_106[0] | btnC_IBUF        |               17 |             32 |         1.88 |
|  clk_slow            | top/cpu/u_pc/PC_reg[4]_117[0] | btnC_IBUF        |               13 |             32 |         2.46 |
|  clk_slow            | top/cpu/u_pc/PC_reg[4]_105[0] | btnC_IBUF        |               18 |             32 |         1.78 |
|  clk_slow            | top/cpu/u_pc/PC_reg[4]_110[0] | btnC_IBUF        |               17 |             32 |         1.88 |
|  clk_slow            | top/cpu/u_pc/PC_reg[4]_116[0] | btnC_IBUF        |               10 |             32 |         3.20 |
|  clk_slow            | top/cpu/u_pc/PC_reg[4]_121[0] | btnC_IBUF        |               16 |             32 |         2.00 |
|  clk_slow            | top/cpu/u_pc/PC_reg[4]_133[0] | btnC_IBUF        |               13 |             32 |         2.46 |
|  clk_slow            | top/cpu/u_pc/PC_reg[4]_140[0] | btnC_IBUF        |               14 |             32 |         2.29 |
|  clk_slow            | top/cpu/u_pc/PC_reg[4]_143[0] | btnC_IBUF        |               12 |             32 |         2.67 |
|  clk_slow            | top/cpu/u_pc/PC_reg[4]_128[0] | btnC_IBUF        |               12 |             32 |         2.67 |
|  clk_slow            | top/cpu/u_pc/PC_reg[4]_144[0] | btnC_IBUF        |               15 |             32 |         2.13 |
|  clk_slow            | top/cpu/u_pc/PC_reg[4]_147[0] | btnC_IBUF        |               12 |             32 |         2.67 |
|  clk_slow            | top/cpu/u_pc/PC_reg[4]_148[0] | btnC_IBUF        |               13 |             32 |         2.46 |
|  clk_slow            | top/cpu/u_pc/PC_reg[4]_15[0]  | btnC_IBUF        |               10 |             32 |         3.20 |
|  clk_slow            | top/cpu/u_pc/PC_reg[4]_11[0]  | btnC_IBUF        |               12 |             32 |         2.67 |
|  clk_slow            | top/cpu/u_pc/PC_reg[4]_118[0] | btnC_IBUF        |               15 |             32 |         2.13 |
|  clk_slow            | top/cpu/u_pc/PC_reg[4]_14[0]  | btnC_IBUF        |                8 |             32 |         4.00 |
|  clk_slow            | top/cpu/u_pc/PC_reg[4]_145[0] | btnC_IBUF        |               14 |             32 |         2.29 |
|  clk_slow            | top/cpu/u_pc/PC_reg[4]_150[0] | btnC_IBUF        |               18 |             32 |         1.78 |
|  clk_slow            | top/cpu/u_pc/PC_reg[4]_152[0] | btnC_IBUF        |               17 |             32 |         1.88 |
|  clk_slow            | top/cpu/u_pc/PC_reg[4]_101[0] | btnC_IBUF        |               17 |             32 |         1.88 |
|  clk_slow            | top/cpu/u_pc/PC_reg[4]_174[0] | btnC_IBUF        |               14 |             32 |         2.29 |
|  clk_slow            | top/cpu/u_pc/PC_reg[4]_161[0] | btnC_IBUF        |               12 |             32 |         2.67 |
|  clk_slow            | top/cpu/u_pc/PC_reg[4]_165[0] | btnC_IBUF        |               11 |             32 |         2.91 |
|  clk_slow            | top/cpu/u_pc/PC_reg[4]_173[0] | btnC_IBUF        |               11 |             32 |         2.91 |
|  clk_slow            | top/cpu/u_pc/PC_reg[4]_193[0] | btnC_IBUF        |               13 |             32 |         2.46 |
|  clk_slow            | top/cpu/u_pc/PC_reg[4]_200[0] | btnC_IBUF        |                7 |             32 |         4.57 |
|  clk_slow            | top/cpu/u_pc/PC_reg[4]_155[0] | btnC_IBUF        |               13 |             32 |         2.46 |
|  clk_slow            | top/cpu/u_pc/PC_reg[4]_156[0] | btnC_IBUF        |               15 |             32 |         2.13 |
|  clk_slow            | top/cpu/u_pc/PC_reg[4]_16[0]  | btnC_IBUF        |                8 |             32 |         4.00 |
|  clk_slow            | top/cpu/u_pc/PC_reg[4]_162[0] | btnC_IBUF        |               13 |             32 |         2.46 |
|  clk_slow            | top/cpu/u_pc/PC_reg[4]_160[0] | btnC_IBUF        |               13 |             32 |         2.46 |
|  clk_slow            | top/cpu/u_pc/PC_reg[4]_164[0] | btnC_IBUF        |               11 |             32 |         2.91 |
|  clk_slow            | top/cpu/u_pc/PC_reg[4]_166[0] | btnC_IBUF        |               15 |             32 |         2.13 |
|  clk_slow            | top/cpu/u_pc/PC_reg[4]_168[0] | btnC_IBUF        |               13 |             32 |         2.46 |
|  clk_slow            | top/cpu/u_pc/PC_reg[4]_169[0] | btnC_IBUF        |               14 |             32 |         2.29 |
|  clk_slow            | top/cpu/u_pc/PC_reg[4]_17[0]  | btnC_IBUF        |                8 |             32 |         4.00 |
|  clk_slow            | top/cpu/u_pc/PC_reg[4]_187[0] | btnC_IBUF        |               14 |             32 |         2.29 |
|  clk_slow            | top/cpu/u_pc/PC_reg[4]_188[0] | btnC_IBUF        |               12 |             32 |         2.67 |
|  clk_slow            | top/cpu/u_pc/PC_reg[4]_191[0] | btnC_IBUF        |               13 |             32 |         2.46 |
|  clk_slow            | top/cpu/u_pc/PC_reg[4]_153[0] | btnC_IBUF        |               11 |             32 |         2.91 |
|  clk_slow            | top/cpu/u_pc/PC_reg[4]_178[0] | btnC_IBUF        |                8 |             32 |         4.00 |
|  clk_slow            | top/cpu/u_pc/PC_reg[4]_158[0] | btnC_IBUF        |               13 |             32 |         2.46 |
|  clk_slow            | top/cpu/u_pc/PC_reg[4]_163[0] | btnC_IBUF        |               13 |             32 |         2.46 |
|  clk_slow            | top/cpu/u_pc/PC_reg[4]_197[0] | btnC_IBUF        |               18 |             32 |         1.78 |
|  clk_slow            | top/cpu/u_pc/PC_reg[4]_184[0] | btnC_IBUF        |               12 |             32 |         2.67 |
|  clk_slow            | top/cpu/u_pc/PC_reg[4]_159[0] | btnC_IBUF        |                9 |             32 |         3.56 |
|  clk_slow            | top/cpu/u_pc/PC_reg[4]_176[0] | btnC_IBUF        |                8 |             32 |         4.00 |
|  clk_slow            | top/cpu/u_pc/PC_reg[4]_189[0] | btnC_IBUF        |               14 |             32 |         2.29 |
|  clk_slow            | top/cpu/u_pc/PC_reg[4]_167[0] | btnC_IBUF        |               13 |             32 |         2.46 |
|  clk_slow            | top/cpu/u_pc/PC_reg[4]_172[0] | btnC_IBUF        |               12 |             32 |         2.67 |
|  clk_slow            | top/cpu/u_pc/PC_reg[4]_179[0] | btnC_IBUF        |                9 |             32 |         3.56 |
|  clk_slow            | top/cpu/u_pc/PC_reg[4]_171[0] | btnC_IBUF        |               15 |             32 |         2.13 |
|  clk_slow            | top/cpu/u_pc/PC_reg[4]_180[0] | btnC_IBUF        |               13 |             32 |         2.46 |
|  clk_slow            | top/cpu/u_pc/PC_reg[4]_186[0] | btnC_IBUF        |               16 |             32 |         2.00 |
|  clk_slow            | top/cpu/u_pc/PC_reg[4]_18[0]  | btnC_IBUF        |               10 |             32 |         3.20 |
|  clk_slow            | top/cpu/u_pc/PC_reg[4]_183[0] | btnC_IBUF        |                9 |             32 |         3.56 |
|  clk_slow            | top/cpu/u_pc/PC_reg[4]_198[0] | btnC_IBUF        |               14 |             32 |         2.29 |
|  clk_slow            | top/cpu/u_pc/PC_reg[4]_157[0] | btnC_IBUF        |               12 |             32 |         2.67 |
|  clk_slow            | top/cpu/u_pc/PC_reg[4]_175[0] | btnC_IBUF        |               10 |             32 |         3.20 |
|  clk_slow            | top/cpu/u_pc/PC_reg[4]_182[0] | btnC_IBUF        |               11 |             32 |         2.91 |
|  clk_slow            | top/cpu/u_pc/PC_reg[4]_192[0] | btnC_IBUF        |               13 |             32 |         2.46 |
|  clk_slow            | top/cpu/u_pc/PC_reg[4]_194[0] | btnC_IBUF        |               11 |             32 |         2.91 |
|  clk_slow            | top/cpu/u_pc/PC_reg[4]_201[0] | btnC_IBUF        |               10 |             32 |         3.20 |
|  clk_slow            | top/cpu/u_pc/PC_reg[4]_202[0] | btnC_IBUF        |                8 |             32 |         4.00 |
|  clk_slow            | top/cpu/u_pc/PC_reg[4]_203[0] | btnC_IBUF        |               10 |             32 |         3.20 |
|  clk_slow            | top/cpu/u_pc/PC_reg[4]_204[0] | btnC_IBUF        |                7 |             32 |         4.57 |
|  clk_slow            | top/cpu/u_pc/PC_reg[4]_205[0] | btnC_IBUF        |                7 |             32 |         4.57 |
|  clk_slow            | top/cpu/u_pc/PC_reg[4]_154[0] | btnC_IBUF        |               10 |             32 |         3.20 |
|  clk_slow            | top/cpu/u_pc/PC_reg[4]_190[0] | btnC_IBUF        |               14 |             32 |         2.29 |
|  clk_slow            | top/cpu/u_pc/PC_reg[4]_196[0] | btnC_IBUF        |                9 |             32 |         3.56 |
|  clk_slow            | top/cpu/u_pc/PC_reg[4]_206[0] | btnC_IBUF        |                9 |             32 |         3.56 |
|  clk_slow            | top/cpu/u_pc/PC_reg[4]_207[0] | btnC_IBUF        |                8 |             32 |         4.00 |
|  clk_slow            | top/cpu/u_pc/PC_reg[4]_170[0] | btnC_IBUF        |               15 |             32 |         2.13 |
|  clk_slow            | top/cpu/u_pc/PC_reg[4]_208[0] | btnC_IBUF        |               10 |             32 |         3.20 |
|  clk_slow            | top/cpu/u_pc/PC_reg[4]_209[0] | btnC_IBUF        |               12 |             32 |         2.67 |
|  clk_slow            | top/cpu/u_pc/PC_reg[4]_19[0]  | btnC_IBUF        |               10 |             32 |         3.20 |
|  clk_slow            | top/cpu/u_pc/PC_reg[4]_199[0] | btnC_IBUF        |               12 |             32 |         2.67 |
|  clk_slow            | top/cpu/u_pc/PC_reg[4]_195[0] | btnC_IBUF        |               11 |             32 |         2.91 |
|  clk_slow            | top/cpu/u_pc/PC_reg[4]_181[0] | btnC_IBUF        |               11 |             32 |         2.91 |
|  clk_slow            | top/cpu/u_pc/PC_reg[4]_185[0] | btnC_IBUF        |               11 |             32 |         2.91 |
|  clk_slow            | top/cpu/u_pc/PC_reg[4]_177[0] | btnC_IBUF        |               10 |             32 |         3.20 |
|  clk_slow            | top/cpu/u_pc/PC_reg[4]_2[0]   | btnC_IBUF        |               11 |             32 |         2.91 |
|  clk_slow            | top/cpu/u_pc/PC_reg[4]_20[0]  | btnC_IBUF        |                9 |             32 |         3.56 |
|  clk_slow            | top/cpu/u_pc/PC_reg[4]_21[0]  | btnC_IBUF        |               15 |             32 |         2.13 |
|  clk_slow            | top/cpu/u_pc/PC_reg[4]_268[0] | btnC_IBUF        |               18 |             32 |         1.78 |
|  clk_slow            | top/cpu/u_pc/PC_reg[4]_236[0] | btnC_IBUF        |               13 |             32 |         2.46 |
|  clk_slow            | top/cpu/u_pc/PC_reg[4]_222[0] | btnC_IBUF        |               13 |             32 |         2.46 |
|  clk_slow            | top/cpu/u_pc/PC_reg[4]_232[0] | btnC_IBUF        |               10 |             32 |         3.20 |
|  clk_slow            | top/cpu/u_pc/PC_reg[4]_212[0] | btnC_IBUF        |               14 |             32 |         2.29 |
|  clk_slow            | top/cpu/u_pc/PC_reg[4]_237[0] | btnC_IBUF        |               10 |             32 |         3.20 |
|  clk_slow            | top/cpu/u_pc/PC_reg[4]_247[0] | btnC_IBUF        |               14 |             32 |         2.29 |
|  clk_slow            | top/cpu/u_pc/PC_reg[4]_244[0] | btnC_IBUF        |               13 |             32 |         2.46 |
|  clk_slow            | top/cpu/u_pc/PC_reg[4]_226[0] | btnC_IBUF        |               10 |             32 |         3.20 |
|  clk_slow            | top/cpu/u_pc/PC_reg[4]_235[0] | btnC_IBUF        |               12 |             32 |         2.67 |
|  clk_slow            | top/cpu/u_pc/PC_reg[4]_249[0] | btnC_IBUF        |               14 |             32 |         2.29 |
|  clk_slow            | top/cpu/u_pc/PC_reg[4]_251[0] | btnC_IBUF        |               13 |             32 |         2.46 |
|  clk_slow            | top/cpu/u_pc/PC_reg[4]_227[0] | btnC_IBUF        |               18 |             32 |         1.78 |
|  clk_slow            | top/cpu/u_pc/PC_reg[4]_254[0] | btnC_IBUF        |               17 |             32 |         1.88 |
|  clk_slow            | top/cpu/u_pc/PC_reg[4]_257[0] | btnC_IBUF        |               18 |             32 |         1.78 |
|  clk_slow            | top/cpu/u_pc/PC_reg[4]_259[0] | btnC_IBUF        |               12 |             32 |         2.67 |
|  clk_slow            | top/cpu/u_pc/PC_reg[4]_23[0]  | btnC_IBUF        |               12 |             32 |         2.67 |
|  clk_slow            | top/cpu/u_pc/PC_reg[4]_230[0] | btnC_IBUF        |               13 |             32 |         2.46 |
|  clk_slow            | top/cpu/u_pc/PC_reg[4]_210[0] | btnC_IBUF        |               11 |             32 |         2.91 |
|  clk_slow            | top/cpu/u_pc/PC_reg[4]_24[0]  | btnC_IBUF        |               12 |             32 |         2.67 |
|  clk_slow            | top/cpu/u_pc/PC_reg[4]_217[0] | btnC_IBUF        |               12 |             32 |         2.67 |
|  clk_slow            | top/cpu/u_pc/PC_reg[4]_22[0]  | btnC_IBUF        |               13 |             32 |         2.46 |
|  clk_slow            | top/cpu/u_pc/PC_reg[4]_239[0] | btnC_IBUF        |                9 |             32 |         3.56 |
|  clk_slow            | top/cpu/u_pc/PC_reg[4]_245[0] | btnC_IBUF        |               14 |             32 |         2.29 |
|  clk_slow            | top/cpu/u_pc/PC_reg[4]_223[0] | btnC_IBUF        |               12 |             32 |         2.67 |
|  clk_slow            | top/cpu/u_pc/PC_reg[4]_255[0] | btnC_IBUF        |               16 |             32 |         2.00 |
|  clk_slow            | top/cpu/u_pc/PC_reg[4]_26[0]  | btnC_IBUF        |               15 |             32 |         2.13 |
|  clk_slow            | top/cpu/u_pc/PC_reg[4]_214[0] | btnC_IBUF        |               17 |             32 |         1.88 |
|  clk_slow            | top/cpu/u_pc/PC_reg[4]_228[0] | btnC_IBUF        |               14 |             32 |         2.29 |
|  clk_slow            | top/cpu/u_pc/PC_reg[4]_218[0] | btnC_IBUF        |               15 |             32 |         2.13 |
|  clk_slow            | top/cpu/u_pc/PC_reg[4]_225[0] | btnC_IBUF        |               16 |             32 |         2.00 |
|  clk_slow            | top/cpu/u_pc/PC_reg[4]_240[0] | btnC_IBUF        |               12 |             32 |         2.67 |
|  clk_slow            | top/cpu/u_pc/PC_reg[4]_243[0] | btnC_IBUF        |                9 |             32 |         3.56 |
|  clk_slow            | top/cpu/u_pc/PC_reg[4]_260[0] | btnC_IBUF        |               15 |             32 |         2.13 |
|  clk_slow            | top/cpu/u_pc/PC_reg[4]_219[0] | btnC_IBUF        |               11 |             32 |         2.91 |
|  clk_slow            | top/cpu/u_pc/PC_reg[4]_261[0] | btnC_IBUF        |               13 |             32 |         2.46 |
|  clk_slow            | top/cpu/u_pc/PC_reg[4]_25[0]  | btnC_IBUF        |               10 |             32 |         3.20 |
|  clk_slow            | top/cpu/u_pc/PC_reg[4]_253[0] | btnC_IBUF        |               14 |             32 |         2.29 |
|  clk_slow            | top/cpu/u_pc/PC_reg[4]_215[0] | btnC_IBUF        |               13 |             32 |         2.46 |
|  clk_slow            | top/cpu/u_pc/PC_reg[4]_216[0] | btnC_IBUF        |               11 |             32 |         2.91 |
|  clk_slow            | top/cpu/u_pc/PC_reg[4]_231[0] | btnC_IBUF        |               12 |             32 |         2.67 |
|  clk_slow            | top/cpu/u_pc/PC_reg[4]_233[0] | btnC_IBUF        |               15 |             32 |         2.13 |
|  clk_slow            | top/cpu/u_pc/PC_reg[4]_234[0] | btnC_IBUF        |               14 |             32 |         2.29 |
|  clk_slow            | top/cpu/u_pc/PC_reg[4]_238[0] | btnC_IBUF        |               10 |             32 |         3.20 |
|  clk_slow            | top/cpu/u_pc/PC_reg[4]_242[0] | btnC_IBUF        |               11 |             32 |         2.91 |
|  clk_slow            | top/cpu/u_pc/PC_reg[4]_250[0] | btnC_IBUF        |               11 |             32 |         2.91 |
|  clk_slow            | top/cpu/u_pc/PC_reg[4]_211[0] | btnC_IBUF        |               13 |             32 |         2.46 |
|  clk_slow            | top/cpu/u_pc/PC_reg[4]_246[0] | btnC_IBUF        |               17 |             32 |         1.88 |
|  clk_slow            | top/cpu/u_pc/PC_reg[4]_241[0] | btnC_IBUF        |               12 |             32 |         2.67 |
|  clk_slow            | top/cpu/u_pc/PC_reg[4]_252[0] | btnC_IBUF        |               17 |             32 |         1.88 |
|  clk_slow            | top/cpu/u_pc/PC_reg[4]_213[0] | btnC_IBUF        |               11 |             32 |         2.91 |
|  clk_slow            | top/cpu/u_pc/PC_reg[4]_248[0] | btnC_IBUF        |               12 |             32 |         2.67 |
|  clk_slow            | top/cpu/u_pc/PC_reg[4]_258[0] | btnC_IBUF        |               17 |             32 |         1.88 |
|  clk_slow            | top/cpu/u_pc/PC_reg[4]_262[0] | btnC_IBUF        |               14 |             32 |         2.29 |
|  clk_slow            | top/cpu/u_pc/PC_reg[4]_221[0] | btnC_IBUF        |               14 |             32 |         2.29 |
|  clk_slow            | top/cpu/u_pc/PC_reg[4]_229[0] | btnC_IBUF        |               13 |             32 |         2.46 |
|  clk_slow            | top/cpu/u_pc/PC_reg[4]_263[0] | btnC_IBUF        |               12 |             32 |         2.67 |
|  clk_slow            | top/cpu/u_pc/PC_reg[4]_256[0] | btnC_IBUF        |               13 |             32 |         2.46 |
|  clk_slow            | top/cpu/u_pc/PC_reg[4]_220[0] | btnC_IBUF        |               11 |             32 |         2.91 |
|  clk_slow            | top/cpu/u_pc/PC_reg[4]_224[0] | btnC_IBUF        |               13 |             32 |         2.46 |
|  clk_slow            | top/cpu/u_pc/PC_reg[4]_264[0] | btnC_IBUF        |               12 |             32 |         2.67 |
|  clk_slow            | top/cpu/u_pc/PC_reg[4]_265[0] | btnC_IBUF        |               17 |             32 |         1.88 |
|  clk_slow            | top/cpu/u_pc/PC_reg[4]_266[0] | btnC_IBUF        |               15 |             32 |         2.13 |
|  clk_slow            | top/cpu/u_pc/PC_reg[4]_267[0] | btnC_IBUF        |               17 |             32 |         1.88 |
|  clk_slow            | top/cpu/u_pc/PC_reg[4]_4[0]   | btnC_IBUF        |               12 |             32 |         2.67 |
|  clk_slow            | top/cpu/u_pc/PC_reg[4]_276[0] | btnC_IBUF        |               16 |             32 |         2.00 |
|  clk_slow            | top/cpu/u_pc/PC_reg[4]_30[0]  | btnC_IBUF        |               13 |             32 |         2.46 |
|  clk_slow            | top/cpu/u_pc/PC_reg[4]_43[0]  | btnC_IBUF        |               15 |             32 |         2.13 |
|  clk_slow            | top/cpu/u_pc/PC_reg[4]_291[0] | btnC_IBUF        |               15 |             32 |         2.13 |
|  clk_slow            | top/cpu/u_pc/PC_reg[4]_51[0]  | btnC_IBUF        |               12 |             32 |         2.67 |
|  clk_slow            | top/cpu/u_pc/PC_reg[4]_269[0] | btnC_IBUF        |               14 |             32 |         2.29 |
|  clk_slow            | top/cpu/u_pc/PC_reg[4]_27[0]  | btnC_IBUF        |               17 |             32 |         1.88 |
|  clk_slow            | top/cpu/u_pc/PC_reg[4]_272[0] | btnC_IBUF        |               14 |             32 |         2.29 |
|  clk_slow            | top/cpu/u_pc/PC_reg[4]_298[0] | btnC_IBUF        |                7 |             32 |         4.57 |
|  clk_slow            | top/cpu/u_pc/PC_reg[4]_38[0]  | btnC_IBUF        |               11 |             32 |         2.91 |
|  clk_slow            | top/cpu/u_pc/PC_reg[4]_39[0]  | btnC_IBUF        |               13 |             32 |         2.46 |
|  clk_slow            | top/cpu/u_pc/PC_reg[4]_53[0]  | btnC_IBUF        |               16 |             32 |         2.00 |
|  clk_slow            | top/cpu/u_pc/PC_reg[4]_55[0]  | btnC_IBUF        |               14 |             32 |         2.29 |
|  clk_slow            | top/cpu/u_pc/PC_reg[4]_56[0]  | btnC_IBUF        |               17 |             32 |         1.88 |
|  clk_slow            | top/cpu/u_pc/PC_reg[4]_46[0]  | btnC_IBUF        |               13 |             32 |         2.46 |
|  clk_slow            | top/cpu/u_pc/PC_reg[4]_294[0] | btnC_IBUF        |               13 |             32 |         2.46 |
|  clk_slow            | top/cpu/u_pc/PC_reg[4]_57[0]  | btnC_IBUF        |               13 |             32 |         2.46 |
|  clk_slow            | top/cpu/u_pc/PC_reg[4]_289[0] | btnC_IBUF        |               14 |             32 |         2.29 |
|  clk_slow            | top/cpu/u_pc/PC_reg[4]_279[0] | btnC_IBUF        |               22 |             32 |         1.45 |
|  clk_slow            | top/cpu/u_pc/PC_reg[4]_281[0] | btnC_IBUF        |               15 |             32 |         2.13 |
|  clk_slow            | top/cpu/u_pc/PC_reg[4]_270[0] | btnC_IBUF        |               12 |             32 |         2.67 |
|  clk_slow            | top/cpu/u_pc/PC_reg[4]_277[0] | btnC_IBUF        |               19 |             32 |         1.68 |
|  clk_slow            | top/cpu/u_pc/PC_reg[4]_34[0]  | btnC_IBUF        |               15 |             32 |         2.13 |
|  clk_slow            | top/cpu/u_pc/PC_reg[4]_41[0]  | btnC_IBUF        |                9 |             32 |         3.56 |
|  clk_slow            | top/cpu/u_pc/PC_reg[4]_271[0] | btnC_IBUF        |               16 |             32 |         2.00 |
|  clk_slow            | top/cpu/u_pc/PC_reg[4]_286[0] | btnC_IBUF        |               13 |             32 |         2.46 |
|  clk_slow            | top/cpu/u_pc/PC_reg[4]_273[0] | btnC_IBUF        |               15 |             32 |         2.13 |
|  clk_slow            | top/cpu/u_pc/PC_reg[4]_292[0] | btnC_IBUF        |               14 |             32 |         2.29 |
|  clk_slow            | top/cpu/u_pc/PC_reg[4]_282[0] | btnC_IBUF        |               13 |             32 |         2.46 |
|  clk_slow            | top/cpu/u_pc/PC_reg[4]_287[0] | btnC_IBUF        |               12 |             32 |         2.67 |
|  clk_slow            | top/cpu/u_pc/PC_reg[4]_28[0]  | btnC_IBUF        |               18 |             32 |         1.78 |
|  clk_slow            | top/cpu/u_pc/PC_reg[4]_297[0] | btnC_IBUF        |               10 |             32 |         3.20 |
|  clk_slow            | top/cpu/u_pc/PC_reg[4]_285[0] | btnC_IBUF        |               12 |             32 |         2.67 |
|  clk_slow            | top/cpu/u_pc/PC_reg[4]_283[0] | btnC_IBUF        |               15 |             32 |         2.13 |
|  clk_slow            | top/cpu/u_pc/PC_reg[4]_3[0]   | btnC_IBUF        |               12 |             32 |         2.67 |
|  clk_slow            | top/cpu/u_pc/PC_reg[4]_32[0]  | btnC_IBUF        |               16 |             32 |         2.00 |
|  clk_slow            | top/cpu/u_pc/PC_reg[4]_278[0] | btnC_IBUF        |               17 |             32 |         1.88 |
|  clk_slow            | top/cpu/u_pc/PC_reg[4]_35[0]  | btnC_IBUF        |               11 |             32 |         2.91 |
|  clk_slow            | top/cpu/u_pc/PC_reg[4]_275[0] | btnC_IBUF        |               15 |             32 |         2.13 |
|  clk_slow            | top/cpu/u_pc/PC_reg[4]_280[0] | btnC_IBUF        |               13 |             32 |         2.46 |
|  clk_slow            | top/cpu/u_pc/PC_reg[4]_31[0]  | btnC_IBUF        |               13 |             32 |         2.46 |
|  clk_slow            | top/cpu/u_pc/PC_reg[4]_37[0]  | btnC_IBUF        |               15 |             32 |         2.13 |
|  clk_slow            | top/cpu/u_pc/PC_reg[4]_274[0] | btnC_IBUF        |               12 |             32 |         2.67 |
|  clk_slow            | top/cpu/u_pc/PC_reg[4]_42[0]  | btnC_IBUF        |               16 |             32 |         2.00 |
|  clk_slow            | top/cpu/u_pc/PC_reg[4]_288[0] | btnC_IBUF        |               14 |             32 |         2.29 |
|  clk_slow            | top/cpu/u_pc/PC_reg[4]_29[0]  | btnC_IBUF        |               10 |             32 |         3.20 |
|  clk_slow            | top/cpu/u_pc/PC_reg[4]_44[0]  | btnC_IBUF        |               14 |             32 |         2.29 |
|  clk_slow            | top/cpu/u_pc/PC_reg[4]_295[0] | btnC_IBUF        |               14 |             32 |         2.29 |
|  clk_slow            | top/cpu/u_pc/PC_reg[4]_45[0]  | btnC_IBUF        |               15 |             32 |         2.13 |
|  clk_slow            | top/cpu/u_pc/PC_reg[4]_47[0]  | btnC_IBUF        |               17 |             32 |         1.88 |
|  clk_slow            | top/cpu/u_pc/PC_reg[4]_33[0]  | btnC_IBUF        |               16 |             32 |         2.00 |
|  clk_slow            | top/cpu/u_pc/PC_reg[4]_49[0]  | btnC_IBUF        |               13 |             32 |         2.46 |
|  clk_slow            | top/cpu/u_pc/PC_reg[4]_5[0]   | btnC_IBUF        |                9 |             32 |         3.56 |
|  clk_slow            | top/cpu/u_pc/PC_reg[4]_48[0]  | btnC_IBUF        |               16 |             32 |         2.00 |
|  clk_slow            | top/cpu/u_pc/PC_reg[4]_293[0] | btnC_IBUF        |               14 |             32 |         2.29 |
|  clk_slow            | top/cpu/u_pc/PC_reg[4]_50[0]  | btnC_IBUF        |                9 |             32 |         3.56 |
|  clk_slow            | top/cpu/u_pc/PC_reg[4]_290[0] | btnC_IBUF        |               15 |             32 |         2.13 |
|  clk_slow            | top/cpu/u_pc/PC_reg[4]_36[0]  | btnC_IBUF        |               13 |             32 |         2.46 |
|  clk_slow            | top/cpu/u_pc/PC_reg[4]_52[0]  | btnC_IBUF        |                9 |             32 |         3.56 |
|  clk_slow            | top/cpu/u_pc/PC_reg[4]_40[0]  | btnC_IBUF        |               12 |             32 |         2.67 |
|  clk_slow            | top/cpu/u_pc/PC_reg[4]_54[0]  | btnC_IBUF        |               14 |             32 |         2.29 |
|  clk_slow            | top/cpu/u_pc/PC_reg[4]_296[0] | btnC_IBUF        |                7 |             32 |         4.57 |
|  clk_slow            | top/cpu/u_pc/PC_reg[4]_284[0] | btnC_IBUF        |                8 |             32 |         4.00 |
|  clk_slow            | top/cpu/u_pc/PC_reg[4]_67[0]  | btnC_IBUF        |               17 |             32 |         1.88 |
|  clk_slow            | top/cpu/u_pc/PC_reg[4]_69[0]  | btnC_IBUF        |               17 |             32 |         1.88 |
|  clk_slow            | top/cpu/u_pc/PC_reg[4]_77[0]  | btnC_IBUF        |               20 |             32 |         1.60 |
|  clk_slow            | top/cpu/u_pc/PC_reg[4]_94[0]  | btnC_IBUF        |               15 |             32 |         2.13 |
|  clk_slow            | top/cpu/u_pc/PC_reg[5]_102[0] | btnC_IBUF        |               14 |             32 |         2.29 |
|  clk_slow            | top/cpu/u_pc/PC_reg[5]_107[0] | btnC_IBUF        |                9 |             32 |         3.56 |
|  clk_slow            | top/cpu/u_pc/PC_reg[4]_58[0]  | btnC_IBUF        |               17 |             32 |         1.88 |
|  clk_slow            | top/cpu/u_pc/PC_reg[4]_90[0]  | btnC_IBUF        |               11 |             32 |         2.91 |
|  clk_slow            | top/cpu/u_pc/PC_reg[4]_91[0]  | btnC_IBUF        |               10 |             32 |         3.20 |
|  clk_slow            | top/cpu/u_pc/PC_reg[4]_83[0]  | btnC_IBUF        |               11 |             32 |         2.91 |
|  clk_slow            | top/cpu/u_pc/PC_reg[5]_108[0] | btnC_IBUF        |                8 |             32 |         4.00 |
|  clk_slow            | top/cpu/u_pc/PC_reg[5]_109[0] | btnC_IBUF        |               10 |             32 |         3.20 |
|  clk_slow            | top/cpu/u_pc/PC_reg[4]_75[0]  | btnC_IBUF        |                9 |             32 |         3.56 |
|  clk_slow            | top/cpu/u_pc/PC_reg[5]_11[0]  | btnC_IBUF        |               14 |             32 |         2.29 |
|  clk_slow            | top/cpu/u_pc/PC_reg[4]_89[0]  | btnC_IBUF        |               13 |             32 |         2.46 |
|  clk_slow            | top/cpu/u_pc/PC_reg[5]_111[0] | btnC_IBUF        |               12 |             32 |         2.67 |
|  clk_slow            | top/cpu/u_pc/PC_reg[5]_100[0] | btnC_IBUF        |               13 |             32 |         2.46 |
|  clk_slow            | top/cpu/u_pc/PC_reg[5]_112[0] | btnC_IBUF        |               12 |             32 |         2.67 |
|  clk_slow            | top/cpu/u_pc/PC_reg[5]_113[0] | btnC_IBUF        |                8 |             32 |         4.00 |
|  clk_slow            | top/cpu/u_pc/PC_reg[4]_81[0]  | btnC_IBUF        |               11 |             32 |         2.91 |
|  clk_slow            | top/cpu/u_pc/PC_reg[4]_64[0]  | btnC_IBUF        |               10 |             32 |         3.20 |
|  clk_slow            | top/cpu/u_pc/PC_reg[4]_63[0]  | btnC_IBUF        |               14 |             32 |         2.29 |
|  clk_slow            | top/cpu/u_pc/PC_reg[4]_72[0]  | btnC_IBUF        |               13 |             32 |         2.46 |
|  clk_slow            | top/cpu/u_pc/PC_reg[4]_99[0]  | btnC_IBUF        |               12 |             32 |         2.67 |
|  clk_slow            | top/cpu/u_pc/PC_reg[4]_80[0]  | btnC_IBUF        |               14 |             32 |         2.29 |
|  clk_slow            | top/cpu/u_pc/PC_reg[4]_70[0]  | btnC_IBUF        |               10 |             32 |         3.20 |
|  clk_slow            | top/cpu/u_pc/PC_reg[4]_68[0]  | btnC_IBUF        |               18 |             32 |         1.78 |
|  clk_slow            | top/cpu/u_pc/PC_reg[4]_76[0]  | btnC_IBUF        |               16 |             32 |         2.00 |
|  clk_slow            | top/cpu/u_pc/PC_reg[4]_88[0]  | btnC_IBUF        |               17 |             32 |         1.88 |
|  clk_slow            | top/cpu/u_pc/PC_reg[4]_96[0]  | btnC_IBUF        |               13 |             32 |         2.46 |
|  clk_slow            | top/cpu/u_pc/PC_reg[4]_97[0]  | btnC_IBUF        |               12 |             32 |         2.67 |
|  clk_slow            | top/cpu/u_pc/PC_reg[4]_61[0]  | btnC_IBUF        |               17 |             32 |         1.88 |
|  clk_slow            | top/cpu/u_pc/PC_reg[4]_74[0]  | btnC_IBUF        |               11 |             32 |         2.91 |
|  clk_slow            | top/cpu/u_pc/PC_reg[4]_79[0]  | btnC_IBUF        |               16 |             32 |         2.00 |
|  clk_slow            | top/cpu/u_pc/PC_reg[4]_59[0]  | btnC_IBUF        |               13 |             32 |         2.46 |
|  clk_slow            | top/cpu/u_pc/PC_reg[4]_84[0]  | btnC_IBUF        |               11 |             32 |         2.91 |
|  clk_slow            | top/cpu/u_pc/PC_reg[4]_92[0]  | btnC_IBUF        |               18 |             32 |         1.78 |
|  clk_slow            | top/cpu/u_pc/PC_reg[4]_95[0]  | btnC_IBUF        |               12 |             32 |         2.67 |
|  clk_slow            | top/cpu/u_pc/PC_reg[4]_98[0]  | btnC_IBUF        |               11 |             32 |         2.91 |
|  clk_slow            | top/cpu/u_pc/PC_reg[4]_66[0]  | btnC_IBUF        |               14 |             32 |         2.29 |
|  clk_slow            | top/cpu/u_pc/PC_reg[4]_60[0]  | btnC_IBUF        |               20 |             32 |         1.60 |
|  clk_slow            | top/cpu/u_pc/PC_reg[4]_7[0]   | btnC_IBUF        |               15 |             32 |         2.13 |
|  clk_slow            | top/cpu/u_pc/PC_reg[4]_9[0]   | btnC_IBUF        |               13 |             32 |         2.46 |
|  clk_slow            | top/cpu/u_pc/PC_reg[4]_6[0]   | btnC_IBUF        |               14 |             32 |         2.29 |
|  clk_slow            | top/cpu/u_pc/PC_reg[4]_93[0]  | btnC_IBUF        |               15 |             32 |         2.13 |
|  clk_slow            | top/cpu/u_pc/PC_reg[4]_82[0]  | btnC_IBUF        |               11 |             32 |         2.91 |
|  clk_slow            | top/cpu/u_pc/PC_reg[4]_65[0]  | btnC_IBUF        |               13 |             32 |         2.46 |
|  clk_slow            | top/cpu/u_pc/PC_reg[4]_73[0]  | btnC_IBUF        |               15 |             32 |         2.13 |
|  clk_slow            | top/cpu/u_pc/PC_reg[4]_71[0]  | btnC_IBUF        |               12 |             32 |         2.67 |
|  clk_slow            | top/cpu/u_pc/PC_reg[4]_8[0]   | btnC_IBUF        |               11 |             32 |         2.91 |
|  clk_slow            | top/cpu/u_pc/PC_reg[4]_85[0]  | btnC_IBUF        |               11 |             32 |         2.91 |
|  clk_slow            | top/cpu/u_pc/PC_reg[4]_86[0]  | btnC_IBUF        |               12 |             32 |         2.67 |
|  clk_slow            | top/cpu/u_pc/PC_reg[5]_101[0] | btnC_IBUF        |               15 |             32 |         2.13 |
|  clk_slow            | top/cpu/u_pc/PC_reg[5]_103[0] | btnC_IBUF        |               12 |             32 |         2.67 |
|  clk_slow            | top/cpu/u_pc/PC_reg[4]_78[0]  | btnC_IBUF        |               16 |             32 |         2.00 |
|  clk_slow            | top/cpu/u_pc/PC_reg[5]_104[0] | btnC_IBUF        |               13 |             32 |         2.46 |
|  clk_slow            | top/cpu/u_pc/PC_reg[5]_105[0] | btnC_IBUF        |                9 |             32 |         3.56 |
|  clk_slow            | top/cpu/u_pc/PC_reg[5]_106[0] | btnC_IBUF        |               12 |             32 |         2.67 |
|  clk_slow            | top/cpu/u_pc/PC_reg[4]_87[0]  | btnC_IBUF        |               14 |             32 |         2.29 |
|  clk_slow            | top/cpu/u_pc/PC_reg[4]_62[0]  | btnC_IBUF        |               16 |             32 |         2.00 |
|  clk_slow            | top/cpu/u_pc/PC_reg[5]_144[0] | btnC_IBUF        |               16 |             32 |         2.00 |
|  clk_slow            | top/cpu/u_pc/PC_reg[5]_139[0] | btnC_IBUF        |               12 |             32 |         2.67 |
|  clk_slow            | top/cpu/u_pc/PC_reg[5]_114[0] | btnC_IBUF        |               10 |             32 |         3.20 |
|  clk_slow            | top/cpu/u_pc/PC_reg[5]_14[0]  | btnC_IBUF        |               11 |             32 |         2.91 |
|  clk_slow            | top/cpu/u_pc/PC_reg[5]_126[0] | btnC_IBUF        |                9 |             32 |         3.56 |
|  clk_slow            | top/cpu/u_pc/PC_reg[5]_147[0] | btnC_IBUF        |               15 |             32 |         2.13 |
|  clk_slow            | top/cpu/u_pc/PC_reg[5]_150[0] | btnC_IBUF        |               18 |             32 |         1.78 |
|  clk_slow            | top/cpu/u_pc/PC_reg[5]_120[0] | btnC_IBUF        |               17 |             32 |         1.88 |
|  clk_slow            | top/cpu/u_pc/PC_reg[5]_153[0] | btnC_IBUF        |               14 |             32 |         2.29 |
|  clk_slow            | top/cpu/u_pc/PC_reg[5]_137[0] | btnC_IBUF        |               15 |             32 |         2.13 |
|  clk_slow            | top/cpu/u_pc/PC_reg[5]_146[0] | btnC_IBUF        |               14 |             32 |         2.29 |
|  clk_slow            | top/cpu/u_pc/PC_reg[5]_161[0] | btnC_IBUF        |               10 |             32 |         3.20 |
|  clk_slow            | top/cpu/u_pc/PC_reg[5]_164[0] | btnC_IBUF        |               14 |             32 |         2.29 |
|  clk_slow            | top/cpu/u_pc/PC_reg[5]_157[0] | btnC_IBUF        |               14 |             32 |         2.29 |
|  clk_slow            | top/cpu/u_pc/PC_reg[5]_168[0] | btnC_IBUF        |               11 |             32 |         2.91 |
|  clk_slow            | top/cpu/u_pc/PC_reg[5]_175[0] | btnC_IBUF        |                8 |             32 |         4.00 |
|  clk_slow            | top/cpu/u_pc/PC_reg[5]_116[0] | btnC_IBUF        |                8 |             32 |         4.00 |
|  clk_slow            | top/cpu/u_pc/PC_reg[5]_156[0] | btnC_IBUF        |               15 |             32 |         2.13 |
|  clk_slow            | top/cpu/u_pc/PC_reg[5]_122[0] | btnC_IBUF        |               14 |             32 |         2.29 |
|  clk_slow            | top/cpu/u_pc/PC_reg[5]_152[0] | btnC_IBUF        |               15 |             32 |         2.13 |
|  clk_slow            | top/cpu/u_pc/PC_reg[5]_149[0] | btnC_IBUF        |               17 |             32 |         1.88 |
|  clk_slow            | top/cpu/u_pc/PC_reg[5]_115[0] | btnC_IBUF        |                9 |             32 |         3.56 |
|  clk_slow            | top/cpu/u_pc/PC_reg[5]_132[0] | btnC_IBUF        |               11 |             32 |         2.91 |
|  clk_slow            | top/cpu/u_pc/PC_reg[5]_133[0] | btnC_IBUF        |               13 |             32 |         2.46 |
|  clk_slow            | top/cpu/u_pc/PC_reg[5]_141[0] | btnC_IBUF        |               15 |             32 |         2.13 |
|  clk_slow            | top/cpu/u_pc/PC_reg[5]_119[0] | btnC_IBUF        |               12 |             32 |         2.67 |
|  clk_slow            | top/cpu/u_pc/PC_reg[5]_142[0] | btnC_IBUF        |               16 |             32 |         2.00 |
|  clk_slow            | top/cpu/u_pc/PC_reg[5]_128[0] | btnC_IBUF        |                8 |             32 |         4.00 |
|  clk_slow            | top/cpu/u_pc/PC_reg[5]_16[0]  | btnC_IBUF        |               12 |             32 |         2.67 |
|  clk_slow            | top/cpu/u_pc/PC_reg[5]_167[0] | btnC_IBUF        |                8 |             32 |         4.00 |
|  clk_slow            | top/cpu/u_pc/PC_reg[5]_12[0]  | btnC_IBUF        |               12 |             32 |         2.67 |
|  clk_slow            | top/cpu/u_pc/PC_reg[5]_118[0] | btnC_IBUF        |               13 |             32 |         2.46 |
|  clk_slow            | top/cpu/u_pc/PC_reg[5]_162[0] | btnC_IBUF        |                9 |             32 |         3.56 |
|  clk_slow            | top/cpu/u_pc/PC_reg[5]_135[0] | btnC_IBUF        |               12 |             32 |         2.67 |
|  clk_slow            | top/cpu/u_pc/PC_reg[5]_145[0] | btnC_IBUF        |               15 |             32 |         2.13 |
|  clk_slow            | top/cpu/u_pc/PC_reg[5]_151[0] | btnC_IBUF        |               16 |             32 |         2.00 |
|  clk_slow            | top/cpu/u_pc/PC_reg[5]_155[0] | btnC_IBUF        |                8 |             32 |         4.00 |
|  clk_slow            | top/cpu/u_pc/PC_reg[5]_159[0] | btnC_IBUF        |                9 |             32 |         3.56 |
|  clk_slow            | top/cpu/u_pc/PC_reg[5]_117[0] | btnC_IBUF        |               10 |             32 |         3.20 |
|  clk_slow            | top/cpu/u_pc/PC_reg[5]_129[0] | btnC_IBUF        |               10 |             32 |         3.20 |
|  clk_slow            | top/cpu/u_pc/PC_reg[5]_130[0] | btnC_IBUF        |                8 |             32 |         4.00 |
|  clk_slow            | top/cpu/u_pc/PC_reg[5]_136[0] | btnC_IBUF        |               18 |             32 |         1.78 |
|  clk_slow            | top/cpu/u_pc/PC_reg[5]_154[0] | btnC_IBUF        |               13 |             32 |         2.46 |
|  clk_slow            | top/cpu/u_pc/PC_reg[5]_160[0] | btnC_IBUF        |                8 |             32 |         4.00 |
|  clk_slow            | top/cpu/u_pc/PC_reg[5]_166[0] | btnC_IBUF        |                8 |             32 |         4.00 |
|  clk_slow            | top/cpu/u_pc/PC_reg[5]_170[0] | btnC_IBUF        |               11 |             32 |         2.91 |
|  clk_slow            | top/cpu/u_pc/PC_reg[5]_124[0] | btnC_IBUF        |                8 |             32 |         4.00 |
|  clk_slow            | top/cpu/u_pc/PC_reg[5]_131[0] | btnC_IBUF        |                8 |             32 |         4.00 |
|  clk_slow            | top/cpu/u_pc/PC_reg[5]_158[0] | btnC_IBUF        |               11 |             32 |         2.91 |
|  clk_slow            | top/cpu/u_pc/PC_reg[5]_176[0] | btnC_IBUF        |               10 |             32 |         3.20 |
|  clk_slow            | top/cpu/u_pc/PC_reg[5]_127[0] | btnC_IBUF        |               10 |             32 |         3.20 |
|  clk_slow            | top/cpu/u_pc/PC_reg[5]_177[0] | btnC_IBUF        |                9 |             32 |         3.56 |
|  clk_slow            | top/cpu/u_pc/PC_reg[5]_140[0] | btnC_IBUF        |               11 |             32 |         2.91 |
|  clk_slow            | top/cpu/u_pc/PC_reg[5]_148[0] | btnC_IBUF        |               12 |             32 |         2.67 |
|  clk_slow            | top/cpu/u_pc/PC_reg[5]_165[0] | btnC_IBUF        |               10 |             32 |         3.20 |
|  clk_slow            | top/cpu/u_pc/PC_reg[5]_169[0] | btnC_IBUF        |                8 |             32 |         4.00 |
|  clk_slow            | top/cpu/u_pc/PC_reg[5]_163[0] | btnC_IBUF        |               12 |             32 |         2.67 |
|  clk_slow            | top/cpu/u_pc/PC_reg[5]_178[0] | btnC_IBUF        |               20 |             32 |         1.60 |
|  clk_slow            | top/cpu/u_pc/PC_reg[5]_179[0] | btnC_IBUF        |               21 |             32 |         1.52 |
|  clk_slow            | top/cpu/u_pc/PC_reg[5]_171[0] | btnC_IBUF        |               10 |             32 |         3.20 |
|  clk_slow            | top/cpu/u_pc/PC_reg[5]_18[0]  | btnC_IBUF        |               13 |             32 |         2.46 |
|  clk_slow            | top/cpu/u_pc/PC_reg[5]_180[0] | btnC_IBUF        |               13 |             32 |         2.46 |
|  clk_slow            | top/cpu/u_pc/PC_reg[5]_181[0] | btnC_IBUF        |               13 |             32 |         2.46 |
|  clk_slow            | top/cpu/u_pc/PC_reg[5]_134[0] | btnC_IBUF        |               14 |             32 |         2.29 |
|  clk_slow            | top/cpu/u_pc/PC_reg[5]_187[0] | btnC_IBUF        |               15 |             32 |         2.13 |
|  clk_slow            | top/cpu/u_pc/PC_reg[5]_192[0] | btnC_IBUF        |               10 |             32 |         3.20 |
|  clk_slow            | top/cpu/u_pc/PC_reg[5]_197[0] | btnC_IBUF        |               15 |             32 |         2.13 |
|  clk_slow            | top/cpu/u_pc/PC_reg[5]_199[0] | btnC_IBUF        |                8 |             32 |         4.00 |
|  clk_slow            | top/cpu/u_pc/PC_reg[5]_20[0]  | btnC_IBUF        |               14 |             32 |         2.29 |
|  clk_slow            | top/cpu/u_pc/PC_reg[5]_200[0] | btnC_IBUF        |                9 |             32 |         3.56 |
|  clk_slow            | top/cpu/u_pc/PC_reg[5]_184[0] | btnC_IBUF        |               10 |             32 |         3.20 |
|  clk_slow            | top/cpu/u_pc/PC_reg[5]_201[0] | btnC_IBUF        |               10 |             32 |         3.20 |
|  clk_slow            | top/cpu/u_pc/PC_reg[5]_195[0] | btnC_IBUF        |               10 |             32 |         3.20 |
|  clk_slow            | top/cpu/u_pc/PC_reg[5]_185[0] | btnC_IBUF        |                9 |             32 |         3.56 |
|  clk_slow            | top/cpu/u_pc/PC_reg[5]_189[0] | btnC_IBUF        |               11 |             32 |         2.91 |
|  clk_slow            | top/cpu/u_pc/PC_reg[5]_186[0] | btnC_IBUF        |               14 |             32 |         2.29 |
|  clk_slow            | top/cpu/u_pc/PC_reg[5]_188[0] | btnC_IBUF        |               14 |             32 |         2.29 |
|  clk_slow            | top/cpu/u_pc/PC_reg[5]_193[0] | btnC_IBUF        |               12 |             32 |         2.67 |
|  clk_slow            | top/cpu/u_pc/PC_reg[5]_194[0] | btnC_IBUF        |               11 |             32 |         2.91 |
|  clk_slow            | top/cpu/u_pc/PC_reg[5]_196[0] | btnC_IBUF        |               20 |             32 |         1.60 |
|  clk_slow            | top/cpu/u_pc/PC_reg[5]_198[0] | btnC_IBUF        |                8 |             32 |         4.00 |
|  clk_slow            | top/cpu/u_pc/PC_reg[5]_190[0] | btnC_IBUF        |               10 |             32 |         3.20 |
|  clk_slow            | top/cpu/u_pc/PC_reg[5]_191[0] | btnC_IBUF        |               10 |             32 |         3.20 |
|  clk_slow            | top/cpu/u_pc/PC_reg[5]_182[0] | btnC_IBUF        |               10 |             32 |         3.20 |
|  CLK100MHZ_IBUF_BUFG |                               | btnC_IBUF        |                9 |             47 |         5.22 |
+----------------------+-------------------------------+------------------+------------------+----------------+--------------+


