#-----------------------------------------------------------
# Webtalk v2020.1 (64-bit)
# SW Build 2902540 on Wed May 27 19:54:49 MDT 2020
# IP Build 2902112 on Wed May 27 22:43:36 MDT 2020
# Start of session at: Wed Apr 29 23:42:26 2026
# Process ID: 4708
# Current directory: C:/Users/Student/Downloads/CA project/SingleCycleRiscV/Project_Submission/task_A/project_1/project_1.sim/sim_1/behav/xsim
# Command line: wbtcv.exe -mode batch -source C:/Users/Student/Downloads/CA project/SingleCycleRiscV/Project_Submission/task_A/project_1/project_1.sim/sim_1/behav/xsim/xsim.dir/task_a_fpga_top_behav/webtalk/xsim_webtalk.tcl -notrace
# Log file: C:/Users/Student/Downloads/CA project/SingleCycleRiscV/Project_Submission/task_A/project_1/project_1.sim/sim_1/behav/xsim/webtalk.log
# Journal file: C:/Users/Student/Downloads/CA project/SingleCycleRiscV/Project_Submission/task_A/project_1/project_1.sim/sim_1/behav/xsim\webtalk.jou
#-----------------------------------------------------------
source C:/Users/Student/Downloads/CA -notrace
